2 browser_actions_context_menu_row.xml 5 Layout { ImageView TextView }
2 design_bottom_navigation_item.xml 9 Layout { ImageView Layout { TextView TextView } }
2 design_navigation_item_subheader.xml 1 TextView
2 design_navigation_menu_item.xml 1 CheckBox
2 item_answer.xml 18 Layout { TextView Layout { ImageView TextView TextView TextView ImageView } TextView Layout { TextView TextView } }
2 item_answer_easy.xml 13 Layout { Layout { ImageView TextView TextView TextView } ImageView TextView TextView }
2 item_answer_simple.xml 20 Layout { Layout { TextView ImageView TextView } TextView Layout { ImageView TextView Layout { TextView ImageView } } }
2 item_answer_simplified_approved.xml 12 Layout { Layout { ImageView TextView TextView TextView } TextView TextView }
2 item_answer_simplified_not_approved.xml 17 Layout { Layout { ImageView TextView TextView TextView ImageView } Layout { ImageView ImageView } TextView }
2 item_attachment.xml 6 Layout { ImageView ImageView TextView }
2 item_avatar_picker_list.xml 1 ImageView
2 item_chat.xml 21 Layout { Layout { ImageView TextView TextView TextView } Layout { TextView Layout { ImageView TextView TextView ImageView } } }
2 item_chat_community_sift_warning.xml 7 Layout { ImageView TextView TextView ImageView }
2 item_chat_my_comment.xml 21 Layout { Layout { TextView TextView TextView ImageView } Layout { TextView Layout { ImageView TextView TextView ImageView } } }
2 item_conversation.xml 10 Layout { ImageView Layout { TextView TextView } TextView }
2 item_country.xml 1 TextView
2 item_debug_abtest_setting.xml 10 Layout { Layout { TextView TextView } Switch TextView }
2 item_debug_action.xml 5 Layout { ImageView TextView }
2 item_feed.xml 11 Layout { Layout { ImageView ImageView } TextView TextView TextView }
2 item_feed_answerer_comment.xml 11 Layout { Layout { ImageView TextView TextView TextView } TextView }
2 item_feed_fallback.xml 9 Layout { ImageView Layout { TextView TextView } }
2 item_follow.xml 9 Layout { ImageView Layout { TextView TextView } }
2 item_gallery_camera.xml 5 Layout { ImageView TextView }
2 item_gallery_draw.xml 5 Layout { ImageView TextView }
2 item_great_job.xml 16 Layout { Layout { ImageView Layout { TextView TextView TextView } TextView } ImageView TextView }
2 item_invite.xml 5 Layout { TextView ImageView }
2 item_key.xml 1 TextView
2 item_key_delete.xml 1 ImageView
2 item_key_icon.xml 1 ImageView
2 item_live_stream_fragment_question.xml 14 Layout { Layout { ImageView TextView Layout { ImageView TextView } } TextView }
2 item_live_stream_question.xml 14 Layout { Layout { ImageView TextView Layout { ImageView TextView } } TextView }
2 item_market.xml 5 Layout { TextView TextView }
2 item_notification.xml 13 Layout { ImageView Layout { TextView Layout { ImageView TextView } } }
2 item_notification_setting.xml 9 Layout { Layout { TextView TextView } Switch }
2 item_picker_selectable.xml 5 Layout { ImageView TextView }
2 item_points_explanation.xml 6 Layout { ImageView TextView TextView }
2 item_presence.xml 5 Layout { ImageView ImageView }
2 item_presence_small.xml 1 ImageView
2 item_profile_ranks.xml 1 ImageView
2 item_profile_subjects_stats.xml 7 Layout { ImageView ImageView TextView TextView }
2 item_profile_subjects_stats_horizontal.xml 9 Layout { ImageView Layout { TextView TextView } }
2 item_profile_subjects_stats_short.xml 6 Layout { ImageView TextView TextView }
2 item_question_list.xml 10 Layout { TextView TextView Layout { ImageView TextView } }
2 item_ranking.xml 7 Layout { TextView ImageView TextView TextView }
2 item_ranking_first.xml 7 Layout { ImageView TextView TextView TextView }
2 item_ranking_subject.xml 1 TextView
2 item_ranking_top.xml 7 Layout { ImageView TextView TextView TextView }
2 item_ranking_user.xml 6 Layout { ImageView TextView TextView }
2 item_ranks_list.xml 5 Layout { ImageView TextView }
2 item_rating.xml 36 Layout { Layout { TextView EditText Layout { TextView TextView } } Layout { TextView Layout { TextView TextView } } Layout { TextView ImageView ImageView ImageView ImageView ImageView } Layout { TextView TextView } }
2 item_sample_questions.xml 5 Layout { ImageView TextView }
2 item_search_user.xml 5 Layout { ImageView TextView }
2 item_search_verified_results.xml 5 Layout { ImageView TextView }
2 item_settings.xml 5 Layout { ImageView TextView }
2 item_stream.xml 14 Layout { Layout { TextView TextView } TextView Layout { ImageView TextView } }
2 item_stream_easy_question.xml 19 Layout { Layout { TextView ImageView } Layout { TextView TextView } TextView Layout { ImageView TextView } }
2 item_task_not_what_user_was_looking_for.xml 1 TextView
2 item_thanker.xml 5 Layout { ImageView TextView }
2 item_thanker_anonymous.xml 5 Layout { ImageView TextView }
2 item_year.xml 1 TextView
2 karma_avatar_item.xml 1 ImageView
2 profile_item.xml 10 Layout { ImageView Layout { TextView TextView } TextView }
2 profile_item_invite.xml 6 Layout { ImageView TextView TextView }
2 view_ocr_result_card.xml 18 Layout { Layout { Layout { ImageView TextView } TextView } TextView Layout { TextView TextView } }
1 activity_rank_dialog.xml 18 Layout { Layout { ImageView Layout { TextView TextView TextView } } Layout { TextView TextView } }
1 activity_splash.xml 17 Layout { ImageView Layout { ImageView ImageView ImageView ImageView } ImageView Layout { TextView TextView } }
1 com_facebook_device_auth_dialog_fragment.xml 10 Layout { Layout { ImageView TextView } TextView Button }
1 com_facebook_smart_device_dialog_fragment.xml 12 Layout { Layout { ImageView TextView } TextView TextView TextView Button }
1 fragment_answer.xml 10 Layout { Layout { ImageView TextView } ImageView EditText }
1 fragment_answer_on_demand.xml 22 Layout { Layout { ImageView TextView } ImageView TextView TextView ImageView TextView TextView TextView Layout { TextView TextView TextView } TextView }
1 fragment_answer_pager.xml 18 Layout { Layout { Layout { Layout { ImageView TextView } ImageView EditText } ImageView } TextView }
1 fragment_ask.xml 15 Layout { Layout { ImageView ImageView TextView TextView } Layout { ImageView EditText } }
1 fragment_avatar_picker.xml 32 Layout { Layout { TextView TextView } Layout { Layout { ImageView ImageView TextView TextView TextView Layout { ImageView ImageView } TextView Layout { List List List } } TextView } }
1 fragment_ban_tutorial.xml 22 Layout { Layout { TextView TextView TextView } Layout { TextView TextView TextView } Layout { TextView TextView TextView TextView } }
1 fragment_camera_live.xml 5 Layout { TextView TextView }
1 fragment_consents_webview.xml 5 Layout { ImageView TextView }
1 fragment_conversation.xml 16 Layout { Layout { ImageView ImageView TextView ImageView } List Layout { EditText TextView } }
1 fragment_conversations.xml 5 Layout { TextView ImageView }
1 fragment_country_picker.xml 1 List
1 fragment_easy_question.xml 22 Layout { Layout { ImageView Layout { TextView TextView } } Layout { Layout { TextView TextView TextView } TextView } }
1 fragment_edit_answer.xml 18 Layout { Layout { ImageView TextView } Layout { ImageView Layout { TextView TextView } } EditText }
1 fragment_edit_question.xml 20 Layout { Layout { ImageView ImageView Layout { TextView Layout { TextView TextView TextView } } ImageView } EditText }
1 fragment_edit_subscription.xml 24 Layout { Layout { ImageView Layout { TextView TextView } Layout { TextView TextView } TextView } Layout { ImageView TextView TextView } }
1 fragment_finger_paint.xml 9 Layout { ImageView Layout { TextView ImageView } }
1 fragment_influencers.xml 19 Layout { Layout { ImageView ImageView ImageView } Layout { TextView List } Layout { ImageView TextView } }
1 fragment_invite.xml 13 Layout { Layout { ImageView TextView } Layout { ImageView TextView } }
1 fragment_legacy_edit_answer.xml 18 Layout { Layout { ImageView TextView } Layout { ImageView Layout { TextView TextView } } EditText }
1 fragment_legacy_ranking.xml 5 Layout { ImageView TextView }
1 fragment_live_answer_observe.xml 26 Layout { Layout { ImageView ImageView Layout { TextView Layout { TextView TextView TextView } } ImageView } Layout { ImageView TextView } Button Button }
1 fragment_live_feed.xml 1 ImageView
1 fragment_login.xml 42 Layout { ImageView Layout { TextView Layout { Layout { TextView TextView } ImageView } TextView TextView EditText Layout { EditText ImageView } Layout { TextView TextView } Layout { TextView TextView TextView TextView } Layout { TextView TextView } } }
1 fragment_my_profile.xml 34 Layout { Layout { ImageView Layout { TextView TextView } TextView } TextView Layout { ImageView Layout { TextView TextView } } Layout { ImageView TextView TextView } Layout { List ImageView } }
1 fragment_network_karma.xml 14 Layout { Layout { ImageView TextView } Layout { ImageView TextView TextView } }
1 fragment_notifications_preferences.xml 5 Layout { TextView List }
1 fragment_ocr.xml 5 Layout { TextView TextView }
1 fragment_parent_confirmation.xml 12 Layout { Layout { TextView ImageView } TextView TextView TextView TextView }
1 fragment_parent_email.xml 9 Layout { Layout { TextView ImageView } TextView }
1 fragment_payment_webview.xml 5 Layout { ImageView TextView }
1 fragment_picker_selectable.xml 1 List
1 fragment_profile.xml 1 List
1 fragment_profile_edit.xml 21 Layout { Layout { Layout { Layout { ImageView ImageView } Layout { TextView TextView } } EditText } TextView }
1 fragment_question.xml 6 Layout { ImageView TextView TextView }
1 fragment_ranks.xml 1 List
1 fragment_register_birthdate.xml 30 Layout { Layout { Layout { TextView ImageView } Layout { CheckBox TextView ImageView } Layout { CheckBox TextView ImageView } Layout { CheckBox TextView ImageView } } TextView }
1 fragment_search_results.xml 12 Layout { Layout { ImageView EditText ImageView ImageView ImageView } List }
1 fragment_search_users.xml 9 Layout { Layout { ImageView EditText } List }
1 fragment_settings.xml 1 List
1 fragment_stream.xml 10 Layout { Layout { TextView ImageView TextView } Button }
1 fragment_stream_filters.xml 1 List
1 fragment_user_stats.xml 1 List
1 fragment_year_picker.xml 1 List
