2 address_list_item_view.xml 9 Layout { Layout { TextView TextView } ImageView }
2 bottomsheet_description_only_row.xml 1 TextView
2 bottomsheet_line_row.xml 1 TextView
2 bottomsheet_medium_line_row.xml 1 TextView
2 bottomsheet_tag_row.xml 1 TextView
2 bottom_sheet_art_picker_interactive_sticker_item.xml 5 Layout { ImageView TextView }
2 browser_lite_menu_item.xml 1 TextView
2 browser_lite_menu_top_item.xml 7 Layout { Button Button Button Button }
2 bug_report_category_chooser_item.xml 1 RadioButton
2 built_in_app_grid_item_app_description_view.xml 1 TextView
2 chooser_list_row_view.xml 5 Layout { TextView TextView }
2 circular_art_item.xml 1 ImageView
2 circular_art_picker_item_description_view.xml 5 Layout { TextView TextView }
2 contact_chip_popup_menu_item_content.xml 9 Layout { ImageView Layout { TextView TextView } }
2 country_row_item.xml 5 Layout { TextView TextView }
2 create_group_chat_name_card_view.xml 5 Layout { ImageView EditText }
2 create_group_denser_name_card_view.xml 5 Layout { ImageView EditText }
2 design_navigation_menu_item.xml 1 CheckBox
2 dual_sim_dialog_list_item.xml 9 Layout { Layout { TextView TextView } CheckBox }
2 empty_art_item.xml 1 ImageView
2 empty_carousel_item.xml 1 ImageView
2 fbui_popover_list_item_view.xml 5 Layout { TextView CheckBox }
2 fbui_select_dialog_item.xml 1 TextView
2 fb_support_select_dialog_item.xml 1 TextView
2 fig_bottomsheet_line_row.xml 1 TextView
2 frx_friends_selector_item.xml 1 TextView
2 generic_bug_report_row_view.xml 1 TextView
2 guided_action_item_view.xml 5 Layout { TextView TextView }
2 language_item.xml 1 CheckBox
2 ldp_tab_item.xml 1 TextView
2 location_smart_sticker_item.xml 1 ImageView
2 media_picker_with_folders_item.xml 6 Layout { TextView ImageView ImageView }
2 media_tray_item.xml 12 Layout { ImageView ImageView Layout { ImageView TextView ImageView TextView } }
2 media_tray_item_send_and_edit_buttons.xml 7 Layout { ImageView TextView ImageView TextView }
2 media_tray_item_video_view.xml 1 TextView
2 mentions_assistant_m_recommendation_item.xml 5 Layout { TextView TextView }
2 mentions_search_result_item.xml 5 Layout { TextView TextView }
2 message_reactions_action_drawer_item.xml 1 ImageView
2 message_recipient_typeahead_row_view.xml 1 TextView
2 mms_download_message_item.xml 1 ImageView
2 montage_hidden_users_new_story_row.xml 1 TextView
2 more_drawer_built_in_app_hscroll_item_view.xml 1 List
2 more_drawer_generic_extension_item_view.xml 1 List
2 more_drawer_platform_app_hscroll_item_view.xml 1 List
2 more_drawer_platform_app_units_item_view.xml 1 List
2 msgr_montage_composer_camera_mode_item_layout.xml 1 TextView
2 nearby_place_list_freeform_item_view.xml 1 TextView
2 nearby_place_list_item_view.xml 9 Layout { TextView Layout { TextView TextView } }
2 nearby_place_section_title_item_view.xml 1 TextView
2 orca_contact_picker_camera_roll_item.xml 1 CheckBox
2 orca_contact_picker_hscroll_item_view.xml 5 Layout { ImageView TextView }
2 orca_contact_picker_list_group_item.xml 5 Layout { CheckBox ImageView }
2 orca_contact_picker_list_item.xml 17 Layout { Layout { TextView TextView } Layout { CheckBox ImageView ImageView ImageView ImageView ImageView } }
2 orca_contact_picker_list_phone_contact_item.xml 1 CheckBox
2 orca_contact_picker_montage_item.xml 5 Layout { CheckBox ImageView }
2 orca_lightweight_action_item.xml 1 TextView
2 orca_message_item_attachment_video_player_controls.xml 5 Layout { ImageView TextView }
2 orca_message_item_attachment_video_player_controls_with_seek_bar.xml 10 Layout { Layout { ImageView TextView ImageView } TextView }
2 orca_message_item_detail.xml 5 Layout { TextView TextView }
2 orca_message_item_gutter_image_button.xml 1 Button
2 orca_message_me_user_detail_item.xml 5 Layout { TextView TextView }
2 orca_neue_pull_to_refresh_item.xml 1 ImageView
2 orca_photo_message_item.xml 1 ImageView
2 orca_pull_to_refresh_item_simplified.xml 1 ImageView
2 orca_sticker_store_list_item.xml 11 Layout { Layout { TextView TextView TextView } ImageView ImageView }
2 orca_sticker_tag_item.xml 1 TextView
2 orca_typing_item.xml 6 Layout { ImageView ImageView ImageView }
2 polling_add_option_row.xml 1 EditText
2 polling_display_option_row.xml 1 Switch
2 polling_display_voter_row.xml 1 TextView
2 polling_preview_option_row.xml 1 TextView
2 price_table_row_view.xml 1 ImageView
2 quick_promotion_card_with_header_interstitial_fragment.xml 19 Layout { Layout { Layout { TextView TextView TextView TextView } Layout { Button Button } } Button }
2 quick_promotion_messenger_card_no_badge_interstitial_fragment.xml 12 Layout { Button TextView TextView TextView Layout { Button Button } }
2 redrawable_debug_item.xml 1 TextView
2 rtc_bonfire_request_row.xml 5 Layout { TextView CheckBox }
2 share_sheet_action_item.xml 1 ImageView
2 shop_and_browse_image_card.xml 1 TextView
2 swipeable_media_tray_item.xml 5 Layout { TextView TextView }
2 thread_suggestions_item_view.xml 5 Layout { TextView CheckBox }
2 typeahead_header_row.xml 1 TextView
2 typeahead_item_row.xml 7 Layout { Switch TextView ImageView ImageView }
2 typeahead_subtitled_item_row.xml 9 Layout { Switch Layout { TextView TextView } }
2 typeahead_view_loading_row.xml 1 TextView
2 typeahead_view_more_row.xml 1 ImageView
2 typeahead_view_more_row_text.xml 1 TextView
2 upsell_dialog_action_row.xml 1 Button
2 work_create_group_chat_name_card_view.xml 1 EditText
1 airline_itinerary_detail_fragment.xml 1 List
1 browser_lite_fragment.xml 1 Button
1 bug_reporter_fragment.xml 5 Layout { TextView EditText }
1 bug_reporter_orca_fragment.xml 7 Layout { TextView EditText Button EditText }
1 calendar_events_fragment.xml 1 List
1 chat_heads_interstitial_main_fragment.xml 15 Layout { Layout { ImageView ImageView ImageView } Layout { TextView TextView TextView } }
1 com_facebook_device_auth_dialog_fragment.xml 11 Layout { Layout { ImageView TextView } TextView TextView Button }
1 generic_extension_edit_fragment.xml 1 List
1 identity_matching_interstitial_fragment.xml 14 Layout { Layout { ImageView ImageView ImageView ImageView } TextView TextView TextView TextView }
1 inline_reply_fragment.xml 7 Layout { TextView TextView TextView TextView }
1 litho_ads_detail_dialog_fragment_layout.xml 1 Toolbar
1 manage_messages_fragment.xml 1 List
1 montage_hidden_users_fragment.xml 1 TextView
1 msgr_montage_audience_picker_fragment.xml 1 TextView
1 orca_edit_username_fragment.xml 5 Layout { TextView TextView }
1 orca_sticker_store_pack_fragment.xml 11 Layout { Layout { TextView TextView TextView TextView } Button }
1 payments_fragment_header_view.xml 1 ImageView
1 platform_report_fragment.xml 1 List
1 polling_detail_fragment.xml 1 List
1 quick_promotion_dialog_interstitial_fragment.xml 16 Layout { Layout { TextView TextView TextView TextView Layout { Button Button } } Button }
1 quick_promotion_fig_dialog_interstitial_fragment.xml 15 Layout { Layout { TextView TextView TextView Layout { Button Button } } Button }
1 quick_promotion_footer_fragment.xml 10 Layout { ImageView Layout { TextView TextView } TextView }
1 quick_promotion_interstitial_fragment.xml 21 Layout { Layout { Layout { Layout { TextView TextView } TextView } Layout { Button Button } } Button }
1 quick_promotion_toast_footer_fragment.xml 9 Layout { Layout { TextView TextView } ImageView }
1 quick_promotion_wide_footer_fragment.xml 13 Layout { Layout { Layout { TextView TextView } ImageView } TextView }
1 redrawable_debug_activity.xml 5 Layout { EditText Switch }
1 review_update_fragment.xml 1 EditText
1 scan_image_code_fragment.xml 1 ImageView
1 thread_suggestions_fragment.xml 5 Layout { Button Button }
1 zero_semi_free_messenger_settings_fragment.xml 5 Layout { TextView TextView }
