com.disney.disneyplus
com.zhiliaoapp.musically
com.instagram.android
com.facebook.orca
com.netflix.mediaclient
com.snapchat.android
com.whatsapp
com.facebook.katana
com.google.android.projection.gearhead
com.google.android.play.games
com.squareup.cash
com.pandora.android
com.hulu.plus
com.wayfair.wayfair
com.amazon.mShop.android.shopping
com.spotify.music
com.contextlogic.wish
com.particlenews.newsbreak
com.amazon.avod.thirdpartyclient
com.amazon.dee.app
tv.pluto.android
com.google.android.apps.chromecast.app
com.walmart.android
com.tubitv
com.dd.doordash
com.paypal.android.p2pmobile
com.enflick.android.TextNow
goodluck.lucky.money.scratch.win.real.cash.day
com.google.android.apps.youtube.music
com.poshmark.app
com.bydeluxe.d3.android.program.starz
com.pinterest
com.roku.remote
com.ubercab
com.scripps.android.foodnetwork
com.venmo
me.lyft.android
com.twitter.android
com.symantec.securewifi
com.mercariapp.mercari
com.mcdonalds.app
com.creditkarma.mobile
net.zedge.android
com.discord
com.picsart.studio
com.abtnprojects.ambatana
scratch.lucky.money.free.real.big.win
com.life360.android.safetymapd
com.amazon.mp3
musclebooster.workout.home.gym.abs.loseweight
com.amazon.mp3
musclebooster.workout.home.gym.abs.loseweight
com.audible.application
com.ubercab.eats
com.ebay.mobile
com.shopify.arrive
paint.by.number.pixel.art.coloring.drawing.puzzle
com.ringapp
com.grubhub.android
com.soundcloud.android
jp.gocro.smartnews.android
com.onedebit.chime
com.apple.movetoios
com.espn.score_center
com.tinder
com.google.android.webview
com.offerup
com.sec.android.easyMover
kjv.bible.kingjamesbible
com.waze
com.facebook.lite
com.fetchrewards.fetchrewards.hop
com.duolingo
com.fitbit.FitbitMobile
sg.bigo.live
com.goodrx
com.fortunemirror
com.robinhood.android
com.agminstruments.drumpadmachine
com.home.weather.radar
com.palmsecret.horoscope
com.bitstrips.imoji
com.microsoft.office.outlook
live.free.tv_us
com.facebook.mlite
com.konylabs.capitalone
com.alibaba.aliexpresshd
com.cbs.app
com.walmart.grocery
com.calm.android
com.gotv.nflgamecenter.us.lite
com.target.ui
com.smule.singandroid
com.emn8.mobilem8.nativeapp.bk
com.popshow.yolo
com.google.android.apps.youtube.kids
com.google.android.apps.translate
com.zellepay.zelle
com.microsoft.appmanager
com.propel.ebenefits
com.sirma.mobile.bible.android
jp.ne.ibis.ibispaintx.app
tv.twitch.android.app
com.handmark.sportcaster
de.mobileconcepts.cyberghost
com.truebill
com.hp.printercontrol
com.facebook.talk
com.starbucks.mobilecard
com.microsoft.xboxone.smartglass
com.postmates.android
com.zhiliao.musically.livewallpaper
com.clearchannel.iheartradio.controller
com.playland.fancyslime
com.myhomescreen.sms
com.nordvpn.android
com.zillow.android.zillowmap
com.indeed.android.jobsearch
ma.safe.bnus
com.google.earth
com.google.android.apps.tachyon
com.dollargeneral.android
com.chewy.android
com.yelp.android
com.littlecaesars
com.linkedin.android
com.cnn.mobile.android.phone
com.adobe.reader
com.weather.Weather
com.pinger.textfree
com.easybrain.make.music
com.adpmobile.android
com.google.android.apps.youtube.unplugged
com.chase.sig.android
videoeditor.videorecorder.screenrecorder
com.Funimation.FunimationNow
com.hily.app
com.google.android.apps.walletnfcrel
com.google.android.apps.googleassistant
in.sweatco.app
com.reflectlyApp
com.nbcuni.nbc
com.infonow.bofa
com.ibotta.android
mobi.abcmouse.academy_goo
com.audiomack
com.pof.android
com.acorns.android
com.onepeloton.callisto
com.intuit.turbotax.mobile
video.like
com.airbnb.android
com.myhomescreen.email
com.hd.wallpaper.backgrounds
com.ubercab.driver
com.tophatter
com.bumble.app
com.apple.android.music
com.stash.stashinvest
com.appblockgames.freecraftexploration
com.yahoo.mobile.client.android.mail
pch.apps.pchsweeps
com.google.android.apps.adm
com.giphy.messenger
com.shazam.android
com.fox.now
ru.brothersappsandgames.smashdiyslimefidgetslimy
com.home.news.breaking
com.joytunes.simplypiano
com.wsl.noom
com.imvu.mobilecordova
com.tinybyteapps.robyte
com.google.android.apps.docs.editors.docs
com.google.android.apps.photos
com.lightricks.pixaloop
com.nike.omega
com.amazon.storm.lightning.client.aosp
com.myyearbook.m
com.dominospizza
com.science.wishboneapp
com.yahoo.mobile.client.android.sportacular
com.myhomescreen.news
com.sec.android.app.shealth
com.wf.wellsfargomobile
com.dave
com.ticketmaster.mobile.android.na
com.samsung.android.oneconnect
com.amazon.kindle
com.google.android.contacts
com.experian.android
com.myfitnesspal.android
com.download.music.app.mp3.downloader.song.freeapp
com.amazon.clouddrive.photos
com.mediamushroom.copymydata
com.naver.linewebtoon
com.sailuooutman.photocollage.maker
com.home.emoticon.emoji
org.mozilla.firefox
