jp.ne.ibis.ibispaintx.app
com.redberry.glitterdressa2
com.canva.editor
com.vblast.flipaclip
com.beauty.glittercoloringdodo
com.veraxen.colorbynumber.oilpainting
com.adobe.spark.post
com.doodle.master.draw.glow.art
com.eyewind.paperone
com.medibang.android.paint.tablet
com.brakefield.painter
pl.planmieszkania.android
com.axis.drawingdesk.v3
com.colorbynumber.unicorn.pixel.art.pokepix.draw.paintbynumber
com.adobe.creativeapps.sketch
com.sec.penup
com.lovehaert.coloringglitterms
com.camera.sketch.camera.pencil
com.hellokitty.glittercoloringdodo
com.redberry.glitter123Abc
air.com.KalromSystems.SandDrawLite
com.redberry.glitterlips
com.magicposernew
com.madcat.easyposer
com.creative.colorfit.mandala.coloring.book
anime.face.changer.cartoon.photo_editor
udenity.draw.animals
com.Beautytools.coloringbookms
com.ayogamez.sketchcartoon
com.kanishka_developer.SketchPad
splendid.postermaker.designer
com.animewallpaper.animelist.konosubawallpaper
com.kidspaint.kaushalmehra.drawingfun
truefunapps.furniture
com.tattoo.maker.design.app
com.bytestorm.artflow
aesthetic.wallpaper
com.christmas.glittercoloringdodo
justcreativeclub.learnhowtodraw.lilcutegirls
com.weddingdress.coloringbookms
me.tomhicks.asketchaday
com.mark.calligraphy
com.PixelStudio
provapi.wallpaper.xxxtentacion
com.Freddys.wallpapers.uhd
com.picsart.animate
tattooz.tattoo.maker.name.on.my.photo
com.creative.Learn.to.draw.flowers
com.blondeagames.art.coloring.book
com.bingzer.android.stickdraw
com.IngressStudio.xxxtentacion
truefunapps.notebook
com.how.to.draw.people
com.birthday.birthdayinvitation
com.tophatch.concepts
com.jdpapps.textt1
com.sweefitstudios.drawgraffiti
desktop.colorbynumbers.pixelmoon
com.nail.coloringdodo
app.over.editor
com.forqan.tech.DollsColoring
com.brakefield.idfree
com.cross.stitch.color.by.number
com.axndx.ig
com.sweefitstudios.drawgraffiticreator
air.com.KalromSystems.FruitDrawPlay
com.sandbox.numbercoloring.pixelart
com.ZoToReborn.logoMaker
how.draw.cutefood
com.wedding.coloringdodo
com.superhero.glittercoloringms
com.appxstudio.smokearteffect
com.inknangels.TatAngel
com.fruitscoloringbookfromuv.android
com.zinkia.pocoyo.colors.free
com.onetap.bit8painter
com.forqan.tech.BeautyColoring
com.brandmaker.business.flyers
com.icreativeidea
com.articoapps.wedraw
com.wildDevLabx.logoMaker
com.girlywallpaper.animegirl.konosubahd
udenity.draw.weapons
com.wallpapers.anime.song.xxxtentaction
com.samsung.android.sdrawing
kenmaz.net.animemaker
com.artech.logomakerfreepro
com.colorbynumber.unicorn.pixel.art.panda.draw.paintbynumber
zonek.design.paintbynumbers
com.kribibapps.yngboywall
com.wildDevLab.threeDLogoMaker
com.Studioart.wallpaper.chadwallpaper4k
com.abdelmonem.nameArt
truefunapps.minioffice
com.sorincovor.pigments
com.zazzle
com.chadwild.chadwall.wallpapers
photoCartoon.editor.prisma
com.sweefitstudios.drawtattoo
com.abcgamescom.generator.ides.drawing
skywave.chancellery
com.mynamecubeapps.ball
com.ova.studio.anime.wallpaper
com.socialmedia.socialmediapostmaker
com.nra.flyermaker
com.undertale.wallpapers
com.nba.wallpaperhd.nba_all_stars.wallpaper4K
com.optimumbrewlab.invitationcardmaker
com.continuum.flyermaker
com.laura.fashiondesign
com.logomakerfree.yadesign
com.gacha.gachalifechwallpaper
anime.smartroom.com.drawanime
com.OrochiLabs.juicewrldwallpaper
com.kawaiiwallpapers.cutebackgrounds
noirelabs.textgram
com.v_ka.fortallseasonwallpaper
com.pjmaskgame.colorbookpaint
com.baselayoutsforcoc
com.itsmy.cjsocol
anime.face.maker.cartoon.photo_filters
com.figuromo.colorminiscollections
com.socialmediavideoadsmaker
com.howtodraw.disneydescendants
twitch.angelandroidapps.tracerlightbox
com.ng_labs.paint
com.redberry.glitteremoji1
com.TNInteractive.GraffitiPaint
com.sweetsugar.nameart
com.phone.launcher.lite
word.stylishfont.swag
com.llm.photo.artist.wooo
ice.lenor.nicewordplacer.app
com.gnrapt.wallpapers.bts
pixel.photo.unwanted.items.remover
com.TokunanaLabs.nlechoppawallpaper
com.myminifactoryapps
com.ng_labs.ngpaint
com.colorinbook.gamtps
com.sweefitstudios.drawgraffiticharacters
info.bppacomics.lazydog
com.teazel.coloring
com.pencilsketch.art.funnycartoon
com.ath.artechouse
com.babyshark.coloringdodo
com.SneakersColoringBook.ShoesColoring
com.itsfunnehwallpaper.waaallpaperitsfunneh
uk.photoscar.toon.editor
com.workSPACE.Fraksl
com.Behaha.DobreBrothersWallpapers
com.devloperpro.donttouchwallpaper
color.by.number.pixel.art.sandbox.paint.draw.free
com.KirklandsFurnitureStore.com
com.coloringbynumbersandbox.pixelmon
com.ugf0.yiffur
co.theguru.sch
com.invitationcard.invitation
com.undertale.coloring
com.bigwall.queen.melanin.wallpaper.cute.girls.HD
com.BarbieDreamHouseIdeas.rahmaAPK
ps.battle.royale
com.technobrains.LogoMakerPro
text.write.font.calligraphy.writer
com.beautywall.bts.wallpaper.offline
com.elgabry.clothesdesigner
com.drawit
com.dragonplus.animepaint
net.kudlian.icananimate2
com.woodencloset.paintsplash
com.Gacha.lifen.wallpaper.now
com.overheadgames.epicgenerator
com.SansColoring.Sans.Drawsans.Sanstale
com.redberry.glitterunicornkids
com.robertcarr.nlechophhawallpaperusa
com.skinbeemaster.fnafskin
com.paintart.artworkbynumbers
bestfreelivewallpapers.love_photoframes
com.sweefitstudios.draweyes
com.HousePlanDesigns.sitd212
com.sonicmario.colorbookpaint
com.webgenie.ioslauncher
truefunapps.dress
com.mmicunovic.papercopy
rose.gold.wallpaper
com.itsmy.minip
com.appguideink.tatto
skywave.ideasld
com.phone.launcher.android
anime.transformation.cartoon.face.changer.sketchart
com.sk.socialmediapostmaker
com.codelunatics.posemakerpro
com.bramgames.BGglitterv1
com.rollerbannermaker
com.howtodraw.horrormoviestepbystep
logoesport.maker.yadesign
com.animation3d.pixelanimation.pixel3d
com.KazutoStudio.xxxtentacion
com.sweefitstudios.drawkawaii
com.iphone.xs.launcher.ios12.theme
com.jenndowlimited.skinundertaleforminecraft
