com.google.android.projection.gearhead
com.cars.android
com.bl.critical.strike
com.driveus.dmvapp
itamazing.spiderman.rope.hero.stickman.rope.heros
com.carmax.carmax
com.autolist.autolist
com.autozone.mobile
tat.example.ildar.seer
com.paybyphone
com.carvana.carvana
com.szinteractive.TrafficRace
com.grand.prison.escape.jail.breaker.adventure.game
com.paytollo.ptandroid
com.ProcessGames.AventadorDriftSimulator
com.gms.atvquad.quadbike.transportgames.animaltransporter
com.google.android.projection.gearhead.phonescreen
com.ovz.carscanner
com.missionz.apps.uspolice.transform.truck
com.drivetime.MobileOnline
com.toyota.oneapp
com.autopten.cheapcarsforsale
com.gameswing.impossibletracks.stuntdriving.simulator2
com.frenzygames.fgs.garbage.trash.dump.truck.driver
com.gb.spider.stickman.ropehero.grandcitycrime
com.bikesstunt.motomaster.racing.game.trial.trick.bikeRacing
com.fixdapp.two
com.shell.sitibv.motorist.america
com.coco.dmv
com.vividdgames.monstertruck.demolitionderby.crash.fearlessstunts.adventure.arena.fighting.racing
dto.ee.dmv.genius
com.appstrend.speed.robot.game
com.autogamingstudio.mountainclimb.offroadpickup.simulator
com.ebay.motorsapp
com.jimaapps.city.coach.bus.simulator.driving
com.extreme.simulator.monster.truck.crash.derby.fearless.stunts2019
com.libertymutual.uscm.righttrack
com.jockeygames.rampcar.stuntsfree.impossibletracks.stuntdriving.simulator2
com.iexamguru.dmv_practice_test
com.lemurmonitors.bluedriver
com.interbolt.impossible.formula.ramp.car.stunts
com.canvas.car.crash.beam.car.jump.arena
com.garmin.android.apps.gecko
com.drivemode.android
com.coco.cdl
com.play.io.trail.bike.racing.tricky.stunts
com.offroadarmy.transporter.truckdriver.apps
com.sprint.drive
com.saritasa.micromechanic
com.sg.cartransport.trucktransporter.towgames
com.aps.police.spooky.jeep.parking.adventure
com.oreillyauto.fco.vinscan
com.bsro.fcac
com.chipsguide.app.roav.fmplayer
com.vroom.app.android
com.rlg.flying.robot.bike.racing.shooter.games
com.mtsdealersolutions.vindecoded
com.gridwise.app
com.bs.dr.multistorey.parking.car.street.master.apps
com.lexus.oneapp
com.aa.extreme.city.gt.car.stunts
com.suvs.usedcarsearch
com.fair.fairapp
com.edmunds
com.boatsgroup.boattrader
com.gs360.specialcombatmissionsops2019
com.frenzygames.fgs.uphill.offroad.pickup.driver.cargo.duty
co.goshare.customer
com.gpshopper.discounttire
com.sec.android.automotive.drivelink
com.lkqcorp.MobileGarage
com.halcyontek.rumbleon.login
com.carmax.carmaxowner
com.play.io.monster.truck.demolition.derby.crash.stunts
com.pnn.obdcardoctor
com.stuzo.chevron
com.spotterlook.driverstartusa
com.carpart.classic
com.carshield.app
com.bitspice.automate
mureung.obdproject
com.gf.washinggame.serviceworkshop.carwash
com.crsh.uspolice.crime.city.cop.driving.simulator
com.metropcs.metrosmartride
com.ticker.pickup.truck
de.myaudi.mobile.assistant
com.obdautodoctor
com.backlotcars.backlotcars
com.lge.mirrordrive
com.insfra.incar
com.iseecars.android.vin
com.zhixin.roav.charger.viva
com.gf.impossible.train.games.driving.simulator
com.ionicframework.sqmobile302915
io.moj.mobile.android.motion
com.tgb.modern.flag.forces.shooting.game.action.commando.sniper.mission.igi.shootsniper
com.ProcessGames.BenzS600DriftSimulator
com.crownarts.offroad.driver.cargo.trucker
com.bbg.little.truck.games.car.repair.garage
com.jimaapps.tricky.stuntbike.racing.trails.games
com.lelic.speedcam
com.messageloud
com.iseecars.android.app
com.autel.maxiap200.ht200
org.drivingprep.dmv
com.rlg.flying.air.robot.transform.tank.robot.battle.war
altergames.carlauncher
pro.drift.car.racing.limitless
com.innova.rs2
com.driivz.mobile.android.evgo.driver
org.drivingprep.cdl
com.gv.real.heavy.snow.excavator.sim
com.autozonepro.app
com.sg.car.driving.racing.parking.hilldrive
com.honcker
com.tractor.trolley.drive.simulation.parking
com.copilot.app.release
com.carauctionnetwork.publicautoauctions
com.zymbia.carpm_mechanic
com.gcg.bigCruiseShip_GCG
com.gamescapes.ultimate.car.driving.school.racing.drift.simulator
com.usaa.mobile.android.safedriving
speedflash.spiderman.rope.hero.stickman.rope.heros
se.volvo.vcc
com.sg.gt.car.stunts
com.sunoco.sunoco
com.GameTap.MonsterTruckStuntsDrivingSimulator
com.motordata.obd
com.fisker.fiskerapp
com.modern.bussimulation.busparking.gt
com.kajda.fuelio
com.BestGames.FlyingCarSimulatorDriver
guide.tipsfor.androidautoadvice
com.zhixin.roav.cam
com.dayun.driverecorder
com.ProcessGames.MustangDriftSimulator
com.destotechgames.offroad.horse.taxi.sim
br.com.ctncardoso.ctncar
com.passio3.go
com.soft24hours.dictionaries.dictionary27
com.libertymutual.uscm.safeco.righttrack
com.voltasit.obdeleven
air.com.readysquare.scsm
group.flowbird.mpp
police.speed.gps.antiradar
mrigapps.andriod.fuelcons
com.snailboat.teslacamreviewer
com.max.car.parking.games.advance.driving.hero.parking2020
com.gsd.carmeets
de.hammtech.bestcarsounds
com.arity.routereport
com.zv.modern.car.parking.simulator
com.pg.police.car.simulator
com.prizmos.carista
com.trovit.android.apps.cars
com.andromo.dev479905.app887377
com.boatsgroup.yachtworld
com.sg.busdriving.passengerbus.drivinggames.eurobus
com.timuzgames.mmxoffroadhillracing
com.ProcessGames.HuracanDriftSimulator
com.car.parking.simulator.car.driving.games
com.oil.tanker.transporter.offroad.transportgames.trucksimulator2019
com.ProcessGames.GranTurismoDriftSimulator
com.fya.offroad.suv.driving.evolution.adventure
com.joinroot.myles
com.transmitter.car
com.destotechgames.unicorn.horse.taxi
com.ProcessGames.MeganeRSDriftSimulator
com.canvas.car.crash.sim.feelthebumps
com.call.of.frontline.commando.duty
de.appomotive.bimmercode
com.seeblue.ledglowv2
com.polymesh.dodgeRam
com.iexamguru.cdl_practice_test
com.DeadPool.stickman.ropehero.crime.gangster.city
com.carmodificationapps.newconceptsand3dtunning
com.autolauncher.motorcar.free
com.binarytoys.speedometer
com.ProcessGames.ChironDriftSimulator
com.gf.crash.stunt.racing.games.free
spidervenom.spiderman.rope.hero.stickman.rope.heros
com.hptuners.trackaddict
com.sourcecastle.freelogbook
com.min.car
obdhightech.com.remotekey.keysetup.keyprogramprocedure
com.gamescapes.tractor.farming.simulator
com.yhi.offroad.camper.van.cruiser.truck.driving.simulator
com.happyconz.blackbox
com.link.autolink
com.x15tech.tarifadinamica
com.thinkwaresys.thinkwarecloud
com.trnz.skateboard.mega.ramp.games
cdl.study
com.autel.maxiap200.autelap
impossible.tracks.extreme.crazy.driving.GT.car.stunts
com.vividdgames.monstertruckfighter.crash.fearlessstunts.fighting.adventure
com.fgz.flying.tank.transform.robot.battle.tank.lion.game
com.kidstale.ramp.car.parking.challenge
com.radio.transmitter
com.interbolt.impossiblecarstunts.extreme.car.stuntdriving
