com.ipsy.mobile.production
com.ulta
net.booksy.customer
com.sephora
com.sallybeauty.shop
com.procreated.photoeditor.art
filter.selfie.camera.photo.stickers
kynguyen.app.mirror
com.luckystars.hairstylesstepbystep
com.arcsoft.perfect365
net.booksy.business
com.scentbird
com.lyrebirdstudio.beauty
com.Fashion.Nail.Salon.Game.Manicure.And.Pedicure.App.Vex
com.styleseat.promobile
com.perfectcorp.ycn
haircolour.hairstyle.photoeditor.haircolorchanger
com.jkfantasy.camera.jkpmirrorcamera
google.free.icequeen.peachygamesllc
best.photo.app.womanhairstyles2019
com.piupiuapps.hairstyles
com.coupons.forbathandbody
com.stickers.camera.photo.selfie.filter.editor
light.crown.editor
crown.heart.photo.editor
net.braincake.pixl.pixl
com.trove
com.granjuegos.hairdresser.hair.salon.dressup
filtersforselfie.sweet.face.camera
com.luckystars.haircolorchanger
com.heio.neighmine
com.perfectcorp.amb
trends.art.photo.editor.collage_and_sticker
com.schoolhairstyles.hairstylesgirls.hairstylesstepbystep
com.zhanlang.changehaircut
com.lajeuneandassociatesllc.barberchopdev
com.northpark.beautycamera
com.Manicure.Pedicure.Games.Nail.Art.Designs.Salon
trends.beauty.split.camera.collage.maker
emoji.photo.editor
makeup.saloon.selfie.beautycamera.makeupcamera.face.photoeditor
live.face.fliters
com.birchbox.birchbox
com.beautysystemsgroup.stylist
coupons.secretdeals.promo.victoriasdiscounts
com.Fashion.Nail.Salon.Makeover.PGA
com.caller.id.block
trends.beauty.filter4selfie
com.foreo.foreoapp
com.Fashion.Nails.Girls.Game
zonek.design.boyngirl
com.meituuburjasotappscam.selfie.makeup.camera.beauty.filter.photo.editor
best.photo.app.hair.styler
com.sweetandbeautyhdcameras.stepstepmakeup
com.bodyshape.beautyeditor
com.blackWall.marshmello
so.camera.live.face.filter
com.aesthetic.vaporwave.wallpaper.ii
com.snap.photo.editor2020
india.pixel.art.sexy.bikini.play.boy.girl.relax
heart.crown.camera.effect.snap.photoeditor.heartcrowncamera.stickers
best.photo.apps.makeup
com.nyxcosmetics.nyx
com.meituuelnahrawy.makeup.camera.virtualmakeover.selfie.editor.beautyplus
emoji.background.photo.editor
com.piupiuapps.makeup
maa.emoji_background_photo_editor
cofs.filters4snapchat
com.shortcutssoftware.mysalon.cookiecutters
com.mtbingobashinc.makeup.camera.beauty.photo.editor.youcammakeupcameraplus
com.aesthetic.vaporwave.wallpaper.sdem
pcm.art.heart.camera
com.shophush.hush
com.shopping.fever
neon.light.photo.editor
com.Wedding.Nail.Art.Games.for.Girls.Dr
com.filters.forMusically.filters4musically
com.shearshare.android
com.marykay.skinsight.android.flavorProd
maa.emoji_background_photo_editor.emoticon
com.appinnovationstar.womanhairstyles.womanhaircolor.wig
com.mtperfectbarrie.magic.selfie.editor.virtual.makeovers.beautycamera
com.snapchat.filters.lenses.stickers.forSnapchat
trends.beauty.hairstyles.editor
skin.beauty.xtandroid.dailybeautycare
beautymakeup.beautyselfiecamera.photoeditor
frm.art.sweet.selfie.camera
com.slimewallpaper.sdem
com.northpark.periodtracker
com.salonch
com.lab.photo.editor.Body.Shape
com.marykay.beauty
air.com.rosytales.fashionshowaroundtheworld
photo.smile.hair.eyes
google.free.moviestar.peachygamesllc
com.magicvfacemakeup.beauty.makeup.camera.selfie.photoeditor.dailyaims
com.teenoutfit.ideas17
blush.kawaii.faceapp.anime.stickers
cofs.sweet.face.camera.light.crown.photo.editor
com.FS.WeatherForecast
pcm.live.face.camera.cute
truefunapps.hairstyles
com.ophotovideoapps.facenhancer
com.senegence.android.senelooks
com.barilab.handmirror.googlemarket
com.mtdailytoolapps.youcammakeup.makeover.photoeditor.makeup.camera.beautyfacemakeupplus
com.blogspot.android_czy_java.beautytips
pcm.face.emoji.photo.editor
cas.emoji.background.editor
com.glossgenius.GlossGeniusSaaS
com.appstylelife.beautifulhotgirls
com.freemakeup.sun
com.beautifyfacemakeup.editorsaloonlip.eyefacemasks
best.photo.app.girlshairstyles
com.trendi.beauty_tips
princess.hair.changer.bestphotoapps
dsa.filters.for.selfie
com.shortcutssoftware.mysalon.sharkeyscutsforkids
com.beautycam.selfiecamera.videosticker
com.africanbraids2019.tegy
io.redskytech.piphan
com.Voodamdee.Photos.Camera.B613SelfieCameraNewVersion
com.htwig.luvmehair
best.photo.app.womanjewelry
com.her.skinsafeproducts.skinsafe
com.piupiuapps.hairstylesgirls
com.andromo.dev759880.app845507
mxi.com.styleswiper
com.hairinferno
selfie.photo.apps.rhinoplasty
com.plasticsurgery.bodyeditor
com.launcher.theme.t211825481
com.Fashion.Nail.Salon.Games
com.kdmedia.nailsdesigns
cheap.makeup.brands
com.czene.nailbook
com.alubuski.hairstylestepbystep
com.ophotovideoapps.photoeditorformen
org.appselect.naildesign
com.splathaircolor.android
com.makeup3d.camera.photo.editor
com.cute.kawaii.animal.wallpaper.girly.pets
com.photofilter.filterforsnapchat
com.Manicure.Pedicure.Spa.Games.Girls
enjoy.with.our.apps.beautytips
com.africanwomenhairstyle.lonodev
com.dsrtech.lipsy
com.Voodamdee.Photos.Camera.B912SelfieCamera
com.jewelleryphotoeditorfree.android
com.makeup.beauty.face.facebeauty.camera
com.amazingapps24.mascarillascaseras
com.saloncheckin.tuneup
com.teen3.outfits
tba.selfie.camera.filter
flower.match.three.bmc
com.colorwise.me.allseasons
pcm.light.crown.photo.editor
face.blemishes.blackheads.fairskin.pimples.acne.wrinkles.xtapps.facecare
kr.co.salesnet.smartmirror
com.smartsoftasia.perfume
com.STS.Nail.Salon.Manicure.Game
com.wildDevLabx.threeDCameraPhotoEditor
tba.heart.camera.heart.crown.face.camera
hair.color.changer.easy
makeupworld.selfiecamera.makeup.youcam.beautycamera.photoeditor.makeupcamera
trends.beauty.art.grime.art.photo.editor
kr.co.company.hwahae
mixerappco.emoji.background.photoeditor
com.launcher.theme.t211825252
com.vanford.FaceBlemishesClean
com.faceenhancer.android
com.bigsaving.bdworks
com.bonibon.LongNails
com.selfnourishing.shelfie
best.photo.app.manhairstyles2018
com.filters.forSnapchat.filters4Snapchat
com.eyelashes.eyebrow.photo.editor.makeup
mobi.androapp.deusapps.c9140
com.makeuptuto.natural
air.com.winkypinky.dressuproyalprincessdoll
com.fashbell966.hasan.fashbellpro9700
com.dreamcode.hot.girl.app.bikinis.models.wallpaper
com.mtbluemonkeyapps.virtual.face.makeover.camera.sweetselfiefilters
com.maxsol.beautistics
how.to.make.breast.size.increase.tips.app.workout.breast.increase.exercise.big
com.app.morehair
com.appuwish.hairstyles
com.VAD.Short.Dress.Girl.Photo.Montage
eyelashes.photo.editor.virtualapps
com.beautycameramakeup.beautyeditorfree
com.syakirayola.blackwomanhairstylefaded
com.nirkof.manikyurideas
com.snap.face.stickers.beauty.photo.editor
makeup.world.makeupcamera.photoeditor.magic.selfie.camera
com.Wedding.Dress.Maker.Game
com.granjuegos.braid.hairstylesfor.girls
com.revolutionmedia.hairstyle.with.bangs
com.hair.changer.salon
com.mfinity.tattoomaker
com.madhumadhiapps.eyemakeupstepbystephd
