com.audible.application
kjv.bible.kingjamesbible
com.sirma.mobile.bible.android
com.amazon.kindle
com.google.android.apps.books
com.area120.studybuddy.sagaflutter
com.overdrive.mobile.android.libby
tv.telepathic.hooked
wp.wattpad
com.goodreads
com.overdrive.mobile.android.mediaconsole
com.Neighbor.AlphaGuide
com.qidian.Int.reader
hi.neighboralphaseriesguide
com.NeighborGuide.Alpha
com.ancestry.android.apps.ancestry
org.jw.jwlibrary.mobile
com.hoopladigital.android
com.free.tipsforgame
com.he2llo.neighbortips
com.noahclient
com.addictedapp.addicted
com.guide.helloneighboract
com.NeighborGuide.Walkthrough
sanity.freeaudiobooks
com.ebooksstudio.free.books
hello.neighbor.guideforhellonieghbor
com.gvapps.psychologyfacts
com.merriamwebster
org.lds.ldssa
com.dailyverse.nivbibles
com.youmeforever.readscripture
org.familysearch.mobile
org.readera
com.hmobile.biblekjv
com.google.android.stardroid
com.binaryoptions.master.binary
com.dreame.reader
com.mobile.secret.neighbor
com.curse.dndbeyond
org.wikipedia
marcel.thalberg.disneyplus
com.appmko.baldeducation
com.csnmedia.android.bg
bn.ereader
com.bible.verses.notiondigital
org.rbc.odb
joansoft.dailybible
bible.study.fiftyday.challenge.king.james.bible.christian.religion
com.scribd.app.reader0
an.SpanishTranslate
bible.kingjamesbiblelite
org.ou.all.daf
com.audiobooks.androidapp
com.antispydevmic.supereartool
com.iago.mods.bikinibottom
com.richshapero.tfma
daily.bible.for.woman
sba.english.spanish
org.blueletterbible.blb
com.dictionary
com.zhangyue.read
com.mapsfreddy.app
com.inkitt.android.hermione
app.librivox.android
uk.free.books.audio.read
com.ticktalk.spanishenglish
com.dailyverse.nkjvbibles
com.ckiybr
com.learn.bibliavalera
com.hello.neighborouchb
com.neighbortips.alphahi.seblaha
com.bendycraft.app
com.mangalife.mangamaster
com.mustread
net.novelfox.novelcat
com.codes.filelinkedcodesfordroidadmin2019
com.vivian.lawofattraction
dranphob.wish.shopping
com.hyperionics.avar
com.santabibila.santabibila
com.mopar.companion
com.manualslib.app
com.mobisystems.msdict.embedded.wireless.oxford.dictionaryofenglish
com.hineighbor.game
com.oodles.download.free.ebooks.reader
biblereader.olivetree
com.tipsofgasha.lifeseblaha
com.holy.bible.king.james
org.lds.ldstools
com.chirpbooks.chirp
com.levelsfallflat.humanfallflatguide
com.dwellapp.dwell
com.colt
air.com.myheritage.mobile
the.easy.to.read.bible
niv.biblereader.olivetree
com.thriftbooks.mobile
com.txtr.android.mmm
com.fishmy.android
com.dydbook.bible2
com.skins.roblox.codes.madarts
org.ligi.survivalmanual
com.wikihow.wikihowapp
com.faithcomesbyhearing.android.bibleis
com.aithammouzikoo.guiiiidfoortnerrr3
kjv.study.bible
com.kobobooks.android.walmart
com.mapshelloneighbor.app
bible.daily.devotion
com.Alpha.Guide_Neighbor.Alpha_4
com.appriss.vinemobile
touchspace.hooked
com.wWalkthroughforhineighboralpha4_9968304
org.lds.ldsmusic
io.storychat
com.tecarta.TecartaBible
com.andromo.dev323337.app507034
com.royal.season10.v2
com.guiaforlearningmath.inschoolhorrorgamezio
com.biblehub.biblehubapp
rintoa.starz.movie.guide
com.labs.merlinbirdid.app
com.softissimo.reverso.context
com.plotgen.rramirez.plotgenerator
com.heapsol.spanishenglishtranslator
com.urbandictionary.android
hochwy.ganta.wishshopping
selena.shanum.yanderetips
com.tfd.mobile.TfdSearch
com.inome.android
us.neighboralphatips.myhineighbor.us
com.imagenestop.labiblia2
com.ice.scream
com.appdeveloper4fun.instantpotrecipes
com.quotesmessages.africanproverbsquotes
com.ndonna.plantesmedicinales
org.guera.desneyplus.showtipstricks
com.gzhi.neatreader.r2.main
com.todoapps.lawsofpower
com.certifiedangusbeef.roastperfect
com.adobe.digitaleditions
com.LEGO.guide.Ninjago.Tournament
secrets.guideforbendyandtheinkmachine
com.logos.androidlogos
com.pcgs.coinfacts
com.suyt.suitappd
com.andromo.dev8656.app653568
us.pacourts.docket
com.versedaily.esvbible
daily.devotion.bible
com.audubon.mobile.android
com.GuideForFishNew.akumausukses
com.free.freefirenewtips
ru.vlcoins.catalog
com.alphaguide.neighbor
com.kobobooks.android
org.biblia.santa.biblia
com.spreadsong.freebooks
com.tapread.reader
sanity.learnenglishwithaudiobooks
com.yahoo.mobile.client.android.search
familygather.neighbor.guide
com.aycka.apps.MassReadings
com.tvrsoft.santabiblia
com.gty.macarthurstudybible
com.vansteinengroentjes.apps.ddfive
com.dzen.redstone
com.jeep.companion
com.inspiredandroid.linuxcommandbibliotheca
org.lds.bom
coma.HR.acthr.gtoptipfneigh
bibleverses.bibleverse.bible.biblia.verse.devotion
com.knowrules.getinfos
com.riversoft.android.mysword
com.firegamesstudio.ffguidetips
new.living.translation.nikansoft
easy.to.understand.bible
com.andromo.dev528355.app507036
com.hellohi.neighborouchb
com.fmmdkk.applicat
com.truthtotable
com.icesreamtips.helloguide.neibor
com.secret.tips.neighbor.mobile
com.goodbarber.aabigbookfree
com.spanishdict.spanishdict
com.adepture.dailybibleverse
best2017translatorapps.all.language.translator.free
com.Ikhwandev.GuideAdobtMe
com.free.walktroughhineighboralpha
com.tecarta.kjv2
com.app3daily.a3db201
com.deseretdigital.bookshelf
aa.apps.free.dailyreflections
com.bestweatherfor.bibleoffline_pt_ra
com.guidebendy.guideapp
com.rere.android.flying_lines
myhints.forhelloneighbor
com.dayversebible.esvbible
com.secret.alpha.xhuvilenxz
