com.indeed.android.jobsearch
com.adpmobile.android
com.ubercab.driver
com.azure.authenticator
com.steady.steadyapp.com
us.zoom.videomeetings
com.workday.workdroidapp
com.ziprecruiter.android.release
com.ultimatesoftware.ultipromobile
com.duosecurity.duomobile
com.usps
com.lyft.android.driver
com.ups.mobile.android
com.squareup
com.adobe.scan.android
com.microsoft.teams
com.Slack
com.snagajob.jobseeker
com.fedex.ida.android
com.intuit.quickbooks
com.paypal.merchant.client
com.glassdoor.app
com.paylocity.paylocitymobile
com.dayforce.mobile
com.hyer
pdf.tap.scanner
com.hirevue.candidate.generic
net.itx.paychex
com.grubhub.driver
com.kronos.mobile.android
com.facebook.pages.app
com.fiverr.fiverr
com.metropcs.service.vvm
com.tasmanic.camtoplanfree
com.etsy.android.soe
com.microsoft.windowsintune.companyportal
com.walmart.squiggly
com.sideline.phone.number
com.google.android.apps.meetings
com.seattleapplab.jerseymikes
com.joinhomebase.homebase.homebase
com.jobrapp.jobr
com.bg.flyermaker
com.coolmobilesolution.fastscannerfree
com.crewapp.android.crew
com.google.android.apps.vega
com.mobisystems.office
com.paycor.perform
com.appxy.tinyscanner
com.thisclicks.wiw
com.nightowl.connect
com.logmein.gotowebinar
splendid.logomaker.designer
com.kronos.workforceready
com.paypal.here
com.kdanmobile.android.pdfreader.google.pad
com.simplescan.scanner
com.dukeenergy.customerapp.release
com.pgac.general.droid
com.walmart.wfm
com.mobisystems.mobiscanner
com.coderecognizer.codescan.codeidentifier.qrcodereader.barcodescanner.qrscanner
com.gotomeeting
com.microsoft.office.lync15
com.concur.breeze
com.shipt.shopper
com.shopify.mobile
com.wish.wishblue
com.google.android.apps.dynamite
com.aadhk.woinvoice
com.shopify.logomaker.hatchful
com.swipejobs.jobstack.worker
org.contentarcade.apps.logomaker
com.thumbtack.pro
com.usps.myusps_mobile_app_android
com.gigsmart.worker
com.thegrizzlylabs.geniusscan.free
com.microsoft.rdc.android
com.yelp.android.biz
com.airwatch.androidagent
com.cisco.webex.meetings
com.auction.resi.buyer
com.alight.fismobile
com.amazon.sellermobile.android
com.godaddy.gdm.smartline
com.nithra.resume
co.timesquared.timetracker
com.j2.efax
com.box.android
com.amazon.atozm
com.squareup.invoicesapp
com.semaphore.login
com.businessolver.mychoice
com.upwork.android.apps.main
icv.resume.curriculumvitae
com.infinisource.iSolvedTime.Mobile
com.squareup.apos
com.merlinjobs.android
com.anydesk.anydeskandroid
com.zmobileapps.logomaker
com.mobile.tenstreet.driverpulse
com.dat.fm.carrier
com.glip.mobile
com.jobget
com.ripl.android
com.visiting.businesscardmaker
com.careerbuilder.SugarDrone
com.mobisystems.fileman
net.fieldwire.app
com.reportallusa.landglide
com.cta.ces
com.indeed.androidemployers
com.netqin.ps
com.dice.app.jobs
com.apalon.scanner.app
com.legalshield.MembersOnly
com.hhaexchange.caregiver
com.samsung.knox.securefolder
com.google.android.apps.adwords
nextapp.fx
com.gigsmart.requester
gov.ga.dds.gadds
com.simpleapp.fax
biz.faxapp.app
com.hcmtogo.workforceready
com.appjobs.household
com.bg.socialcardmaker
com.dynamixsoftware.printershare
plus.fax.android
com.kubra.xcel
com.asana.app
com.firstdata.clovergo
com.appjobs.test
com.facebook.adsmanager
com.joistapp.android.joist
prod.ideaction.cellhelmet_registration
com.iaai.android
com.sew.png
fax.app
com.cp.mpos
com.wwm.nightowlx
com.logmein.rescuemobile
com.dominion.segsc
com.crowdcompass.app4815162342
com.loopnet.android
com.sevenshifts.android
com.bluecrewjobs.bluecrew
org.ehub1100.eh.ui
com.bizlog.triplog
com.maverik.rewards
com.google.android.apps.giant
com.cribasoft.HoursTrackerFree.Android
com.freeconferencecall.fccmeetingclient
com.jotform.v2
com.documentfactory.resume
com.voltage.mobile.securemail.ui
com.nee.fpl
com.voteractivationnetwork.minivan
com.facebook.work
air.com.adobe.connectpro
com.esurance.drivesense
com.advanceautoparts.vehiclemanager
com.joinhandshake.student
com.Primerica
com.godaddy.gx.go
com.humanity.apps.humanityV3
com.workllama.kforce
com.oracle.cloud.hcm.mobile
com.aadhk.time
com.salesforce.chatter
net.slideshare.mobile
com.intuit.intuitgopayment
com.bitcubate.android.su.installer
com.eventbrite.organizer
com.deputy.android
com.greenshades.mobile.android
com.citrix.Receiver
com.rhodescomputerservices.taxestogo
com.neighbfav.neighborfavor.runner
com.invoicehome.invoicehome
crowdedroad.iFax
com.app.c4yourself
com.nokoprint
com.adeccousa.candidate
com.successfactors.android
com.clickworker.clickworkerapp
com.seta.tollroaddroid.app
com.cisco.anyconnect.vpn.android.avf
com.skyvin.numr.scanreceipt
com.whentowork.webview
com.invoice2go.invoice2goplus
com.amazon.relay
com.servicemagic.pros
com.amazon.chime
com.homedepot.thdworkforce
com.legalshield.idshield
com.waveapps.sales
com.windstream.residential
com.digitalmarketing.slideshowmaker
com.simplyhired.android.jobsearch
