com.naver.linewebtoon
math.teacher.rope.hero.stickman.rope.heros
robot.car.golden.gangaster.crime.city.game
com.pg.snake.transform.robot
com.grand.robot.speed.hero
com.sg.stickman.police.dog.chase.crime.simulator
com.anti.gun.shooter
com.iconology.comics
com.city.dragon.simulator.fire.attack
com.gkstudio.incredible.monster.robot.war.bigman.games
com.jimaapps.crazycardriving.impossiblestunt.driving.simulator.games
com.ga.us.police.dog.car.transporter.truck
net.manga.geek.mangamaster
com.ga.us.army.commando.jail.escape.grand.operation
com.tencent.wecomic
com.miamipolice.mafia.crime.vice.grand.police
com.anitvfree.meonline
com.ga.light.bike.flying.stunts
com.penny.wise.chateapp
com.advance.police.quad.bike.parking
com.mizo.ramp.car.stunts.game
com.buntoo.drone.robot.transformation
com.tractor.farming.drone
com.gp.grand.train.robot.transformation
com.colorjoy.learn.to.draw.glow.comics
com.gs360.antiterrorismcommandomission
com.ga.electric.flying.car.flying.bike.futuristic.smart.city
com.backstreet.police.panda.robot.transform.robotwar
com.robot.super.car.fastgame
com.rlg.flyingrobot.monstertruck.battlegame
com.tapastic
com.wz.grand.mafia.crime.city
com.us.army.transport.soliders.game
trithucbk.com.mangaauto
com.armystrick.games
com.webcomics.manga
com.rlg.firetruck.truckdriving.rescuemission.robotgames
com.dnbanpk.gogo
com.chulbulgames.robot.panther
com.police.helicopter.robot.transformation
com.car.customization.parking
com.spider.rope.hero.gangster.crime.city.simulator
mobi.mangatoon.comics.aphone
com.fgz.us.police.flying.helicopter.car.transform.robot.games
com.sm.grand.prisoner.strike
learn.to.draw.glow.cartoon
dev.paintgame.animepro
com.monster.truck.driving.stunts.impossible.tracks
com.mustardgames.dog.robot.transform.robotwar.robot.battle
com.contentsfirst.tappytoon
com.pt.dinosaur.rampage.simulator
com.fgz.us.police.eagle.robot.transform.flying.bike.game
com.killing.shooting.strike
black.ironboy.stickman.rope.hero.ironman.gta.pubg.hero
com.police.cat.shooting.attack
com.mustardgames.impossiblecarstunts.mega.ramp.carstunts.racing
com.robot.car.transform.gta.gangaster.crime
com.gcd.deadly.dino.hunter
com.marvel.unlimited
com.sm.army.transport.plan.sim
com.animals.rescue.simulator
com.mizo.monster.truck.games
com.doctor.robot.animals.rescue
com.mizo.quad.bike.shooting.games
com.mizo.scorpion.robot.transformation.games
com.animal.attack.simulator2019.wild.hunting.games
com.superani.freetvanime
com.real.street.shooting.strike
com.toomics.global.google
com.stick.man.prison.transport
com.zalivka.animation2
com.zhangyue.read.comiccat
com.jetpack.flying.army.hero
com.creative.Learn.to.draw.princess
com.aussieman.car.robot.dinasour.transport.truck
com.screenlock.hellokitty
com.viz.wsj.android
com.crunchyroll.crmanga
com.lezhin.comics
com.appstrend.police.robot.bus.transform
com.missionz.apps.police.robot.truck
com.creative.Learn.to.draw.comics
com.cradley.real.robot.futuristic.rhino
com.play.fun.free.impossibletracks.sky.racer.monster.truck.impossibletracks
com.gf.extreme.gtracing.car.stunts.impossiblecarstunts.stuntdriving
com.stick.man.pizza.delivery
com.unicorn.pixelart.colorbynumber.pug
com.devs.jungle.newmangapower
com.fgz.flying.fire.truck.engine.rescue.firefighter.robot.games
com.gv.grand.train.robbery
com.eagle.robot.transformation
com.appstrend.army.robot.rope.hero
com.us.rhino.robot.car.transform2019
com.cgs.futuristic.robot.ball.transform.shooting.robot.games
com.ga.deer.hunter.sniper.shooting
com.energysh.drawshow
com.mizo.counter.terrorist.robot
ropeheroiron.man.rope.hero.stickman.rope.heros
com.happy.family.tiger.robot.games
com.ic.robots.shooting.strike.fighting.realwar
com.ga.us.army.counter.attack.fps.shooting.game
com.cgs.futuristic.flying.dino.transform.robot.games
com.hubg.virtual.winter.survival.wild.wolf.family.simulator.game
com.theink.bendysong.puzzlegame
com.ticker.monster.truck
com.cgs.us.police.transform.robot.shark.game
com.fg.real.robot.komodo.dragon.simulator.city.attack.robot.transforming.games
com.house.smash.simulator
com.pt.counter.terrorist.shooting
com.pm.police.monster.truck.com
com.cradley.ramp.car.game
com.real.mafia.gta.crime.city.gangaster
com.sashaselyacov.alexandra
com.city.tuk.tuk.simulator
jp.co.shueisha.mangaplus
joker.pubg.spider.stickman.gta.gtastickman.city.crime
com.gamestr.tiger.family.sim.city.attack
spiderfrog.rope.hero.stickman.rope.heros
com.pubgmafia.gtacrime.stickman.tow
com.skycat.sniper
com.hello.hood.game.puzzle
com.vizmanga.android
com.sg.bikestunts.bikeriding.motorbikeracing.megaramp
com.stickmangreen.lantern.crime.gangaster.gta
com.wild.animals.transport.simulator
com.lalafy.monster.robot.hero
com.marvel.comics
com.pluton.bigfoot.monster.finding.hunting
com.play.io.virtual.mother.happy.baby.twins.family.simulator
com.apexgames.car.transform.robot.horse.game
com.cgs.flying.school.bus.driving.simulator
com.cradley.elephant.robot.transforming.games
com.liqiuysi.bbmanga
com.us.army.atv.limo.transporter.plane
com.chatty.comics
com.real.robot.water.slide
com.tigs.monster.dinosaur.rampage.city.attack.hunter.freegames.deadly.shores.simulator.jurassic.run.kiddino
com.us.police.limo.transporter.truck2019
com.gks.incredible.monster.bigman.fighting.games
com.md.dragon.robot.game
com.accountname.cargo.truck.police.chase.dtruck.driver
com.ic.chickenshooting.birdaim.henhunt
com.freakinggames.the.lion.sim.riseofking
com.gamescapes.tiger.robot.transformer
com.gameswing.impossiblecarstunts.monstertrucks.cardriving.simulator
com.gangster.prison.escape2019.jailbreak.survival
com.sm.hippo.robot.transformation
com.Dotline.Police.van.car.driving.game
com.froghulck.superhero
com.MyNeighborSeries.Walktrough
com.flying.car.robot.transformation.simulator
com.gu.superhero.man.citybattle.transform.robot.games
com.mizo.jetski.shooting.game
com.real.snow.excavator.simulator
thanos.gta.stickman.rope.heros.war.vicetown
co.pamobile.pokemon.cardmaker
com.us.police.panda.rope.hero
com.gameswing.pradocarstunts.impossibletracks.stuntdriving.simulator.suvcarstunt
com.EscapeGrandpas.HouseObby
com.realcar.driving.test.simulator2019
com.gu.frog.hero.ninja.war.assassin.city.survival.games
com.dumpgames.virtual.girl.high.school.adventure
com.doortogames.real.dinohunter.jurassicworld.survivalgames
com.laxassgames.jetwar.shooting
com.yhi.wild.dinosaur.animal.family.survival.simulator.game
com.manga.reader.pro
com.real.police.cop.car.transporter.truck.cargo.game
com.rlg.grand.robot.transform.speed.hero.superhero.games
com.ghs.top.speed.superhero.games
com.cgs.flying.bee.transform.robot.war.robot.games
com.gb.cargarage.carworkshop.mechanicgames
com.play.io.us.police.dog.airport.crime.simulator.chase
com.pt.ambulance.racing.simulator
com.freeact.stickman.speed.hero.crime.simulator
comm.bee.manga
com.sg.crashracing.demolitioncrash.stuntracing.crashgames
com.panga.mermaid.simulator.beach.adventure
com.apexgames.classic.bow.deer.hunter
com.gcd.zombie.hunter.hero
com.reader.comic.manga.war
robot.shark.crimesimulator
com.satan.angel.crime.sim
com.happygamespro.escapegrandmaandgrandpa
com.fgz.flying.horse.transform.robot.cowboy.robot.games
com.happy.family.crocodile.robot.simulator
spider.frog.gta.gtastickman.city.crime.man.tow
com.interbolt.impossible.limo.gt.car.stunts
com.newfreegames.flying.motorbike.stunt.rider
com.gamesworld.ninja.battleground.survival
com.buntoo.goat.robot.games
com.mustardgames.elephant.flying.robot.transform.rampage.city.battle
com.sg.sumo.wrestling.free.action.games
com.fs.mma.fighting
com.avatarmaker.cartoonmaker
com.deer.hunting.game
com.mizo.turtle.robot.transform.game
com.sg.animalhunting.huntinggames.safarishooting.junglesniper
com.real.transmute.robot
com.ags.flame.hero.flying.superhero.rescue.shooting.games
