com.facebook.orca
com.whatsapp
com.enflick.android.TextNow
com.discord
com.ringapp
com.facebook.mlite
com.facebook.talk
com.google.android.apps.tachyon
com.yahoo.mobile.client.android.mail
com.google.android.contacts
com.google.android.apps.messaging
org.mozilla.firefox
com.google.android.talk
org.telegram.messenger
com.skype.raider
kik.android
com.groupme.android
com.tracfone.straighttalk.myaccount
com.google.android.apps.googlevoice
com.playstation.mobilemessenger
com.talkatone.android
net.idt.um.android.bossrevapp
com.verizon.messaging.vzmsgs
com.android.chrome
com.melonsapp.privacymessenger
com.callapp.contacts
com.imo.android.imous
org.thoughtcrime.securesms
com.tracfone.tracfone.myaccount
com.viber.voip
call.free.international.phone.call
com.google.android.gm
com.microsoft.emmx
co.happybits.marcopolo
org.torproject.torbrowser
ru.mail
com.google.android.wearable.app
com.whatsapp.w4b
jp.naver.line.android
com.brave.browser
com.enflick.android.tn2ndLine
com.adhoclabs.burner
com.link.messages.sms
com.cloudmosa.puffinFree
com.OnSoft.android.BluetoothChat
com.cake.browser
com.comcast.hsf
com.tencent.mm
com.videocallsallin.oneappforvideomessengers
com.sec.android.app.sbrowser
com.samsung.accessory
com.dish.mydish
me.talkyou.app.im
com.opera.browser
com.hsv.freeadblockerbrowser
livemobilelocationtracker.teccreations
com.loudtalks
com.google.android.apps.access.wifi.consumer
com.messagingnew.allinone
com.youmail.android.vvm
com.google.android.ims
prank.caller.io
com.securus.videoclient
com.juphoon.justalk
com.drilens.wamr
com.google.android.apps.hangoutsdialer
com.webascender.callerid
org.torproject.android
com.google.audio.hearing.visualization.accessibility.scribe
com.juvo.send.telefonica
com.dsi.ant.service.socket
com.google.android.accessibility.soundamplifier
com.azarlive.android
com.textra
net.comcast.ottclient
com.dstukalov.walocalstoragestickers
com.textmeinc.textme3
com.psiphon3.subscription
com.tracfone.total.myaccount
com.truecaller
com.opera.mini.native
com.customize.sms.messages.color
org.myklos.btautoconnect
yo.videocall.factime.chattips
com.caller.notes
net.frameo.app
xyz.klinker.messenger
org.mozilla.focus
org.prowl.torquefree
com.bsoft.app.mail
ch.protonmail.android
com.eyecon.global
com.UCMobile.intl
com.mail.hotmail.outlook.email
com.toktumi.line2
com.jb.gosms
com.isharing.isharing
com.contapps.android
com.geozilla.family
com.mizmowireless.vvm
com.caller.id.mobile.phone.number.location.locator.live.track.tracker.callblocker
dotsoa.anonymous.texting
com.sec.spp.push
com.vtech.mobile.kidiconnect.useng
com.transsion.phoenix
free.call.international.phone.calling
com.my.mail
new.WAStickerapps.bigfunnyemojis.sticker
com.vzw.gizmopal
com.schedule.telmate.telmatescheduleandroid
com.mobile.truecall.tracker.locator.teccreations
com.hocidev.facedvicetimehd.videocallinghd.timcallhd
com.att.callprotect
com.whitepages.search
com.WAStickerApps.memesmexicanos.stickers
wastickerapps.stickersforwhatsapp
com.robokiller.app
com.vzw.ecid
com.kakao.talk
com.rebelvox.voxer
com.kirici.mobilehotspot
privacy.explorer.fast.safe.browser
com.skype.m2
com.blizzard.messenger
me.nextplus.smsfreetext.phonecalls
com.foxfi
com.ecosia.android
v.d.d.answercall
com.granita.icloudmail
kr.core.technology.wifi.hotspot
info.myapp.allemailaccess
air.HomeWAV
comm.essagechat.listing
new.WAStickerapps.cartoonsanimated.sticker
com.ezetop.world
com.frontier.selfserve
com.matchtech.lovebird
com.whatsphone.messenger.im
com.mcu.reolink
com.screenovate.dell.mobileconnect
com.smsrobot.free.calls
com.smscolorful.formessenger.messages
com.rebtel.android
park.outlook.sign.in.client
com.glidetalk.glideapp
com.picmax.wemoji
com.sappalodapps.callblocker
org.mozilla.firefox_beta
spanish.stickers.wastickerapps
caller.id.phone.number.block
com.avast.android.vpn
anonymous.blindmatch.stranger.chat
in.pokebbrowser.bukablokirsitus
unlock.samsung.freesim
com.linecorp.linelite
com.speakandtranslate.voicetranslator.alllanguages
com.justalk.kids.android
com.handcent.app.nextsms
org.adblockplus.browser.beta
com.visiblemobile.flagship
com.sprint.vvm
flash.caller.announcer.alert.block
com.jao.wifi.map.hotspot.connection.wifianalyzer.password.anywhere.wifimanager
com.text.colormessenger
bolt.speed.browser
com.emoji.stickers.whatsapp
com.free.wireless.hack.network.connection.hotspot.password.wifi
kha.prog.mikrotik
com.mobile.number.locator.phone.gps.map
com.simpler.dialer
com.att.mobile.android.vvm
com.chrome.dev
com.hushed.release
nu.tommie.inbrowser
com.droid.caller.id.phone.number.location
com.wimosalsafi.wifi.password.anywhere.map.connection.hotspot.wifianalyzer
org.torproject.torbrowser_alpha
lex.com.webbrowser
com.rsa.securidapp
masih.vahida.serverwalkietalkie
com.ksmobile.cb
com.promessage.message
air.com.renovo.vismobile
com.ssm.nt.new.year.photo.frames.greeting.wishes
il.co.smedia.callrecorder.yoni
com.tmobile.digits
com.TeenChatforTeenagers
com.textu.sms.privacy.messenger
org.adblockplus.browser
ws.coverme.sentry
com.timex.FamilyConnect
com.gangverk.sling
com.tohsoft.mail.email.emailclient
com.fevdev.nakedbrowser
com.icq.mobile.client
any.call.international.phone.wifi.calling
com.valvesoftware.android.steam.friendsui
com.androidbull.incognito.browser
com.ucturbo
memesconfrases.stickers.wastickerapps
