com.hily.app
co.hinge.app
com.match.android.matchmobile
com.affinityapps.blk
com.okcupid.okcupid
com.affinityapps.chispa
com.zoosk.zoosk
ru.fotostrana.sweetmeet
co.clover.clover
com.jaumo.casual
com.hotornot.app
com.mason.wooplus
com.app.rondevo
com.infostream.seekingarrangement
com.sugardaddydating.sugardaddymeet
com.eharmony
mingle.android.mingle2
dating.app.chat.flirt.wgbcv
com.farmersonly.android
com.cougardating.olderwomendating
com.cupidmedia.wrapper.latinamericancupid
com.coffeemeetsbagel
com.antiland
com.lovinga
com.meetville.dating
com.peoplemedia.ourtime
com.socialapps.flirt
com.idealmatch.idma
com.blackwhitemeet
com.wildec.fastmeet
co.dilmil.android
com.besget.gaper
com.league.theleague
com.trandrapp.trandr
com.millionairedating.millionairematch
com.evermatch
com.instant.flirt
com.muzmatch.muzmatchapp
com.connectllc.ship
com.blendr.mobile
cdff.mobileapp
com.meetup.cougar.hookup
com.sweetupdating
de.affinitas.za.co.elitesingles.and
ru.mobstudio.andgalaxy
com.peoplemedia.blackpeoplemeet
com.meetingbest
com.youdating
gayfriendly.gay.dating.app
com.instantapps.instantmatch
co.adultfnder.android
com.marks.dating
emotion.onekm
com.datinginyoucity
com.jaumo.mature
com.cupidmedia.wrapper.interracialcupid
com.wildec.dating.meet4u
com.ht.realblacklove
com.jaumo.prime
com.citydating
com.mdd.dating
com.cfaith.christiandating
com.bigbro.everychat
com.choiceoflove.dating
air.com.flaxbin.freechat
com.recordmedia.lesbit
com.cupidmedia.wrapper.muslima
com.mich.adultdate
de.appfiction.yocutiegoogle
com.cupidmedia.wrapper.militarycupid
com.wildec.meet24
com.planetromeo.android.app
com.eastmeeteast.eme_android
com.stddating.positivesingles
com.cupidmedia.wrapper.blackcupid
com.sugadady
com.local.hookup.chat.adult.dating.mobile.app.android
com.spark.com.silversingles.app
com.digdates.Dig
com.followers.communication
com.kinky.bdsm.hookup
us.personals
my.love.questoaskgirlsoftlaps
com.rlove
com.mooq.dating.chat
com.cupidmedia.wrapper.asiandating
com.cupidmedia.wrapper.bbwcupid
com.sunpromyproject.meetlovingsun
com.date.eug
com.cupidmedia.wrapper.internationalcupid
com.hitwe.android
kr.jungrammer.randomchat
com.mutualapp
com.mason.senior.meetme
ru.loveplanet.app
io.gonative.android.rzkyq
com.one.goodnight
com.nearby.chat.free
com.weloveapps.latindating
com.fast.dateme
chatmayores40.conocersolteros.citasamor
com.boranuonline.idates
com.neenbo
com.kritiqapps.transenger
camtalk.app.com
datee.mobi
com.cupidmedia.wrapper.pinkcupid
com.foreverbilisim.sevgilibul
com.mobifriends.app
lovequotes007.love.justforu.sweetromquestions
com.eurodate
media.media1e1a.arkadaslik
girls.chatmet
com.videochat.dateu.online
com.lesbian.chat
com.seeking.sugardaddy.luxy
com.potatolabs.banana
schan.main
co.zodiacmatch.freedating
bdff.mobileapp
site.sugar.android5dac92e02caf3
com.rubisoft.womenradar
chat.meet.date.me
com.aremoji.avatarmim.emojis
com.cfishes.christiandating
com.agniyaputri.allysa
com.chatroulette.videorndchat
im.howlr.app
usdating.usasingles.nearbymeet
me.mint
com.wannameet.android.app
com.kaolinsoftware.polyamdate
com.sugarmummyhookup.hookup
cpro.love
com.timbercook.mantoman
love.quotes.happy.relationlove
mingle.android.mingle
com.partyqs
kr.asiandate.thai
com.millionaires.millionaires
kr.jungrammer.anonymous
com.weloveapps.truelove
com.luzeon.BiggerCity
com.andromo.dev794930.app1028208
com.dating.mylove
boyfriend.cheating.app.im
ru.chocoapp.app
com.peoplemedia.bbpeoplemeet
com.pl.ajoinfinity.menwomendating
com.laxmibhagvan.online_dating
com.rusdate.net
dating.chatsugardaddysugarmummyonline
com.capes.skins
com.findmillionaire.android
com.matchlatam.usa.matchlatamapp
com.xebusinesshaven.tafutampenzi
com.setelia.boys
com.bi.bisingles
com.bbwdating.largefriends
com.desichat.socialapp
com.labelsoft.trydate
com.cupidmedia.wrapper.dominicancupid
com.id57.club57
com.livevideochat.girlschat
br.com.webadger.intoyou
spdate.online.girlsmeet.chat
com.ionicframework.vznakomstve
com.meetmindful.app
kr.jungrammer.candytalk
com.grokiolabs.Ferzu
com.buzzarab.buzzarab
com.yestiki.tiki.dating
chat.divorcedatingandmatch
com.QueContactoscom.QC
com.AmorEsporadico.QC
com.datingsphere.app.DatingSphere
one.sugardaddy.com
com.davis.justdating
com.irihon.katalkcapturer
com.yr.questions
com.wBlackDating_9333477
com.dested.doubledates
cougar.dating2
com.horror.maps.prison
com.dating.justshe
com.omnisynth.monchat
date.menow.freegirlschat
com.peoplemedia.singleparentmeet
bbw.com.dating
com.etwinklesolutions.strangrz
com.mingle.justsayhi
com.rencontrepourado.freedatingapps
com.datetoday.android
com.bigbro.pinkchat
com.catholicmatch.app
com.testa.lovebot
com.cupidmedia.wrapper.christiancupid
us.FamilyLocating.VirtualGirl
com.soudfa
com.nobluffdating.com.app
