com.duolingo
mobi.abcmouse.academy_goo
com.nick.noggin
com.wonder
com.brainbow.peak.app
net.wordbit.enes
com.babbel.mobile.android.en
org.pbskids.video
kr.co.smartstudy.babyshark_android_googlemarket
com.yousician.yousician
com.vitotechnology.StarWalk2Free
com.remind101
com.samsung.sree
no.mobitroll.kahoot.android
com.google.android.apps.classroom
com.classdojo.android
air.com.rosettastone.mobile.CoursePlayer
com.microblink.photomath
com.funpop.android_conecupcake
net.wordbit.esen
com.miga.world
forqan.tech.babypuzzles_edu.ads
com.numbers.glittercoloringdodo
com.area120.grasshopper
com.instructure.candroid
air.com.starfall.more
curso.d.ingles.gratis
com.getepic.Epic
com.tocaboca.tocakitchen
com.powerschool.portal
com.foofoo.tracing
com.beansprites.rainbowslushytruckFREE
com.quizlet.quizletandroid
com.movile.disneyjuniorplay_latam_an
com.udemy.android
com.listeneng.sp
com.PYOPYO.StarTracker
com.driverlicenseapp
com.microsoft.math
org.khanacademy.android
com.funpop.android_makeupcake
com.speak.better.correctspelling
com.bagatrix.mathway.android
com.lavadip.skeye
com.ewa.ewaapp
com.t11.skyviewfree
com.ixl.ixlmath
com.curiosity.curiositystream
com.creative.Learn.to.draw.cartoon
com.blinkslabs.blinkist.android
com.ted.android
me.mycake
gov.ca.cdph.cawic
com.blackboard.android.bbstudent
com.learninga_z.onyourown
com.nicedayapps.iss_free
org.khankids.android
com.siwalusoftware.dogscanner
com.yanka.mc
com.busuu.android.enc
com.bible.kids
com.lumoslabs.lumosity
com.infinitecampus.student.campusportalhybrid
com.getmimo
com.miga.myapartment
com.brainpop.brainpopjuniorandroid
com.sololearn
com.sagosago.World.googleplay
com.wafour.wapiceng
com.greysprings.kindergarten8
org.socratic.android
com.memrise.android.memrisecompanion
com.learn.engspanish
cn.danatech.xingseus
com.vitalsource.bookshelf
org.plantnet
com.miga.myvacation
air.nn.mobile.app.main
com.deepstash
co.kidcasa.app
com.gs.cookieapp
air.cbn.superbook.bible.app.android
com.bubblingiso.CDL
com.TooFunnyArtists
com.headway.books
com.sagosago.ConstructionWinter.googleplay.free
com.mattel.jurassicworld2
com.miga.mytvshows
com.hip.app
com.fatcat.BraidedHairstylesSalon
org.coursera.android
com.youdao.hindict
example.matharithmetics
com.miga.myschool
com.miga.mystore
com.flowkey.app
com.miga.mypets
com.evilduck.musiciankit
com.miga.mytown
tenmb.asl.americansignlanguagepro
kr.co.smartstudy.bodlebookiapfree_us_android_googlemarket
com.draw.ai.learn.to.draw
com.ichi2.anki
com.linkedin.android.learning
com.starfall.StarfallABCs
com.aofl.readingiq.google
com.yousician.piano
com.santamonicaapps.cursodeingles
com.atistudios.mondly.languages
jp.smarteducation.tofusushi
kr.co.influential.youngkangapp
com.vrits.andrewgemshop
com.usefulmobileapps.mindsettransformation
com.skyward.mobileaccess
com.skillshare.Skillshare
org.edx.mobile
com.miga.myhospital
com.bendydarkcharacter.proguiaforbendy
helium.wordoftheday.learnenglish.vocab
justimaginestudio.com.mindset_achieveyourgoals
com.simonandschuster.pimsleur.unified.android
com.playtoddlers.happydaycarestories.free
com.kidsplaylearning.apps.colorbook
com.lingodeer
com.schoology.app
es.monkimun.lingokids
com.miga.myfirestation
com.study.app
com.translateall.languagetranslator.voicetranslation.voicechat.speakandtranslate
com.parentlab.canis
com.FreeLance.StudentVUE
kr.co.smartstudy.singingphone_android_googlemarket
com.forqan.tech.Jobs
com.playtoddlers.sweethomestories.free
com.funpop.android_icepop
com.sagosago.Friends.googleplay
io.getready.ready
air.com.eu.inove.sss2
com.tangibleplay.osmo.parent
co.brainly
com.google.vr.expeditions
app.dogo.com.dogo_android
ru.adhocapp.vocaberry
com.hihellooforhello.neighborhihelloalpha
com.learnwithhomer.webapp
com.rishabhk.vocabbuilder
com.forqan.tech.CarsColoring
com.drpanda.town.street
com.bubblingiso.uscitizenshiptest
com.coloringbendy.bendycartoon
com.infinitecampus.parent.campusportalhybrid
com.vipkid.app_teacher
com.saferoadsalliance.roadready
com.languagedrops.drops.international
air.fisherprice.com.Puppy
com.sagosago.BabiesDressUp.googleplay.free
gov.nasa
com.jeffreydiaz.android.app.cdlprep
com.vialsoft.motorcycleusafreemium
com.article.how.todo.anything
com.funpop.android_bubbletea
com.abc.gedtest
org.brilliant.android
com.funpop.android_princesscake
com.ubestkid.kidrhymes.a
com.developitnowadays.spanishtoenglish
com.fws.plantsnap2
com.slader.slader
com.david.android.languageswitch
com.zeemish.spanish
com.DeltaDefense.playstore.uscca
org.lds.yth
com.mobile_grants
com.dow.uscitizenshiptest
com.edokicademy.montessoriacademy
net.musopia.fourchordsjustin
com.bubblingiso.NewYorkDrivingTestSpanish
gov.faa.b4ufly2
com.openlanguage.kaiyan
com.creatorfactory.citizen.us.audio
com.vialsoft.cdlusafreemium
mobi.recyclecoach.worldster.pack
com.Nelnet.nelnetmmaapp
com.nicusa.pdt
com.hellotalk
com.beansprites.richgirlsclubFREE
com.dafftin.android.moon_phase
com.jony.yes.papa.call
com.ionicframework.tarot371308
kr.co.smartstudy.pinkfongtv_android_googlemarket
com.hss.msb
app.plant.identification
air.com.sierravistasoftware.SightWordsSB1
com.waddensky.nightshift
seesaw.shadowpuppet.co.seesaw
com.hadialbeni.sendensonra
com.bubblingiso.uscitizenshiptestspanish
com.juniorpear.animal_sound
tinytap.kids.learning.games
com.bubblingiso.USDrivingTest
