com.disney.disneyplus
com.netflix.mediaclient
com.google.android.play.games
com.hulu.plus
com.amazon.avod.thirdpartyclient
com.tubitv
tv.pluto.android
com.bydeluxe.d3.android.program.starz
com.roku.remote
paint.by.number.pixel.art.coloring.drawing.puzzle
com.palmsecret.horoscope
com.bitstrips.imoji
com.cbs.app
com.google.android.apps.youtube.kids
tv.twitch.android.app
com.microsoft.xboxone.smartglass
com.playland.fancyslime
com.google.android.apps.youtube.unplugged
com.Funimation.FunimationNow
com.nbcuni.nbc
com.fox.now
ru.brothersappsandgames.smashdiyslimefidgetslimy
com.scee.psxandroid
com.scannerradio
com.digidust.elokence.akinator.freemium
com.gamepass
com.TWCableTV
com.fakehairclipper.hairtrimmerprankapp
com.science.yarnapp
air.com.vudu.air.DownloaderTablet
com.disney.datg.videoplatforms.android.watchdc
com.playstation.remoteplay
com.disney.datg.videoplatforms.android.abc
com.fun.top.video
com.xfinity.cloudtvr
com.cmever.always.color
com.gotv.crackle.handset
com.future.me.palmreader
com.affinity.rewarded_play
com.cw.fullepisodes.android
com.golemon.wegoo.funny
com.creative.sandbox.number.drawning.coloring
com.joy.freemusic
com.crunchyroll.crunchyroid
com.nickonline.android.nickapp
com.vizio.vue.launcher
com.adsk.sketchbook
com.showtime.standalone
com.cb.pregnant.mom.baby.newborn.care.games
com.sling
com.wb.goog.dcuniverse
com.outfit7.talkinggingerfree
com.viacom.betplus
com.moviesanywhere.goo
com.directv.dvrscheduler
com.imdb.mobile
com.horoastroline
com.cinemaxhd.movieonlinefree
com.DB.playinstore
com.iapgames.puppynewbornbaby
com.showmoviesbox.newboxshow
com.freegame.relax.paintnumber
tv.fubo.mobile
com.lge.app1
com.nick.android.nickjr
com.mcprohosting.beam
com.faceditor.facex
com.amc
com.gonoodle.gonoodle
com.fandango.regal
com.aetn.lifetime.watch
com.hbo.hbonow
com.lego.common.legolife
com.vidangel.thechosen
com.aetn.aetv.watch
com.eventbrite.attendee
gov.ca.lot.caLotteryApp
com.shows.moviestvbox
com.hanno.adwallet
com.lionsgate.pantaya
com.baviux.voicechanger
com.fandango
com.valvesoftware.android.steam.community
com.discovery.tlcgo
com.playstation.mobile2ndscreen
com.anistream.app
com.redbox.android.activity
tv.caffeine.app
com.TAP.TapTapTap
com.merrychristmas.santacall.santavideocall.santaclaus
com.hulu.livingroomplus
com.face.camera.horoscope
mobi.ifunny
com.appcraft.unicorn
me.zepeto.main
com.xumo.xumo
com.oculus.twilight
com.nintendo.znca
com.discovery.idsgo
com.texas.lottery
com.aetn.history.watch
com.uproargames.memesoundboard2017
company.wherecaniwatchmovies.cyrosehd.android
com.plexapp.android
com.mirrorai.app
com.just4fun.addghost
com.applegends.freesongs.music
com.cinemark.mobile
com.outfit7.talkingben
smart.tv.wifi.remote.control.samcontrol
com.outfit7.gingersbirthdayfree
com.vimeo.android.videoapp
com.att.dtv.shaderemote
com.patreon.android
com.pixel.art.paint.coloring.book.draw.puzzle.game
com.sm.SlingGuide.Dish
com.microsoft.xcloud
com.mentormate.android.inboxdollars
com.no.color
com.mattel.pictionaryair
com.outfit7.talkingtom2free
com.HBO
com.buffalowildwings.blazinrewards
com.androidrocker.voicechanger
com.outfit7.talkingangelafree
com.moumovi.onlinehdmovies
app.greetingcallfromsanta.santagame
com.bluesky.best_ringtone.free2017
com.gogoair.ife
com.mama.hd.movies
com.ryzenrise.thumbnailmaker
com.tfgco.apps.coloring.free.color.by.number
com.ellation.vrv
com.outfit7.talkingnewsfree
com.att.tv
com.freemoviesonlinee.hdmovies
com.powernapps.acallfromsanta
com.disney.datg.videoplatforms.android.abcf
com.gamestop.powerup
police.scanner.radio
com.axs.android
com.philo.philo.google
diy.slime.simulator.asmr
free.musical.fans.followers.likes.hearts
com.number.draw.dot.to.dot.coloring
com.freeairytv.android
com.old.face.cartoon.camera
com.spinthewheeldecider
com.telemundo.awe
com.verizon.myfios
com.rljentertainment.umc.android
com.fungamesforfree.colorfy
com.kivitu.app
com.textingstory.textingstory
com.daily.zodiac.signs.horoscope.palmistry
com.zombodroid.MemeGenerator
com.crack.screen.prank.bfun
com.free.movie.video.player
com.qwert.movie.hdfree
air.com.officemax.magicmirror.ElfYourSelf
net.trilliarden.mematic
com.adultswim.videoapp.android
com.pixign.premium.coloring.book
com.wetv.WEtviPhoneApp
com.mohdotcom.doctorbxcounter
com.dramaton.squisher
com.picsart.draw
com.hdmoviesfreetowatch.newmovies
com.hdfullcinema2019.freeonlinemovies
sandbox.art.sandbox
guns.for.minecraft
com.scoompa.facechanger
com.poly.art.coloring.color.by.number
com.apps4you.lighter
com.babymariagames.puppypetdaycare
com.pongalo.app
com.univision.univisionnow
com.davexp.dollify
com.lyxoto.master.forminecraftpe
com.cyberstep.toreba.android
com.gta.grandtheftauto.cheats.five
com.ringpro.popular.ringtones
com.ojoo.funny.video.buzz
com.free.music.ringtones.download.ringtoneapp.mow
com.lordbackup.playgo
com.discovery.discoverygo
com.mtvn.mtvPrimeAndroid
com.freemovies2019.watchhdmovieonline
com.outfit7.tomslovelettersfree
com.mobilplug.lovetest
games.paveldogreat.fluidsimfree
com.verizon.fios.tv
com.fxnetworks.fxnow
com.cw.seed.android
com.electricfoal.buildingsformcpe
com.app.emotes.dances.fortnite
com.piupiuapps.coloringglitterkawaii
faceapp.facereading.horoscope.zodica.signs.astrology
com.detector.lie.game.prank
de.twokit.video.tv.cast.browser.lg
