com.ticketmaster.mobile.android.na
com.seatgeek.android
com.vividseats.android
com.stubhub
com.tickpickllc.ceobrien.tickpick
com.gametime.gametime
com.greetingsisland.sam
app.panchip_weinikang.planecontroller
com.todaytix.TodayTix
com.bridebook.mobileapp
draziw.leftday.widget
com.ticketsmarter.TicketSmarter
mobile.appcq8cCTCGnF
com.vrchat.anime.avatars.online
com.goldstar
com.chic.policelights
com.angkormobi.ukcalendar
app.mywed.android
com.showhd.hdcinema
com.timeanddate.countdown
com.samruston.hurry
com.renprod.sacanime.mobile
me.discotech
com.meetingplay.gaylordwayfinding
com.chic.ledstrobo
com.amitech.allevents
com.survival.maps.redstone
com.vlabs.eventplanner
com.edmtrain.edmtracks
com.sched
org.jw.jwevent
com.sony.psexp2016
com.zombie.addons.mods.mutant.vampire.pe
com.bigneon.mobile
com.tailskinsear
com.ticketlite.Ticketclub
net.smartlogic.three65days
mobile.app5CEIYfcnrW
com.nearify.android
com.all_gymnastics.meethub
com.microsoft.certain.live
com.tester.arejay.tester1
com.meetappevent.meetappgo
a2z.Mobile.Event5585
com.ticketnetwork.TicketNetwork
com.topRingtones.TikTok
com.ticketfire.android
com.ticketswap.ticketswap
com.estream.telemapper
mobile.appR4KJ1ieIGj
com.gradientsummit.mobile
com.chic.colorfuldiscolights2
com.msint.weddingplanner
mobile.app77BEqoh30l
org.yes2khalistan.app
com.webmobi.revgroup2019
com.gpj.macys
com.hajarbsazmimosasaa.dreamleaguesoceerr
com.herschend.halooutpost
com.intuit.quickbooksconnect
com.mmobile.app.event
spapps.com.earthquake
com.tentimes
com.cardhub
com.xcr.android.eventticketscenter
com.djonique.birdays
com.zippyttech.pandora
com.seatz_mvp
com.invitation.maker.birthday.card
guru.fan.app
my.birthdayreminder
co.ellym.herenorthere
com.sched.cpc20
com.visyon.govx
com.cueaudio.cue
com.gather_plus
a2z.Mobile.Event5721
orion.apps.christmassongs
com.laneone.consumer
com.marshallgordon.smashgg
ru.handywedding.android
com.konnected
mobile.appqJCEOnOtNk
com.bizzabo.client
com.viagogo.consumer.viagogo.playstore
com.durenis.coltherapy
com.crowdcomms.elements
com.desygner.invitations
com.wfol
com.reedexpo.emperia
com.trendind_mobile_apps.birthday_songs_2018
com.oomovil.teleperformance
com.jurassic.park.maps.dinosaur.crazy
com.events.invitation.stylishcardmaker.free
com.webmobi.vonage2020
air.seating.arrangement
mobile.appXtrwMQJvqA
pl.ordin.whohasdiedrecently
com.cannax
com.empire.polo
com.crowdcompass.app7sAZaY3ONw
com.wevedo
io.kodular.dktricks15.New_Year
com.chic.colorstrobeflashlight
com.tmsdurham.shortlist
com.huddleinc.GoFan
com.sharemyspace.app
calendar.hijri.islamic.reminder
com.walmart.recruiting.perkpickup2017
com.samsara.partyhunt
com.pluginbim.plugin
com.amitech.alleventsorg
com.GalaxyCon.growtix
mobile.appbtdyFfM1aj
quickpay.cl
au.com.entegy.ebportal
com.howlongagogo.app
com.appianevents.appianworld
com.eventleaf.guide
happybirthdaysong.birthdaygreetings.freemusicandwishes
com.productions.akshitsehgal.planitouteventplanner
com.birthday.invitation.cardmakerfree
com.jahwow.jahwow
ua_olkr.guestlistcontroller
com.ftapp.swipe
com.unation.app
com.mbusa.memedia.android
com.kedrion.mywayto
com.peatix.android.Azuki
com.xpopress.gemshowapp
com.seatjunky.mobile
com.lrp.a2z
com.tomolabs.gearfitcalendar
com.sevaexchange.humanityfirst
com.refinedinc.unireminders
com.andromo.dev628990.app890057
com.goldmansachs.gd.goldmansachsevents
com.jukely
com.mpro.happynewyearringtones
com.bose.gd.events
com.icalendar.phonex
co.modelun.mobile
com.blizzard.blzc
com.wappnet.hauseparte
com.webmobi.ah4r
com.bandainamcoent.google.eventsapp
com.pets.mods.addons.animal
jp.emi.android.christmas
com.pixelpainter.aViewFromMySeat
org.xjiop.contactsbirthdays
com.blinkgameinc20go.ln
com.coolkit.ewelinkcamera
tv.snappers.stream
com.ultra
br.com.gsmdnrf.event8euf0cp
com.ideasmotors.bonsai
com.cpbs.xtv
com.scripin.scripinweddings
com.meetappevent.ups_clc
mobile.appn2ZXN3bpWC
com.splashthat.host
com.app.magicmoneyguest
com.poshmark.poshfest
mobile.appj0vEK2eZkN
io.expopass.expo
com.cinnamon.burbioandroid
com.oscarito.housedesign
mobile.app8F8iTsffZ7
com.dreamhack.app
com.xomodigital.sxswgo
com.andromo.dev202848.app595183
com.onemillioncups.million_cups
com.app.gulfwarssca
com.wegow.wegow
com.sony.psatour
us.helperhelper
com.thestranger.thingstodo
mobile.appG2o1DtVuUo
com.swoogo.mobile
countdown.reminder.widget
com.quickmobile.deloitteevents16
com.birthday.photoediting.frames
com.iglesiadecristoenelgin.rnj2020
com.arba.walsworth
com.bestcoastpairings.toapp
mobile.appGXFtSbGnlE
com.ringonitapp.app
info.speedculture2app
chaud.chocolat.eventful
com.meetmoreyou.app
mobile.appPPUBgaWzcE
com.eventshigh.nearme.app
com.apps.usacalendar
com.xzdailygame.SweetFruitCubeLegend
com.caresca.planificatuboda
com.my.yousef.kl.arab.apk
info.SMS.Anniversaire.DevJado
com.webmobi.eversourceconferenceforsupervisors
com.sympla.tickets
com.iticket
