com.squareup.cash
com.paypal.android.p2pmobile
com.venmo
com.creditkarma.mobile
com.onedebit.chime
com.robinhood.android
com.konylabs.capitalone
com.zellepay.zelle
com.propel.ebenefits
com.truebill
com.chase.sig.android
com.google.android.apps.walletnfcrel
com.infonow.bofa
com.acorns.android
com.intuit.turbotax.mobile
com.stash.stashinvest
com.wf.wellsfargomobile
com.dave
com.experian.android
com.geico.mobile
com.intuit.qbse
com.phonevalley.progressive
com.joinroot.root
com.westernunion.android.mtapp
com.activehours
com.creditsesame
com.citi.citimobile
digit.android
com.meetalbert
com.cardinalcommerce.greendot
com.coinbase.android
com.varomoney.varo
com.brisk.jpay
com.mint
com.creditonebank.mobile
com.discoverfinancial.mobile
com.hellobrigit.Brigit
com.everydollar.android
com.finhabits.finhabitsapp
com.netspend.product.android
com.savewithsweet.sweet
com.allstate.view
com.greendot.walmart.prepaid
com.capitalone.credittracker
com.current.app
com.americanexpress.android.acctsvcs.us
com.mezu.android.client
com.youneedabudget.evergreen.app
com.mastercard.directexpress
com.intuit.turbo
com.syf.mysynchrony
com.statefarm.pocketagent
com.branchmessenger
com.meetcleo.cleo
com.usbank.mobilebanking
com.fidelity.android
com.xoom.android.app
com.pnc.ecommerce.mobile
com.moneylion
com.navyfederal.android
com.usaa.mobile.android.usaa
com.selflender.thor
com.colpit.diamondcoming.isavemoney
com.bossrevolution.money.production
com.tdbank
com.mobilecreditcards
com.gpshopper.moneygram
com.fsa.mystudentaid
com.meettally
com.remitly.androidapp
com.firstpremier.mypremiercreditcard.app
com.statefarm.dssm
com.ltmoneycenter_android.PROD
com.possible_mobile
org.dayup.stocks
com.ns.paypalpp
com.card.cardcom
com.worldremit.android
com.syf.cc
com.tdameritrade.mobile3
in.usefulapp.timelybills
com.paydayadvance
com.syf.amazonstorecard
com.fidelity.wi.activity
me.greenlight
gov.irs
net.gtl.mobile_app
com.bankofamerica.prepaid
com.even.harmony
com.regions.mobbanking
com.wageworks.ezreceipts
com.adp.wiselymobile
com.firsttennessee.mbanking
com.ally.MobileBanking
com.gmfinancial.myaccount
com.quickenloans.myql
com.hrblock.blockmobile
com.firstdata.moneynetwork
com.etrade.mobilepro.activity
com.gobank
com.bbt.myfi
com.progressive.snapshot2
com.cover.android
com.sofi.mobile
com.clairmail.fth
com.isavemagazine.igogig
com.vanguard
com.mobills.fiftytwoweeks
com.scoresense.pwa
com.digicel.digicelmycash
com.yahoo.mobile.client.android.finance
com.connectyourcare.mobile30
com.intuit.mobile.taxcaster
com.huntington.m
com.lifelock.memberapp
com.suntrust.mobilebanking
com.lemonadeinc.lemonade
com.serve.mobile
com.mychime.waveremit.app
com.andromo.dev8656.app668567
com.Splitwise.SplitwiseMobile
com.woodforest
com.optum.mobile.OptumBank
co.mona.android
com.progfinance.progressivemobile
com.schwab.mobile
com.chexar.ingo.android
com.lmig.pm.internet.mobile.android.libertymutual
com.titlemax.customerapp
com.healthequity.healthequitymobile
com.incomm.otc
com.bbva.compassBuzz
com.netspend.mobileapp.westernunion
com.mobiledatalabs.mileiq
com.symantec.lifelock.memberapp
com.andromo.dev430081.app392812
com.ml.mobile.bol
com.merrickbank.smartclient.prod
com.perpay.mobile
com.transferwise.android
com.payfare.lyft
com.paydayloansbearonline
com.citizensbank.androidapp
com.conduent.ebt
com.mfoundry.mb.android.mb_111906271
de.number26.android
com.barclaycardus
com.droid4you.application.wallet
org.ncsecu.mobile
com.chasepay.sig.android
com.hrblock.AtHome
money.expense.budget.wallet.manager.track.finance.tracker
com.key.android
com.esurance.app
com.bluebird.mobile
com.sovereign.santander
com.realbyteapps.moneymanagerfree
com.payflex.hhmobile
com.jikoservices.jikoapp
piuk.blockchain.android
com.pheaa.mobile.pheaafls
com.springleaf.mobile
com.evertec.athmovil.android
com.stridehealth.drive
com.cnbc.client
com.fusionmedia.investing
com.pnc.ecommerce.mobile.vw.android
com.ally.auto.activity
com.mtb.mbanking.sc.retail.prod
com.lexingtonlaw
com.keefegroup.access.corrections
com.ria.moneytransfer
com.mhriley.spendingtracker
com.myfico
com.ProActMobile
com.devexperts.tdmobile.platform.android.thinkorswim
com.m1finance.android
com.usb.cps.axol.usbc
com.DailyPay.DailyPay
gokart.com.principal
com.bitcoin.mwallet
com.mrcooper.apollo.beta
us.hsbc.hsbcus
com.mobileapp.android.rapid
com.farmers.ifarmers
com.personalcapital.pcapandroid
cloud.money.server.mining
com.tmcc.click2pay.mytfs
com.nationwide.mobile.android.nwmobile
com.metlifeapps.metlifeus
com.aflac.access
com.andromo.dev8656.app621993
com.marketwatch
com.wirecard.payoutnam.ecount
net.metaquotes.metatrader4
com.kitco.goldlive
com.bitpay.wallet
com.quicken.qm2014
org.mygreatlakes.borrower.mobile
com.qapital
