com.dd.doordash
com.mcdonalds.app
com.ubercab.eats
com.grubhub.android
com.emn8.mobilem8.nativeapp.bk
com.starbucks.mobilecard
com.postmates.android
com.littlecaesars
com.dominospizza
com.chickfila.cfaflagship
com.yum.pizzahut
com.Caseys.finder
com.sei.android
com.instacart.client
com.main.gopuff
com.instantbrands.app
com.tacobell.ordering
com.sonic.sonicdrivein
com.subway.mobile.subwayapp03
com.wendys.nutritiontool
com.dunkinbrands.otgo
com.buzzfeed.tasty
com.papajohns.android
com.chipotle.ordering
com.home.recipes.food.drink
com.emn8.mobilem8.nativeapp.popeyes
com.hellofresh.androidapp
com.murphy.driverewards
com.panera.bread
com.cardfree.android.redlobster
com.yummly.android
com.olo.applebees
com.darden.mobile.olivegarden
com.neighbfav.neighborfavor
com.beyondmenu
com.slicelife.storefront
com.opentable
com.mealime
com.olo.dairyqueen.production
com.allrecipes.spinner.free
com.mcdonalds.mobileapp
wb.mobile.cx.client.droid
com.arbys.android.arbysapp
com.mcdo.mcdonalds
com.project.kiranchavan.ketofree
com.jackintheboxinc.JackMobileApp
com.olo.ihop
com.drizly.Drizly
com.punchh.mod
com.zipscene.mobile.sns
com.foodtec.marcos
com.outback.tampa
com.seven.eleven.phoenix
com.pandaexpress.app
com.wegmans.wegmans2go
com.untappdllc.app
vivino.web.app
digital.rbi.timhortons
com.instacart.client.publix
com.snapfinger.mobile.zaxbys
com.seamlessweb.android.view
com.dennys.mobile
com.crackerbarrel.app
com.olo.elpolloloco
com.hw.blaze
com.tweglobal.ar19crimes
com.lazyketo.recipeapp
com.anovaculinary.android
com.shakeshack.android
com.waitrapp
com.tropicalsmoothie.tropicalsmoothiecafe.android.app
com.freshly.meal
com.olo.papamurphys
com.appsmyth.mobile.smoothieking
com.everyplate.android
com.hyvee.android
com.amazon.ihm.richard
com.kasacapital.bitesquad
com.qdoba.android
com.hungerrush.hungryhowies
com.supercook.app
app.quiktrip.com.quiktrip
com.olo.jambajuice
com.hyvee.grocery
com.olo.deltaco
com.thuzi.firstwatch
digifit.virtuagym.foodtracker
com.tillster.frd_us_mobile
com.blueapron.blueapron.release
com.darden.mobile.longhornsteakhouse
com.instantpot.app
com.trycaviar.customer
food.coupons.deals.kgr
com.baskinrobbins.app
com.olo.noodles
com.burgerking.kingfinder
com.culvers
com.traegergrills.app
com.ikdong.dietplan.pro.pressure
com.skollabs.tipcalc
qmenu.us
com.auntieannes.pretzelperks
com.kfcecuador.kfc
com.nibbleapps.fitmencook
com.paytronix.client.android.app.peetsapp
com.eatstreet.android
com.plantoeat.mobile
com.hindsightlabs.paprika.android.v3
com.pfchangs.order
com.sourceapp.ebb
com.mymealhero.android
com.harristeeter.htmobile
com.chefsteps.circulator
dil.multicooker_recipe
com.deliverycom
com.joelapenna.foursquared
com.rubios.app
com.habit.mobile
com.trubeacon.scooters_mobile_android
com.mybarapp.free
com.apptionlabs.meater_app
com.punchh.txdq
com.caribou.caribouapp
com.tudorspan.recipekeeper
com.ma.cc.salad
com.vc.voco
com.eat24.app
com.barstoolsports.onebite
com.olo.bostonmarket
com.thehalalguys.app
order.food.online.delivery.offers.deals.usa
com.proxsky.dennysdeals
com.abcsmartcookies.cocomobile
com.application.zomato
com.dominos.caribbean
com.jasonsdeli.app
fr.cookbook
com.grabbd.app
order.food.online.delivery.offers.deals
com.junismile.superfood.de
com.grability.rappi
com.punchh.smashburger
com.kiransmoothie.kiranchavan.juicerecipe
com.global.foodpanda.android
burger.food.king.coupons
com.rockne.coe
me.lwwd.mealplan
com.healthyeasyrecipesapps.ketodietrecipes
com.wishmobile.cafe85en
com.paytronix.client.android.app.captaind
com.jetspizza.ordering
com.roundtablepizza.app
com.thehumanbean.thehumanbean.android.app
com.pieology.app
com.recipe.newfoodininja
com.project.kiranchavan.detoxfree
com.sidechef.sidechef
com.mobile.potbelly
com.olodickeysapp
com.kfteausa.kungfutea.android.app
com.genghisgrill.app
com.famousdaves.app
co.ritual.app
com.cellit.flexilist.leye
dil.diet_food
com.ak.app.gyukaku.activity
com.chefling.chefling
com.littlebrownie.troop
com.PolloTropical.pt
com.buyvia.foodcoupons
com.paytronix.client.android.app.cpk
burger.coupons.deals.bgk
com.sparkpeople.android.cookbook
com.olo.coldstone
com.waybackburgers.waybackburgers.android.app
com.keto.recipes
com.foodbooking.grubhubdelivery
com.eduven.cc.ketogenic
com.oneabsolute.mealplanner
com.coffeebean.apps.production
com.vokal.fooda
com.proxsky.myapplication
com.sweetgreen.android.app
com.fatbelly.a21dayketodietweightlossmealplan
com.dinnerly
com.tiffstreats.cookiedelivery
com.pluckers.wingbar
com.withangelbro.android.apps.vegmenu
com.wahlburgers.app
com.winern.android
com.eduven.cc.mediterranean
com.relevantmobile.peiwei
com.wedefineapps.masterculinary
com.ak.app.neckter.activity
com.ncr.huddlehouse
com.carrabbas
com.paytronix.client.android.app.pizzaranch
com.beefobrady.app
fr.haruni.frigomagic
com.thanx.loumalnatis
