musclebooster.workout.home.gym.abs.loseweight
com.fitbit.FitbitMobile
com.calm.android
in.sweatco.app
com.reflectlyApp
com.onepeloton.callisto
com.wsl.noom
com.sec.android.app.shealth
com.myfitnesspal.android
com.gen.workoutme
com.getsomeheadspace.android
com.wombatapps.carbmanager
com.fiton.android
com.weightwatchers.mobile
com.planetfitness
com.sillens.shapeupclub
homeworkout.homeworkouts.noequipment
com.fitnow.loseit
com.google.android.apps.fitness
com.popularapp.thirtydayfitnesschallenge
com.freeletics.lite
sixpack.sixpackabs.absworkout
menloseweight.loseweightappformen.weightlossformen
org.iggymedia.periodtracker
com.veryfit2hr.second
co.thefabulous.app
com.kilofasting
com.mobile.uhc
com.alltrails.alltrails
losebellyfat.flatstomach.absworkout.fatburning
com.gen.bettermen
com.remind.drink.water.hourly
net.p4p.butt30day
com.zerofasting.zero
com.centr.app
splits.splitstraining.dothesplits.splitsin30days
loseweightapp.loseweightappforwomen.womenworkoutathome
com.garmin.android.apps.connectmobile
com.mindbodyonline.connect
women.workout.female.fitness
com.bodyfast
com.twentythreeandme.app
com.popularapp.periodcalendar
com.strava
steptracker.healthandfitness.walkingtracker.pedometer
com.clue.android
fat.burnning.plank.fitness.loseweight
com.achievemint.android
bodyfast.zero.fastingtracker.weightloss
com.cigna.mobile.mycigna
loseweight.weightloss.workout.fitness
com.ecw.healow
com.wte.view
org.kp.m
com.lafitness.lafitness
ai.replika.app
breastenlarger.bodyeditor.photoeditor
com.bodbot.trainer
com.beachbody.bod
com.qingniu.renpho
relax.sleep.relaxation.sleepingsounds
com.dailyyoga.inc
com.virginpulse.virginpulse
increaseheightworkout.heightincreaseexercise.tallerexercise
com.venninteractive.ssketo
armworkout.armworkoutformen.armexercises
com.ellisapps.itrackbitesplus
com.kaylaitsines.sweatwithkayla
com.yazio.android
pedometer.steptracker.calorieburner.stepcounter
stretching.stretch.exercises.back
com.lifeomic.lifefasting
com.spotlightsix.zentimerlite2
com.mapmyrun.android2
com.vasafitness.members
com.crrepa.band.itouch
com.mapmywalk.android2
bot.touchkin
com.orangetheoryfitness.orangetheory
com.bendingspoons.thirtydayfitness
com.ab.drinkwaterapp
je.fit
periodtracker.pregnancy.ovulationtracker
com.nike.plusgps
com.tmsoft.whitenoise.lite
com.northcube.sleepcycle
com.ifit.wolf
com.healthywage
com.medco.medcopharmacy
com.eightfit.app
pedometer.stepcounter.calorieburner.pedometerforwalking
com.atkins.android.carbcounter
com.livestrong.tracker
us.tx.state.hhsc.ytbmobile
com.appyfurious.getfit
com.groundspeak.geocaching.intro
com.changecollective.tenpercenthappier
com.nike.ntc
com.humana.myhumana
ipnossoft.rma.free
com.classpass.classpass
com.meditation.elevenminute
cc.pacer.androidapp
com.fourtechnologies.mynetdiary.ad
com.asanayoga.asanarebel
com.emdigital.jillianmichaels
com.zpchallenge.android
cc.moov.five
com.uthink.ring
net.metapps.sleepsounds
com.synergy.flattummy
com.bcbssc.myhealthtoolkit.mobile
com.tivityhealth.silversneakersgo
life.simple
com.repsi.heartrate
com.selectcomfort.SleepIQ
com.fatsecret.android
com.veepoo.hband
com.fitstar.pt
com.runtastic.android
com.period.tracker.lite
com.stridekick.Stridekick
com.runtastic.android.results.lite
com.best.fit
com.lighthouse1.mobilebenefits.dbi
com.cronometer.android.gold
com.totalketodiet.ketodiet
keto.droid.lappir.com.ketodiettracker
com.eyefilter.nightmode.bluelightfilter
com.downdogapp.intro
io.a24go.android.dev
com.synctuition.synctuition
com.tucapps.extremevibrator
com.fitnesskeeper.runkeeper.pro
com.snorelab.app
slim.female.fitness.workout
com.github.jamesgay.fitnotes
com.caresource.caresource
com.fourdesire.plantnanny2
com.eyemed.eyemedmembers
com.rally.wellness
com.vshred
com.thinkdirty.thinkdirtyapp
com.diet.pixsterstudio.ketodietican
com.mapmyfitness.android2
com.hthunative
net.workoutinc.seven_7minutesfitness_forwomen
com.popularapp.sevenmins
com.anytimefitness.app
com.c25k
com.mindcandy.sleepstories
com.nutrisystem.numi
com.omronhealthcare.omronconnect
com.voltathletics.NativeApplication
com.humana.pharmacy
softin.my.fast.fitness
com.anthemengage.mobile
buttocksworkout.hipsworkouts.forwomen.legworkout
com.bluefish.heartrate
com.bcbsa.fepblue
com.emeals
com.withings.wiscale2
de.fastic.app
com.lifeomic.lifeextend
com.xiaomi.hm.health
com.lifetimefitness.interests.fitness
com.bodybuilding.rise
com.adorone.itech
cc.dreamspark.intervaltimer
maybebaby.getpregnant.getbaby.flo
com.yw.itouchs
is.abide
com.downdogapp
com.owletcare.owletcare
com.lf.lfvtandroid
com.hrd.motivation
com.dietbet.app
com.bcbsfl.mobile.android
com.betterhelp
com.despdev.quitsmoking
com.pg.oralb.oralbapp
de.pearl.px4555
com.Meditation.app
si.modula.android.instantheartrate
com.bwf.hiit.workout.abs.challenge.home.fitness
com.bm.android.thermometer
com.fitness22.workout
com.yoga.asana.yogaposes.meditation
com.downdogapp.hiit
com.northpark.drinkwater
com.downdogapp.seven
com.adorone.qsport
com.nitishsharma7.apps.solfeggiofrequencies
com.heartratemonitor.healthfitnesstracker
com.eatthismuch
cn.threeplus.appscomm.pedometer
com.fooducate.nutritionapp
homeworkout.homeworkouts.workoutathome.musclebuilding
com.uhg.mobile.health4me
nl.appyhapps.healthsync
