com.zillow.android.zillowmap
com.move.realtor
codematics.universal.tv.remote.control
com.servicemagic.consumer
com.trulia.android
com.apartments.mobile.android
com.zillow.android.rentals
com.apartmentlist.mobile
com.redfin.android
com.ivuu
com.thumbtack.consumer
codematics.roku.smart.rokutvremote.tvremote
com.appfolio.resident_portal
com.trulia.android.rentals
com.colorsnap
codematics.wifitv.tvremote.smarttv.remotecontrol.tv.remote.control
com.hotpads.mobile
com.zumper.rentals
com.opendoor.buyerapp
com.ecobee.athenamobile
com.simplysmartframe.app
com.heavyhammer.ushud
com.takl
com.vivint.vivintsky
fr.anuman.HomeDesign3D
com.eco.global.app
com.houzz.app
com.icandesignapp.all
com.rent
com.pepper.momentum
com.homesnap
com.code.bluegeny.myhomeview
com.warden.cam
com.remax.remaxmobile
org.nocable.android
com.looploop.tody
com.allegion.leopard
cz.rosada.ks
com.alexvas.dvr
com.freeirtv
com.autodesk.homestyler
com.amazon.cosmos
com.showingtime.ConsumerApp
com.homes.homesdotcom
com.tekoia.sure.activities
com.move.rentals
com.philips.hueswitcher.quickstart
es.inmovens.badi
com.mini.craft.minicraft.no.crafting.games.building
com.ring.answer
com.har.androidapp
com.walmart.inhome
com.hubzu.android
com.midasapps.roomcreator
com.buildium.resident.android
codematics.android.smarttv.wifi.remote.tvremote
es.roid.and.trovit
us.maxzieli.pathfinder
com.centriqhome.centriq
itdim.shsm
my.dtv.com.mydtvfinder
io.ionic.seed2spoon
io.homeassistant.companion.android
com.kitchensketches
cam.camy
com.zillow.android.zmm
com.andromo.dev8656.app700095
com.reliant.app
com.crazycraft.mods.addons.crazy.craft.lucky.block
com.myzap.cb
cz.scamera.securitycamera
io.olibra.bondapp
com.myzap.century21
com.reali.app
com.parcelpendingmobile.app
com.localgsa.HcadPublicA
com.zype.thisoldhouse
com.tmobile.homeisp
com.primedia.apartmentguide
com.selfhealing.candle11
com.guohua.north_bulb
com.variable.sw
com.ecovacs.ecosphere.international
dansons.pitbossgrills
com.nag.family.house.builder.virtual.mother.games
com.zuricate.vision
com.lesliespool.mobile
com.rachio.iro
com.dominion.outagecenter
com.sightplan.residentapp
roid.spikesroid.tv_remote_for_panasonic
com.orbit.orbitsmarthome
com.padmapper.search
co.real.productionreal2
roid.spikesroid.tv_remote_for_lg
com.searshc.kscontrol
com.abodo.ABODO
com.wash.connect
com.move.realtorpro.android
codematics.lgtv.lgsmarttv.lgtvremote.wifitvremote.tvremote
ca.crea.realtor
com.frameworkhome.keep
app.kaarss.webcam
com.antiquesnavigator.antique_price_guides
com.altec.shsm
com.andromo.dev601172.app653895
com.myambitapp
com.chic.bluelight2
com.homes.rentals
mobiletoolsshop.tvremote.sanyo
com.switchmatehome.switchmateapp
com.nuwave.cookingclub
com.andromo.dev302875.app664883
com.app.blanco
cz.master.lois
com.millionairemind.realestateinvestingforbeginners
com.inter_ikea.place
com.pamsys.WebCam
com.andromo.dev8656.app788062
com.twinkly
homee.provider.droid
com.homesweet.homedesign
com.designyourownhome.YEREMIA
com.greendot.smarthome
com.cawice.android
com.intretech.bounty
com.ivoncap.HousPlanIdeaAndDesign
com.paintmyplace.app
com.inditex.ecommerce.zarahome.android
com.planner5d.swedishhomedesign
com.plowz.app
com.pinkhouse.dollmcpe
com.logitech.circle
com.chic.violetlight2
com.subletapp.sublet
com.alpha.smashhome.destroy.houseinteriors.apps
com.closetsketcher
com.home.design.interior.house.mansion.myhome
com.smartrent.resident
co.abetterhome.lighter
com.getmysa.mysa
nfo.webcam
com.homeserveapp.homeserve
xyz.markapp.renthouse
homiedev.com.homie
com.sense.androidclient
com.app.groots
com.app.fiberoptic
com.myzap.bhgre
com.floorplanner.floorplanfinder
com.lowcost.apartments
com.myzap.era
com.laxmi.home_property
com.urba.section8guide
com.icandesignapp.kitchen
mobiletoolsshop.tvremote.insignia
com.yonomi
com.pepper.sprint
com.airthings.airthings
com.hunter.hunterWifiConnectAndroid
com.mindblowing.renovations3d
com.mitula.homes
xyz.naina.kitchendesigns
com.purascents.android
com.andromo.dev601172.app654219
com.gotailwind
com.palettecad.palettehome
com.aam.mobile
com.lockly.smartlock
com.prop.spyderweb.alloneusa
com.sunrun.mysunrun
com.buildapp
com.cube.craft.House.And.House.Creation.addoser
com.whisperarts.diaries.housekeeping
com.packntrack
com.irapp.ir
com.craft.android.woodwork
mobiletoolsshop.tvremote.emerson
com.johnlscott.mobile.client
mobiletoolsshop.tvremote.westinghouse
io.zego
com.A1HomeExteriorInspiration
com.tidy.homekeeper
com.bedjet.bedjet3
com.kelement.smart
com.mobilehomesforsale.usa
com.xome.android
codematics.smart.sony.remote
academehub.foreclosure_fixer_upper_ecobee_filp_house
com.offerpad.mobile
com.idealista.android
xyz.appmaker.qukopu
mobiletoolsshop.universaltvremotecontrol.tvremotecontrol
com.tts.house.desor
au.com.realestate.app
com.newpointmedia.magscanner
mobiletoolsshop.tvremote.sylvania
com.lumary.smart
com.willblaschko.android.abertosonorus
co.myelephant.app
