com.google.samples.apps.cardboarddemo
com.chic.blacklight
topringtones.newringtones.sonneries
mhl.tvcon.nector.hdmi
com.specialyg.ippro
com.lego.legohouse
com.re_coded.nds_quest
com.mhlhdmi.two
hdmi.connector.five
com.BlueeWooTeam.threeDSE
com.pokedex_v1
com.tomdxs.symafpv
com.manateeworks.barcodescanners
com.studio.coolmaster.coolerapp.cooling
com.eveningapp.wishegif
com.macrovideo.v380s
com.hdmi.app
com.macrovideo.v380pro
galaxys9ringtones.ringtonesfors9.notifications
com.equalizer.volume.music.bass.booster.tool
com.dl.app.div.dri
com.tomdxs.symagonewlib
com.applisto.appcloner.premium
dk.mymovies.mymoviesforandroidfree
in.fulldive.applicationslauncher
inc.trilokia.gfxtool.free
inc.trilokia.pubgfxtool.free
com.google.vr.cardboard.apps.designlab
com.connection.wireless.wirelessconnectortv
com.farproc.wifi.connecter
com.Asteroid.droneremotecontrol
com.agf.usbotg.Endoscope
com.newquotes.goodmorning
com.famousringtones2017.topringtones2017.funnyringtones2018
newking.james.version.BIBLE
com.desarrollodroide.repos
bestringtones2019.topringtones2020.android
com.mxtech.ffmpeg.v7_neon
ru.iiec.pydroid3.quickinstallrepo
com.quanticapps.quranandroid
com.agf.sdcard.Repair
com.hdmii.tvconnecttorr
com.hdmimhlll.miirrortotv
com.trending.Gangster_speedhero_ropehero
com.bettertomorrowapps.camerablockfree
com.xmtech.anysee
easy.to.read.kjv.bible
com.safira_blue.kyogre_zafiro
com.bettertomorrowapps.microphoneblockfree
com.vaqstotv.totvhdminow
com.cloud.ringtones.SamsungGalaxy
air.Air4Android
psp.emulator2019.play.freepspgames
com.wifiaudio.FABRIQ
com.agf.usb.endoscope
turbo.micro.craft.exploration.crafting.bekel
com.Spanish.Ringtones
com.flower.morning
com.storz_bickel.app.m_vap
com.hdUsbB.PHOnNectooor.tOTTTTTv
am.SD.Card.Repair
com.kava4g.zombie
com.ghostsq.commander.gdrive
com.selfhealing.chakrasnumber1
com.agf.usbaudio.player
com.tomdxs.dronefpv
com.mhl.adapter
com.modern.mansion.maps.castle
com.samsung.rms.retailagent.proxy
com.tomdxs.symafpv180209
com.hobbywing.app
com.hj.cf.sdcardfx.n
vstc.eye4zx.client
com.agf.usb.formatter
com.hichama.drone.wifi.connect
com.kava4g.gravity
com.frdeveloper.update.software.update.play.store
com.tplink.skylight
com.datavoiceint.MVEC
app.bhupesh.armorking.canny
com.usbconnector.totvhdmi
com.samsung.retailexperience.retailbeyond.universal
connectivity.com.hdmitvconnecter
com.guideir.app
com.ghostsq.commander.sftp
amplified.bible.free.OFFLINE
com.exampleasd.a8bitdo
com.agf.tvcon.hdmi
com.generalcomp.vrcam
org.opencv.javacv.recognition
com.reteampublic.bibliadelostestigosdejehova
com.samsung.retailexperience.retailstar.star.google
com.famousringtones2017.populartones.bestringtones
com.htc.sense.hsp
com.asteroid.hdmiotgchecker
com.agf.usbotg.viewer
com.backup.dataos
com.TVdevteam22.NewKoditvandaddonstips
com.joker.quote.wallpapers
com.topringtones2020.amazingtones2020.bestringtones2021
ch.zhaw.facerecognition
com.youssefappes.happynewyrr
com.quantrity.anttester
com.mxtech.ffmpeg.v7_vfpv3d16
com.HouseAndModernFurnitureForMCPEPRO.JomingWallpaper
com.ghostsq.commander.https
com.mixplorer.addon.codecs
agf.repair.damaged.mp4
com.material.components
com.scandit.demoapp
com.lge.retailmode
com.bottegasol.com.migym.ymca
com.newRingtones.galaxyS10tm
com.gifs.flowers
cars.screen.lock.wallpaper
com.frdeveloper.help.update.playstore.playservices
com.ConnectttLMS.phoneeetoTVlms.HdDMILMSprod
in.co.smartboy.animator
com.nextappsgen.rootsu
com.starvideo.proeditor
biblia.de.ESTUDIO
connectivity.com.hookingphoneconnecter
com.afwsamples.testdpc
com.hdmMhLl.MoBICONTt.sCRNcSStmirRtv
com.hdipc360
com.horror.maps.scary.parkour
com.mapbox.mapboxandroiddemo
com.ringtones.got
com.jrummy.apps.google.play.api
com.canon.csa.experience
com.scdroid.atranalyzer
am.SD.Card.Formatter
com.inoapp.cardinfo
com.kalimatwahikam.sowar.kalam
com.galaxynote10wallpaper.note10wallpaper.note10pluswallpaper
com.dmg.sd.v2
com.anysoftkeyboard.languagepack.arabic
com.CConctOOrrr.PpPhOOnNE.tTvvvTV
com.starscapes.vrdemo
com.mequeen.coloring
com.Best.Ringtones
com.mixplorer.addon.pdf
com.finestandroid.voiceeffect
com.app.candletibet
cn.thaishui.deng.jieapps
co.communico.slcpl
com.CoupleStoryStickers
com.idevicesinc.sweetblue.toolbox
com.generalcomp.sannce
com.neighboorhi.hidesikke.startt
com.pHoOnNeE.CoOOnCcT.tTOtTV
com.darkrealmgaming.androidsudo
islamicsongs.nasheed.nashydlagu
com.retro_mania.megaboy_super_nes
am.usb.camera.endoscope
com.thermometer.visiblefever
net.com.flash2018
bible.study.apps
com.UsTggG.stiiiiiiing.pHnTottv
com.iforpowell.android.ipantman
com.hdmiforphone.mhlhdmireader.mhlphonnetotv
com.livingabook.theartofwar
daily.missal.catholicdailyreading
io.github.x_wei.flutter_catalog
com.wpa.android.wifi.display
com.kapye.bluelight
uk.co.tekkies.plugin.kjv
ginlemon.smartlauncher.extratool
object.liouzx.client
ginlemon.smartlauncher.bootfix
com.chic.colorlightsshake
com.hidden.wifii.v2
com.bytestorm.artflow.input.sonarpen
com.bytestorm.artflow.input.scriba
ru.iiec.cuteloader
com.olaolaolaiptvdroid6.olav7byerezis1
com.coolringtones.topringtones2017.ringtonesforoppo
free.best.popular.ringtones.notifications
com.DenisLapiner.MultiplatformRuntimeLevelEditor
com.usb.hdmi.connect.wifi
com.cmer.terminal
com.CoNeTrR.TvTvTvTv.usbotgcoNt
com.mxtech.ffmpeg.x86
com.csovan.themoviedb
com.hacaller.biblialat
com.generalcomp.smonetc
com.capiratech.bcplmobile
com.uusbottg.cconnectttor
com.froop.app.kegs
com.potensic
com.skytech.dronefpv
com.sdcard.damage.Formatter
com.icatch.SkyThunderRC
nueva.traduccion.VIVIENTE
pkeyboard.languagepack.es
com.gb.wahtttssssss.plus
com.mxtech.ffmpeg.v6_vfp
com.ghostsq.commander.samba
com.andromo.dev667101.app708374
com.movensee.pixemapp
