com.google.android.apps.chromecast.app
goodluck.lucky.money.scratch.win.real.cash.day
com.scripps.android.foodnetwork
com.life360.android.safetymapd
scratch.lucky.money.free.real.big.win
com.tinder
com.fortunemirror
com.bumble.app
pch.apps.pchsweeps
com.samsung.android.oneconnect
com.home.emoticon.emoji
com.hy.sfacer
cpro.freestuff
com.lucktastic.scratch
scratch.lotto.raffle.luckygold
com.home.horoscope
com.dramaton.slime
com.amzinghero.spider.crime.gangaster.gta
com.hualai
com.nest.android
online.cashalarm.app
notes.notebook.memo.pad.color.notepad.locker
com.luckydollarapp
com.tuya.smartlife
com.thetileapp.tile
slime.simulator.time.asmr
com.irobot.home
company.coinpop.coinpop
com.samsung.oh
com.movieshub.movieguide2019
com.chamberlain.android.liftmaster.myq
com.ghost.sibyl
online.appstation.app
com.adpog.diary
com.yanflex.craigslist
com.samsung.android.spay
com.hobbylobbystores.android
com.survjun
com.tmobile.tuesdays
com.arlo.app
com.aaa.android.discounts
com.brinker.chilis
com.sevegame.zodiac
com.michaels.michaelsstores
com.danaus.hudson
com.oubuoman.super.flash.camera
get.instagram.instafollow.followers
com.ancestry.ancestrydna
com.ford.fordpass
com.jimmyjohns
net.daylio
com.fortunescope
com.tplink.kasa_android
com.tarotlife.tarot.card.reading.numerology
com.hulahoop.android
com.xogrp.planner
com.petsmart.consumermobile
com.cricut.designspace
com.relevantmobile.texasroadhouse
com.prodege.swagbucksmobile
com.gm.chevrolet.nomad.ownership
com.Likewise.apps.Likewise
com.philips.lighting.hue2
com.safeway.client.android.safeway
com.carfax.consumer
com.nintendo.znma
com.fessed.gagmen.ghet
com.hm.goe
info.androidz.horoscope
mmapps.mobile.magnifier
com.excentus.frn.android
com.lgeha.nuts
com.victoriassecret.pinknation
com.hometalkmobileapp
com.onmyway.mobi
com.toyota.tcapp
com.sportclips.ultimatemvp
com.tao.wiz
connectiq.miles.app
com.rover.android
com.rubysparklabs.lmk
com.cg.android.countdown
com.ace.shell.production
com.premise.android.prod
com.wavemarket.waplauncher
com.mirofox.numerologija
notebook.notepad.color.note.todo.list.memo.post.it
com.aarp.app
com.tvtwo.highest.paying.cash.app.make.money.surveys.rewards.free.income
com.sprint.safefound
com.ftw_and_co.happn
com.sharkninja.shark
com.fcagroup.us.uconnect
com.signify.hue.blue
com.create.pottery.paint.by.color
com.oldnavy.snapappy
com.luckynight.app
com.Nail.Art.Games.for.Girls.ogg
us.panther.stickman.rope.hero.crime.city.battlie
com.yardi.systems.rentcafe.resident
com.sanctuaryworld.sanctuaryandroid
com.challengeLab.android
com.care.android.careview.providerapp
com.weddingwire.user
st.babyli.babylist
com.hgtv.watcher
app.fortunebox
com.fivestars.FiveStarsConsumer
com.att.thanks
net.sumitk.quotesmeditation
com.vagaro
com.biloholdings.mywinndixie.prod
com.thehomedepot.coloryourworld
com.simplisafe.mobile
com.publix.main
stickman.heroman.mafia.crime.rope.heros.super.heros
com.boost.safeandfound
com.comcast
com.mobilaurus.wingstopandroid
com.hi.translate
com.csaa.room8.providerRepository
com.autotrader.android
com.prayapp.client
com.ge.cbyge
com.krispykreme.HotLights
com.cincoapp.labiblia
com.adt.adtcontrolalarm
com.vtrostudio.body_massager
com.bilt.mobile
com.belkin.wemoandroid
com.superb.flashlight.apps.bright
com.outsitenetworks.circlek
com.lucky.scratch.spin.us
org.meetingguide
com.eero.android
com.taskrabbit.droid.consumer
com.internetdesignzone.palmreading
venome.spiderman.rope.hero.vice.rope.heros
com.sociosoft.countdown
com.journey.app
com.ak.app.firehouse.activity
com.sotg.surveys
com.astrofun.android
com.zola.android.wedding
com.instaworkmobile
com.august.luna
com.flashled.superman.caller
com.roomster
com.hg.diyslime.slimeapps.antistressslime.simulator
com.rvappstudios.magnifyingglass
us.police.stickman.gta.gtastickman.city.crime.hero.spider
com.honda.hondalink.connect
com.thecut.mobile.android.thecut
com.urbandroid.sleep
com.psi.residentportal
com.planner5d.planner5d
com.wonolodroid
com.verizon.familybase.parent
com.zengge.wifi
com.fortune.face.client
com.alarm.alarmmobile.android
live.ablo
com.mlab.visiongoal
com.honeywell.android.lyric
com.adt.pulse
com.fastretailing.stylehint
com.multipie.bibleinoneyear
com.inditex.zara
army.gta.us.war.stickman.rope.heros.pubg
com.gm.gmc.nomad.ownership
com.kwiktrip
com.vans.vansfamily
com.getperka.android
com.neon.black.mafia.ironboy.call.stickman.rope.heros.gangstar.duty
com.fgz.futuristic.moto.robot.transform.bike.robot.games
com.grootersproductions.challenge
com.tweddle.toyota.entune
com.mtailor.android
it.mm.android.relaxrain
com.tjx.thegoods
com.omniknightx.ledcaller.gigo
com.clproforcraigslist
com.appmagna.sleepaidfan
com.bigheadtechies.diary
us.army.men.toys.mafia.rope.hero.gta.ganagste
journal.gratitude.com.gratitudejournal
com.locai.petpartner
com.supercuts.app
com.punchbowl.mobile
com.fossil.wearables.fossil
com.handy.handy.prod
stickman.rope.heroarmy.men.toys.gta.ganagster.mafia.crime
com.toyota.towners
com.skollabs.wallpaper
com.popspedia
com.care.android.careview
ru.mail.horo.android
com.cga.my.color.note.notepad
com.combyne.app
com.sengled.life2
