com.ubercab
me.lyft.android
com.waze
com.live.earth.maps.liveearth.livelocations.mylocation.streetview.maps2019
com.postmates.android.courier
net.sharewire.parkmobilev2
com.thetransitapp.droid
com.maps.voice.navigation.traffic.gps.location.route.driving.directions
com.webmarketing.exxonmpl
com.tranzmate
com.passportparking.mobile
com.spothero.spothero
com.mapquest.android.ace
maps.GPS.offlinemaps.FreeGPS
com.voice.gps.driving.directions.gps.navigation.maps.location
com.parkwhiz.driverApp
com.navigationstreet.areafinder.livemaps.earthview.free
liveearthmaps.livelocations.streetview.livcams
liveearthcams.onlinewebcams.livestreetview
com.vialsoft.radarbot_free
com.daniayuso.phone.locator.tracker.free
com.jvstudios.gpstracker
com.drivemode
com.telenav.app.android.scout4cars
com.grabtaxi.passenger
com.gps.route.finder.mobile.location.tracker.maps.navigation
it.navionics.singleAppMarineLakesHD
com.coolniks.niksgps2
com.mta.mobileapp
com.liveearth.voice.navigation.gpscoordinates.street.viewmap.gps.tracking
com.live.voice.navigation.driving.directions.gps.maps
com.live.earth.maps2020.worldmap.gpsmaps.satelliteview.streetview360
way.com
com.sixdays.truckerpath
com.keeptruckin.android
com.ridewith
org.mrchops.android.digihud
com.verizontelematics.verizonhum
com.speedcameraandgpsradarmaps.allinoneradarapps
com.liveearthmap.streetviewmap.webcams.earthcam.liveweathermap.onlinecams
sinet.startup.inDriver
com.salebug.truckstop
com.nyctrans.it
com.didiglobal.passenger
com.ventrachicago.riderapp
com.citymapper.app.release
via.rider
com.trailbehind.android.gaiagps.pro
navigation.location.maps.finder.directions.gps.gpsroutefinder
com.getaround.android
com.subaru.global.infotainment.gen2
com.gn.android.compass
com.passportparking.mobile.parkchicago
com.sygic.aura
com.voice.gps.driving.directions.lite
com.zc.android
onxmaps.offroad
com.Avenza
com.yellowishdev.hyrecarandroid
com.roadie.android.app
com.eztech.gps.maps
com.rosteam.gpsemulator
com.macropoint.application
com.coulombtech
com.ridecharge.android.taximagic
kostya.volpis.roadhunter
com.nextbus.mobile
com.truckmap.truckmap
com.atlogis.northamerica.free
com.trackgpsapp.accesscompassspeedandtime
com.ubercab.fleet
com.carfax.mycarfax
com.trackimo.android.tracki
com.mapfrestz.compassdigitalsmart
com.underwood.route_optimiser
com.xatori.Plugshare
com.theparkingspot.tpscustomer
uk.co.mxdata.newyorksub
net.sharewire.meterUP
eu.flightapps.airtraffic
com.ztrip
com.AvailTec.MyStop
com.transloc.android.rider
dk.unwire.projects.dart
com.justride.metrolink
com.mbta.mobileapp
com.joulespersecond.seattlebusbot
com.here.app.maps
com.gai.GPS.map.navigation
org.lirr.portal
com.discipleskies.android.polarisnavigation
ee.mtakso.client
io.apptitude.premiumparking
com.spotangels.android
com.tollguru.tollcalculator
com.virtualmaze.offlinemapnavigationtracker
com.catscale.weighmytruck
com.location.test
com.thetrainline
org.septa.android.app
com.rndapp.mtamap
com.mapamai.maps.batchgeocode
com.gigcarshare
com.tql.carrierdashboard
com.relaid.signup
com.kartatech.karta.gps
com.sygic.incar
mobile.cdllife.com
gr.androiddev.taxibeat
com.gps.streetview.map.live.livemapstreetviewgps
com.cabify.rider
com.itsmarta.martaapp
gov.miamidade.transit.easypay
com.andromo.dev764019.app975079
com.ad.android.ridesystems.ridetraq
com.traffic.speed.camera.detector.radar.traffic.alert
com.dctransit.dcmetroapp
com.labs4ideas.checkpointsalert
com.escort.androidui.root
com.ravn.freebee
com.hudway.online
com.chrobinson.navispherecarrier.driver
com.intpark.android.iparkit
com.pointpickup.partner
find.my.cellphone
gov.miamidade.MDTTracker
com.geotab.androidCheckmate
liveearthmap.liveearthcam.livestreetview
it.navionics.singleAppMarineLakes
com.maps.gpsnavigation.gpstools.drivingdirections
livestreetview.gpsnavigation.liveearthmap
com.usefullapps.fakegpslocationpro
com.ltp.pro.fakelocation
com.passportparking.mobile.transit.utagoride
mobile.fourkites.com.carrierLink
com.passportparking.mobile.parkboston
com.truckerpath.truckloads
it.carfind
coupons.promocodeslyft.rideshare
com.teletype.smarttruckroute4
com.bestparking
com.appwon.miamitransit
com.streetliveview.livemap
com.chic.uvlight
com.citibikenyc.citibike
com.streetviewmap.hdsatelliteview.earthmap
co.goshare.driverapp
com.attractiveapps.gps.maps.navigation.speedometer.traffic.finder
com.transloc.microtransit
com.iternio.abrpapp
com.stzfremap.compassdigital
jp.pioneer.mbg.appradio.AppRadioLauncher
com.olacabs.customer
com.funforfones.android.lametro
com.roadwarrior.android
com.tomtom.gplay.navapp
com.via.via
gov.caltrans.quickmap
saucon.megabus.mobile
com.discipleskies.aaafindmycar
com.route4me.routeoptimizer
com.sygic.truck
com.gettaxi.android
net.sharewire.mplsparking
com.EBrainSol.livestreetview.livemap
com.passportparking.mobile.parkslc
com.nyclivebus.nyclivebus
com.socialbicycles.app
com.careem.acma
com.alk.copilot.mapviewer
com.sdu.didi.psnger
com.car2go
com.bigroad.ttb.android
taxi.muver.driver
com.ccsi.taxiapp.rideyellow
menion.android.locus
de.hafas.android.db
com.megafreeapps.free.gps.navigation.speedometer.compass
carplayapp.guide.carplayadvice
com.routematch.routeshout.official
com.parkgenius.ParkGenius
com.jackreports
cab.snapp.passenger.play
com.garmin.android.marine
com.bigdream.radar.speedcam
com.eyezupapp
com.funforfones.android.dcmetro
com.farepilot
com.ktwapps.speedometer
com.reverllc.rever
sacrt.smartride
gps.speedometer.digihud.odometer
gov.honolulu.dabus2
co.bytemark.cmta
com.esri.explorer
net.mypapit.mobile.speedmeter
net.sharewire.parkhouston
br.com.easytaxi
com.lapacadevs.justdrawit
com.crosschasm.evchargerlocator
