com.goodrx
com.appsci.sleep
epic.mychart.android
com.singlecare.scma
com.lowestmed.android
com.solutran.otc
com.anthem.sydney
ai.kanghealth
com.aetna.aetnahealth
com.teladoc.members
com.jardogs.fmhmobile
com.optum.rx
com.caremark.caremark
com.castlight.clh.view
com.doctorondemand.android.patient
ru.mobiledimension.kbr
com.ovuline.pregnancy
com.deltadental.HealthApp
com.resmed.myair
org.minddiagnostics
com.epocrates
com.shire.biolife
com.easymobs.pregnancy
com.mdlive.mobile
com.horizonblue.memberportal
com.hcsc.android.providerfindertx
com.lifescan.reveal
com.mysugr.android.companion
com.americanwell.android.member.wellpoint
mobi.firedepartment
de.moodpath.android
com.highmark.hmmobile
com.hioscar.member
com.sonova.phonak.dsapp
com.goodrx.gold
com.cube.arc.blood
com.zocdoc.android
com.ovuline.fertility
eu.smartpatient.mytherapy
com.bcbsm.mmaprod
com.lbrc.PeriodCalendar
com.hcsc.android.providerfinderil
com.dexcom.g6
com.healint.migraineapp
com.webmd.android
com.anthem.medicaid
com.philips.sleepmapper.root
com.americanwell.android.member.amwell
com.FeverHistory.DigitalBodyTemperatureFreeDiary
com.alivecor.aliveecg
com.drugscom.app
ar.com.fennoma.psicotest
com.freestylelibre.app.us
com.clearcare.clearcareconnect
com.myquest
com.banfield.bpht
com.cerner.iris.play
com.woebot
com.nurx
com.mayoclinic.patient
com.bluecrossma.bcbsma
com.goodrx.krogerrxsc
com.upmc.enterprises.myupmc
com.baritastic.view
com.ovuline.parenting
org.nyulmc.clinical.mychart
com.portalgroove.bpjournal
com.ppfa.direct
gov.medicare.coverage
com.ascensia.contour.us
org.memorialhermann.everydaywell.play
com.biogen.cleo.us
com.labcorp.patientportal
com.advocate.myadvocate
com.publix.pharmacyonline
com.mphrx.labfly
com.molina.mobile.myhealthinhand
com.maximus.missinginformation.nysoh
com.allergan.bd.bdmobileapp
com.bluefish.bloodpressure
com.opuin.ear.spy.profissionel
com.nextmd.nextgenpp
com.blinkhealth.blinkandroid
org.sutterhealth.myhealthonline
com.labstyle.darioandroid
com.wellrx
com.vitusvet.android
com.EAGINsoftware.dejaloYa
com.grandroundshealth.m
com.meditech.PatientPhm
net.klier.bmi2free
com.dexcom.follow
com.medscape.android
com.fatbelly.herbalhomeremedies
com.vitas
com.vca.careclub
com.zlamanit.blood.pressure
com.BCBSAZ.AlphaTeam.MyBlue
com.allydvm.comet
dk.resound.smart3d
com.bruxlabsnore
com.ninety8point6.patientapp
com.firstcirclesolutions.chewsi
com.oticon.remotecontrol
com.bodyTemperature.Feverdiary
com.rtrg.xraywow
com.Psychiatry.pro
net.mercy.mymercy
com.smsrobot.period
org.houstonmethodist.methodistmobile
com.hct2.nursegrid.android.web
kr.co.sulaab.contractionstimer
com.imprivata.imprivataid
com.easeapplications.receiver
com.PillIdentifierandDrugList.app
com.bannerhealth.BannerHealthMobileApp
com.bloopressurepjournal.dailyhealthdairybpcheck
com.miiskin.android
com.doximity.doximitydroid
org.sanfordhealth.patient
com.hgbmobile.app
com.uptodate.android
com.newtechsys.rxlocalmobile
com.tigertext
com.sonova.easyline.rcapp
com.BloodPressure.BPcheckertestDiary
com.signia.rta
com.androiddevelopermx.blogspot.organos3d
com.sdk.blood_pressure
org.intermountainhealthcare.android.connectcare
com.belongtail.belong
com.spruce.messenger
com.omada.prevent
org.stanfordhealthcare.myhealth
com.recoverypath
com.glic.group.ga.mobile
com.medicalhealthcomics.bloodpressure.checker.diary.bp.history.tracker.info.chart.log.journal.track.hypertension
com.qs1.mobilerx
com.medicalutilitytools.bloodpressure.diary.bp.info.chart.log
com.gnresound.tinnitus
org.baycare.android.bahs.baycareanywhere
com.herbal.cure
org.nm.mobile.myNM
com.bcbsm.android.bcmi.onlinevisit
com.naturalcycles.cordova
com.adventhealth.flagship
com.cube.arc.pfa
org.guthrie.android.guth.guthrienow
org.ascension.android.ascn.onlinecare
com.athenahealth.athenawell
com.yaro.YourBlueTouchRI
com.sixoversix.copyglass
io.farewell
com.firstdata.fdgs.authenticare2
com.assurantemloyeebenefits
com.sonova.phonak.rcapp
com.it4you.petralex
com.medicalgroupsoft.medical.directorymedtermsmultilang.free
com.amila.kickcounter
com.goodrx.doctors
com.sonitum.soniccloud
com.carezone.caredroid.careapp.medications
com.atomengineapps.teachmeanatomy
com.hssn.anatomy3dlite
com.bxh_mvp
com.medicalgroupsoft.medical.drugsdictionary.free
com.aligntech.myinvisalign
com.genomichealth.mybreastcancercoach
org.TexasHealth.TexasHealthMyChart
org.nationalregistry.android.production
com.mdaware.mdcalc
com.caregiver.providence
mobile.eaudiologia
ru.arcticengineer.irveinviewer
com.ctt.celltrak2
com.hcsc.android.providerfinderok
co.heydoctor.android
com.glassesoff.android
com.recoveryrecord.fastfodmap
mobilecreatures.pillstime
com.excelatlife.cbtdiary
com.DevExtras.VoiceTools
com.amikulich.pregnancycalculator
com.accredohealth.accredo
com.americanwell.android.member.clevelandclinic
com.solutionreach.patientreach
com.msodev.membersapp
com.hiiquote.mbk
com.AnatomyLearning.Anatomy3DViewer3
com.polkadoc.ocp
com.miracleear.geniuscontrol
com.dumsco.stressscan
com.BloodPressureChecker.DailyHealthHistory
com.bcbsri.android.bcri.drsonline
com.epic.haiku.android
com.upmc.android.upmcanywherecare
com.tuhin.bluetoothspy2
com.fatbelly.firstaidsandemergencytechniques
com.ohiohealth.mychart
providence.nassau.mobile.providencehealth
