com.pandora.android
com.spotify.music
com.amazon.dee.app
com.google.android.apps.youtube.music
com.amazon.mp3
com.soundcloud.android
com.agminstruments.drumpadmachine
com.smule.singandroid
com.clearchannel.iheartradio.controller
com.easybrain.make.music
com.audiomack
com.apple.android.music
com.shazam.android
com.joytunes.simplypiano
com.download.music.app.mp3.downloader.song.freeapp
com.google.android.music
com.sirius
tunein.player
mb32u.music.player.free.download
com.bestringtonesapps.freeringtonesforandroid
com.aspiro.tidal
com.atpc
equalizersoundbooster.equalizermusicapp
com.media.bestrecorder.audiorecorder
com.music.sound.speaker.volume.booster.equalizer
com.google.android.apps.podcasts
org.free.music.downloader.mp3.download
com.musicstreaming.freemusic
deezer.android.app
com.bose.monet
com.bandlab.bandlab
com.streema.simpleradio
com.cool.volume.sound.booster
com.mmm.trebelmusic
com.mp3.musicdownloader.freedownload
com.touchtunes.android
com.musicworld.app.mp3downloader
www.whimmusic.info
com.ultimateguitar.tabs
com.sofeh.android.musicstudio3
com.jazarimusic.voloco
com.starmakerinteractive.starmaker
com.komspek.battleme
co.spoonme
com.edjing.edjingdjturntable
com.bestringtonesapps.bestringtonesfree
com.aurora.music
online.oflline.music.video.tvshow.youtube.trending.top.download
music.amplifier.volume.booster.equalizer
vividmusic.freemusic.gptubeplayer
com.freemusic.offline.us
com.stitcher.app
com.sonos.acr
com.wondershare.voicechanger
com.radio.fmradio
com.sec.android.app.music
com.andrwq.recorder
com.gamestar.perfectpiano
com.bestringtonesapps.oldphoneringtones
com.fender.play
com.music.youngradioplus
com.shaiban.audioplayer.mplayer
com.sound.music.coolring
free.music.tube.player
com.melodis.midomiMusicIdentifier.freemium
com.radiocom
com.gismart.drum.pads.machine
com.fender.tuner
com.yokee.piano.keyboard
com.extravolumebooster.soundamplifier.equalizer
audio.player.music.equalizer.musicplayer
com.famousbluemedia.yokee
com.mp3save.music.downloader.app
com.famousbluemedia.piano
com.raytechnoto.glab.voicerecorder
raigon.musicvibe
my.googlemusic.play
net.andromo.dev58853.app253629
com.marshmello.dj.ringtones
com.dywx.larkplayer
com.freeradioMexico
com.newdonwnload.music.mp3music.free
com.mwm.drum
com.bandsintown
com.djit.apps.stream
media.music.musicplayer
cos.mos.youtubeplayer
com.gismart.karaoke
com.smule.magicpiano
com.tedrasoft.music.maker
com.andromo.dev58853.app253616
com.Project100Pi.themusicplayer
com.mp3downloader.downloadmusic.musicdownloadall
audio.sound.effect.bass.virtrualizer.equalizer
com.jiubang.go.music
com.supereffect.voicechanger
com.bilkon.launchpad
com.magix.android.mmjam
com.appgeneration.itunerfree
new.free.music.mp3.download.game.studio
com.fundevs.app.mediaconverter
soulfulmusic.freemusicplayer.androidtubeplayer
mp3.music.download.free.ringtone
com.volume.sound.master
com.voice.changer.effect
com.bose.bosemusic
com.akrodevelopers.radiofmam
com.slacker.radio
com.radio.pandrastations
com.soundcloud.creators
com.genius.android
sound.effect.equalizer.musicplayer
me.rapchat.rapchat
com.maxtauro.airdroid
com.logitech.ueboom
com.mwm.guitar
com.nextradioapp.nextradio
com.mwm.sampler
hr.podlanica
com.music.streamer.musistream.freemusic
com.synthesia.synthesia
mbinc12.mb32b
com.amientertainment.AMISmartBar
com.sprint.android.musicplus2033
com.superringtone.funny.collections
com.threeheads.tuny.music.player.youtube
net.rymate.music
com.soundcorset.client.android
com.sony.songpal
com.kalay.equalizer
vr.audio.voicerecorder
com.rubycell.pianisthd
com.media.music.mp3.musicplayer
com.songkick
com.soundbrenner.pulse
com.smule.autorap
com.bork.dsp.datuna
com.tianxingjian.supersound
com.amp.android
com.musicplayer.player.mp3player.white
com.musicops.vanillamusicdownload
com.mwm.piano
fm.anchor.android
me.jlabs.voicerecorder
friedrich.georg.airbattery
iTunes.Sync.Android
com.gamestar.pianoperfect
com.jrinnovation.proguitartuner
com.sky.free.music
com.jb.go.musicplayer.mp3player
rook.moodmusic
com.spotify.zerotap
com.downloadmusic.appmp3.downloader.cn
com.bestringtonesapps.notificationsounds
com.spotify.tv.android
com.livenation.mobile.android.na
com.saphira.binhtd.sadanime
music.musicplayer
com.newringtune.freeringtune.downloadringtune
br.com.rodrigokolb.realdrum
com.MyIndieApp.FreeOldiesRadio
com.afo.freemusic.freemusicdownload
br.com.rodrigokolb.realguitar
com.th.ringtone.maker
com.uktrt.rock607080
net.andromo.dev58853.app253625
com.binghuo.audioeditor.mp3editor.musiceditor
com.madebyappolis.spinrilla
com.mobiray.djlaunchpad
com.music.hero.music.player.mp3.free
com.ntrack.studio.demo
com.myrapps.ukuleletools
com.maxmpz.audioplayer
com.appzcloud.audioeditor
com.itbuilds.musicplayer
audio.effect.music.equalizer.musicplayer
com.musicplayer.music
musicplayer.musicapps.music.mp3player
com.pandora.android.atv
com.bose.soundtouch
au.com.revheadz.revheadz
com.inekmobile.freemusic
freemusic.player
com.mp3music.downloadmp3.freedownloader
music.basss.booster.effect.equalizer
com.cloyster.volumebooster.volumeup
com.hitrolab.audioeditor
ringtone.maker.mp3.cutter.audio
com.amapps.media.music
com.viverit.mexicoradios
com.freemusic.musicdownloader.downloadmusic.allmusicfaster
com.music.equalizer.bass.dot.surround
com.motorola.fmplayer
com.oxgtunb.freeoldiesringtones
com.musixmatch.android.lyrify
canh.com.musistream
com.samsung.android.soundassistant
equalizer.bassbooster
com.ultimate.recorder.voiceaudio
com.tuneme.tuneme
