com.particlenews.newsbreak
com.twitter.android
com.reddit.frontpage
jp.gocro.smartnews.android
live.free.tv_us
ma.safe.bnus
com.cnn.mobile.android.phone
com.home.news.breaking
com.nextdoor
com.quora.android
com.foxnews.android
fm.castbox.audiobook.radio.podcast
com.nytimes.android
com.google.android.apps.magazines
com.fng.foxnation
sp0n.citizen
com.finazzi.distquake
flipboard.boxer.app
com.lbcc1f6e1fcd.www
com.jailbase.mobile_app
com.ring.neighborhoods
com.yahoo.apps.yahooapp
com.aol.mobile.aolapp
com.podbean.app.podcast
bbc.mobile.news.ww
com.podcast.podcasts
mnn.Android
com.zumobi.msnbc
com.ss.android.article.master
com.treemolabs.apps.cbsnews
com.iart.chromecastapps
com.streema.podcast
ma.safe.bn
flipboard.app
com.bambuna.podcastaddict
com.maxuudapp
com.metropcs.metrozone
com.thesilverlabs.rumbl
com.medium.reader
com.buzzfeed.android
org.npr.android.news
com.fandom.app
com.washingtonpost.android
com.abc.abcnews
com.radioreference.broadcastify
com.yahoo.mobile.client.android.yahoo
com.theepochtimes.news
com.microsoft.amp.apps.bingnews
com.joshclemm.android.quake
com.ss.android.article.topbuzzlite.en
au.com.shiftyjelly.pocketcasts
me.oann.news
wish.id3676
net.aljazeera.english
com.idrudgereport.iDrudgeReportUniversal
police.scanner.app
com.berobo.police.scanner.x
wsj.reader_sp
com.mesh.china
org.npr.one
com.thomsonreuters.reuters
fm.player
com.dailymail.online
com.nytimes.cooking
com.criticalhitsoftware.policeradio
com.univision.noticias
com.mylottos.results
com.ideashower.readitlater.pro
uk.co.economist
com.usatoday.android.news
com.ductho.news24h
com.nbcuni.telemundo.noticiastelemundo
com.guardian
com.cbsinteractive.cnet
com.premiereradio.android.rushlimbaugh
com.infowars.official
com.natgeomobile.ngmagazine
com.huub.instantnews
com.ximalaya.ting.himalaya
com.bloomberg.android.plus
com.economist.darwin
com.newspaperdirect.pressreader.android
news.buzzbreak.android
com.mylottos.mmpbfree
com.rubenmayayo.reddit
com.cbslocal.cbsyourday
horoscope.live.with.palm.reading
com.haystack.android
com.illinoislottery.illinoislottery.lite
com.devhd.feedly
com.breitbart.app
com.news.feed.msnbc.live
com.rt.mobile.english
com.nbcuni.telemundostations.puertorico
com.thechurchnews.android
com.mobilesrepublic.appy
com.opera.app.news
com.baileyz.podcast
com.dailywire.thedailywire
com.patchmedia.android
com.audionowdigital.player.bbcworld
com.levintv
com.univision.local.newyork
com.americanmilitarynews.amn1
com.univision.local.losangeles
com.abclocal.wabc.news
com.noticentro.app
com.wapa.app
com.tribtv.ktla2
org.wau.android
com.huffingtonpost.android
com.yahoo.otterdroid
uk.co.bbc.mundo
com.tyt.battlecruiser
com.itunestoppodcastplayer.app
io.curio
com.abclocal.wpvi.news
com.cordcuttersnews.newsapp
com.abclocal.kabc.news
ml.docilealligator.infinityforreddit
com.cbn.cbnnews.app.android.christian.news
com.rhythmnewmedia.android.e
com.altwork.liveuamap
com.newsy
com.premiereradio.android.c2c
com.topstcn.eq
com.nigamhub.darkhub
com.newson.vinson
com.washingtontimes.www
com.sspencer10.news_app
com.fli.android.newsmaxapp
com.dci.magzter
com.cnn.mobile.android.tv
com.univision.local.chicago
it.mic.terremoto
com.q0f7724f4cc2.www
com.issuu.android.app
com.vervewireless.droid.foxwttg
com.economist.lamarr
com.monzonito.earthquakealerts
com.hearst.android.wmur
com.courttv
com.gannett.local.library.news.azcentral
com.abclocal.ktrk.news
com.hypebeast.editorial
com.hcso.tappit
com.onelouder.baconreader
com.laurencedawson.reddit_sync
com.hearst.android.kcra
com.nextspaceflight.android.nextspaceflight
com.nbcuni.telemundostation.telemundo25
com.cbsnews.ott
com.abclocal.wls.news
com.univision.local.puertorico
com.bskyb.skynews.android
com.eis.mae.flipster.readerapp
com.cincinnati.CincyMobile
com.vervewireless.com.droid.foxwaga
com.doapps.android.mln.MLN_c0fddd289b98a85ca53e9a912581ad71
com.mylocaltv.wral
io.friendly.twitter
com.twcable.twcnews
com.tribtv.wgntv2
mobi.beyondpod
com.vervewireless.droid.foxwjbk
com.wltv.android.weather
com.ss.cowboys
com.sentinelbd.news12
it.pinenuts.localnews
com.ups.go
com.france24.androidapp
com.app.p2371GE
com.primera.android
br.com.golmobile.nypost
com.hearst.android.wtae
com.gameinformer.tablet
com.talkstreamlive.talkright
com.nbcnews.today
com.nbcuni.telemundostation.telemundony
net.aljazeera.arabic
com.newsvoice.newsvoice
com.freerange360.mpp.businessinsider
free.reddit.news
com.ft.news
com.app.innovandohch
com.theskimm.android
com.vervewireless.droid.foxkdfw
com.hearst.android.wvtm
the.report.us.free
com.world.news.alap
com.doapps.android.mln.MLN_46de8bacafb42145d94d3f63b1f99683
com.elnuevodia.androidapplication
com.msnbc.nightlynews
com.andromo.dev231870.app482676
com.kxln.android.weather
sanity.podcast.freak
com.spreaker.android
com.barrons.us
com.craigslist.uuuuu
com.mylocaltv.wfxt
