com.becloser
com.babycenter.pregnancytracker
com.amazon.tahoe.freetime
princess.pink.baby.phone.unicorn.piano.music.kid.fashion
org.findmykids.app
com.hp.pregnancy.lite
us.mitene
family.tracker.my
com.screentime.rc
com.realdream.kidspolice_sp
org.pbskids.danieltigerforparents
com.amila.parenting
com.appclose.androidapp
com.beansprites.mybabycareFREE
com.nighp.babytracker_android
com.hatchbaby.rest
com.tmobile.familycontrols
org.blubblub.app.speechblubs
cm.pt.barkparent
com.huckleberry_labs.app
com.rotation5.smoresup
com.arjonasoftware.babycam
com.safelagoon.parenting
com.babysparks.babysparks
app.familyfive.android
com.glow.android.baby
eu.vrseeds.BabyZone
com.sunny.paint.learn.animals
com.jamesots.android.contractiontimer
com.diveomedia.little.stories.bedtime.books.kids
com.vss.virtual.pregnant.mom
com.glow.android.nurture
city.russ.alltrackerfamily
com.BabyName.start
com.preemptivetechnologies.daddyup
com.zoemob.gpstracking
com.orange.magic.board.doodle.coloring
com.sunny.monster.maker
com.tinybeans
com.wachanga.englishbabynames
com.parentsware.ourpact.child
com.sevenlogics.babynursing
com.sentry.parental
com.coparenter.coparenterandroid
ar.com.megaingenieria.emobi.locator
com.fsp.android.g
com.dokdoapps.mybabypiano
com.ourfamilywizard
nano.lab.app.pregmum
com.hp.babyapp
com.talkingparents.tpandroid
com.kksal55.pregnancydaybyday
com.neiman.contractions
com.urbansitter.android
androidgecko.com.himommy
com.wachanga.pregnancy
com.saby.babymonitor3g
com.charlie_names.charlies_names
ua.com.tim_berners.parental_control
com.kaspersky.safekids
com.mw.adultblock
co.qeepsake.qeepsakeApp
com.camhart.pornblocker
com.inikworld.growthbook
com.saferkid.parentapp
com.securly.pnphub
mobi4hobby.babynames
com.rb.enfamil
com.wachanga.babycare
com.amyapps.babymonitor
com.us.giant.robot.transformation
com.enbyin.babylanguage
io.zenlabs.zenfamily
com.bipfun.nightlight
com.dreamstudio.lullabies
com.sleekbit.dormi
com.bitguardian.parentalcontrol
com.fisher_price.android
max.craft.maxcraft.crafting.exploration.survival
com.dreamstudio.babysleepsounds
com.oubapps.po.ch
meikids.com.zk.kids
com.coquisoft.parentlove
com.orange.memory.game.learn.kids
com.unboundapplications.theshortyears
com.safesurfer
com.quietgolfer.peepee
com.whisperarts.kids.breastfeeding
com.divisity.kidschannels
com.babytrend.cgapp
com.project.baby.name
com.cg.android.babycountdown
com.tomy.sharethesmiles
app.gpsme
com.urbandroid.babysleep
com.drillyapps.babydaybook
com.facemama.gestograma
com.childreward
com.kids.free.audiobook.lullaby.songs.for.baby.offline
com.kolesnik.pregnancy
com.zinkia.nina.book
com.contentwatch.ghoti.cp2.child
com.amanefactory.totsukitoka
com.playfullyapp.playfully
co.justababy.app
com.timo.time
com.seacloud.dc
com.compass.babylog
uk.co.disciplemedia.dadaf
com.sinyee.education.shape
cube.loco.craft.dduto.crafting.exploration
com.pregnancy.tracker.due.date.countdown.contraction.timer
com.lifecake.android
com.meshref.engpregnancy
app.geoloc
com.aoitek.lollipop
jp.firstascent.cryanalyzer
pl.trpaslik.babynoise
com.mobicamBaby.cam
com.sarnavsky.pasz.nightlight
com.dokdoapps.mybabyfirework
au.com.penguinapps.android.babyfeeding.client.android
com.gmail.bigmeapps.formulafeedingandcare
by.si.soundsleeper.free
com.Girls.Fashion.Entertainment.Mommy.Maternity.Newborn.Twins.Babies.Nursery
com.nationaledtech.Boomerang
com.msw.pornblocker
com.parenting.android
us.cell.tracker.kids.locator
com.thoc.kidsvideos
dede.epic.minicraft.pocket.medieval.village.crafting
cz.masterapp.annie2
org.uclahealth.chatterbaby
com.homey.app
com.eset.parental
co.plano
com.labs108.teddy
uk.co.RespondASAP.alarm
com.teentime.parent
uk.co.mojosoft.contractions
com.lenastudio.nuttri
com.beansprites.babyunicornpandaFREE
cz.digerati.babyfeed
dk.superfilm.toothfairycameraandroid
mobi.Mini.World.Craft.Josto.Dungeons.Simulator
com.vinayakapps.babymaker
us.bark.chromebook
rgmobile.com.sun
com.bipfun.babymonitor
com.miku.mikucare
com.sunny.fantasy.christmas
com.floydwiz.pikapika
com.kids.free.audiobook.nursery.rhymes.songs.offline
net.wearefamily.nightlight
app.storybook.story
com.mypregn.ru
innmov.babymanager
com.divisity.kidscraftideas
com.johny.johnyjohnyyespapa
family.media
com.kidazzler.app
com.arolle.kidshome
com.kidslauncher
com.loco.craft.adtset.lococraft.creative.maps
se.adopi.android.fingerpaint
yducky.application.babytime
com.babyalbum.babysnap
com.testalpha.wifiblocker
com.truece.TrueceApp
com.sunny.drum.kids.learn
net.cleverbit.VegeFruits
com.sunny.magic.music.xylophone
com.thedad
au.com.penguinapps.android.beautifulcontractiontimer.app
com.fraps.como.saber.si.estas.embarazada
com.angelsense.mobile
com.premiumsoftware.gotosleepbaby
net.creaplay.nursingtimer
com.kksal55.haftahaftagebelik
com.infable.sounds
com.sentry.kid
com.fehnerssoftware.babyfeedtimer
pregnancy.calculator.calendar.smiko
com.jiobit.app
com.wachanga.android
com.babyfirstgoodnight
ru.healthvector.feedtracker
com.securekids.launcher_reloaded
salehagroup.guidetonewborncare
kz.sirius.kidssecurity
health.care.mama.baby
com.naraorganics.nara
com.KingSquareApps.PregnancyAndChildCare
com.runsandbox.parent
com.healofy
com.koben.thumbs
com.assets.effective.mozartbabysleep
max.loco.craft.creative.map.education.brikae
com.soln.SCCCA0A89324B47DBA377C4766AF9F4A4
com.hh.app.babytracker
