net.zedge.android
com.myhomescreen.sms
com.myhomescreen.email
com.hd.wallpaper.backgrounds
com.myhomescreen.news
mobi.infolife.ezweather.livewallpaper.g2n19
systems.maju.darkmode
com.wallpaper.wallpapers.fortnite
com.wallpaperscraft.wallpaper
com.nighttwo.fortbattle
com.ram.transparentlivewallpaper
helectronsoft.com.live.wallpaper.pixel4d
com.microsoft.launcher
panda.keyboard.emoji.theme
com.fontskeyboard.fonts
com.mediapro.entertainment.freeringtone
com.ksmobile.launcher
com.aqreadd.lw.newyears.lite
com.call.flash.theme.emoji.wallpaper.lock.screen.security.smooth.efficiency.color.phone.launcher
com.dream_studio.animalringtones
pro.magic.cleaner.boost
com.wave.keyboard.theme.luxurywatchanimatedkeyboard
com.arai.messenger.knight
com.amber.launcher.ios.iphonex.apple.os11
com.jeremysteckling.facerrel
com.myhomescreen.weather
com.teslacoilsw.launcher
com.aqreadd.lw.newyearscountdown.free
com.galaxy.glitter.live.wallpaper
com.whatsapp.wallpaper
com.ikeyboard.theme.cool.dj.club
com.tuanfadbg.controlcenterios
com.herman.ringtone
com.luutinhit.ioslauncher
com.flashkeyboard.leds
com.simejikeyboard
com.kawaii.cute.wallpapers
caller.live.screen.callscreen.skin.layout.istyle
com.ikeyboard.theme.hot.pink.cupcake
com.shanga.walli
com.jb.gokeyboard.theme.tmekeyboardthemeforandroid
anime.wallpapers.besthd
com.krikasoft.motivationalquotes
com.mynamecubeapps.myname
com.yuqid.colorpaper.client
com.clear.loud
com.lbe.parallel.intl
com.pinssible.fancykey
com.sparkistic.photowear
com.ikeyboard.theme.rosegold
com.coolworld.livewallpaperstudio
com.wallpaper.slime
com.thmobile.rollingapp
com.xexon.battles8fortnite
com.ringtones.starwarsringtone
com.garboz.dope
phone.call.screen.colorful.lb
com.color.wallpaper.hd
com.google.android.apps.wallpaper
com.cpthree.battletwo
com.myhomescreen.access
helectronsoft.com.grubl.live.wallpapers3d
vr.development.puppy.wallpapers.hd
com.zringtone
com.ikeyboard.theme.sweetie.unicorn.galaxy
com.hd.sparkly.wallpaper.sparklywallpapers.glitterwallpaper.hdwallpaper
com.pixsterstudio.instagramfonts
com.theme.cartoon.forkeyboard
com.FortLock.Battleroyale.fbrwallpapers
com.digitalcosmos.shimeji
com.ikeyboard.theme.pastel.unicorn.dream
com.apusapps.launcher
mobi.infolife.ezweather.locker.gun_shooting
hd.uhd.live.wallpapers.topwallpapers
com.techpro.livevideo.wallpaper
com.luutinhit.lockscreennotificationsios
com.tool.screenlock.password.lockscreen
mobiease.com.flashlight
tool.keypad.locker.lockscreen
com.evlcm.cutewallpapers
com.galaxy3d.galaxy3d
com.smartcompass.gpstrackercoordinates
info.androidstation.hdwallpaper
net.xblacky.animexwallpaper
com.fantasy.fantasywallpaper
com.aoemoji.keyboard
com.clear.superfunny
animewallpapers.ruslan.com.animewallpapers
com.warrior.inspirationalwallpapersbackgrounds
com.stylish.theme.hd.wallpaper.launcher.royale.for.dance
com.lovecall.colorflashscreen
com.sms.messages.customize
com.color.phone.screen.wallpaper.ringtones.call
com.soundmaker.voicechanger
com.puzzpart.GL
com.wave.keyboard
com.niceringtonesapps.funrts
com.redraw.keyboard
com.CarWallpapersApp.LamborghiniWallpaper
com.luzapplications.alessio.walloopbeta
com.dope.dopewallpaper
com.bravo.messageshome
com.pitbulldogwallpaper.pitbullpictures.wallpaperhd
jp.united.app.cocoppa
com.facemoji.lite.indian
com.app.hider.master.pro
com.xw.art.aquarium3d
com.video.light.best.callflash
com.call.flash.color.phone.callerscreen.flashlight
com.rainbow.flower.unicorn.theme
com.livewallpapershd.backgrounds.animewallpapers
com.fortnite_wallpapers.wallpaper_battleroyale_fortnite
live.wallpapers2018
com.mundoapp.corazoneswhatsapp
net.mallman.geek.wallpapers
com.ikeyboard.theme.laser.black.bright
com.jumanto14.ultrainstinctwallpapers
com.DevArt.WallApp.ChadandVyQwaintwallpaperHD
com.eapp.teen.wallpapers_mx
com.ikeyboard.theme.holy_jesus
com.battleroyal.wallpapers
com.amber.launcher.skin.iphone
ch.deletescape.lawnchair.plah
com.plus.kb.skin.phonex.emoji
com.spiderman.wallpapers
com.in.hdwallpapersapp
slide.watchFrenzy
com.ikeyboard.theme.best.friend.forever
com.alphaprods.ios.lockscreen
com.xiaoyu.hlight
com.thegosa.galaxythemes
com.ikeyboard.theme.cute.tongue.cup.puppy
com.cloneapp.parallelspace.dualspace
com.xos.iphonex.iphone.applelauncher
com.wallpapers.battleroyale
com.ikeyboard.theme.os11
com.jrj.freesilly
com.effect.slowmotion
com.ikeyboard.theme.galaxy.rainbow
org.kustom.widget
com.ringtonesfree.newphoneringtones2019
glitter.live.wallpaper
com.tuanfadbg.assistivetouchscreenrecorder
com.kidscrape.king
com.wallpaper.roblox.robux
com.cute.neonanimalswallpaper
com.anddoes.launcher
com.maxelus.livewallpaper.betta
com.teen.teenwallpapers
com.ikeyboard.theme.blue.black
com.ikeyboard.theme.shiny.galaxy.weed
com.xinmei365.font
com.zhekapps.leddigitalclock
com.newgifstickerapp.populartrendgifsapp
com.BorderLight.LED.Color.Live.Wallpaper
com.ikeyboard.theme.racing.sports.car
com.kawaii.food
com.desygner.wattpadcovers
com.androholic.amoledpix
com.highstarapp.coolfancytextgenerator
com.rafabat.gameswallpaper
com.ikeyboard.theme.chat.messenger
com.soko.vintage.quotes.marble.wallpaper.HD
io.hexman.xiconchanger
com.used.aoe
me.craftsapp.video.wallpaper
is.shortcut
com.hdw.blackwallpapers
com.infinitewallpapers.popular.brands.wallpapers
glowing.live.wallpaper
com.tohsoft.wallpaper
com.stylish.fonts
com.Wastickerapps.LoveStory
launcher.d3d.launcher
vintage.icon.pack.ddt
com.rosegold.wallpapers
com.nkart.go.golden
com.lockscreen.kpop
com.ringtones.freetones
com.actionlauncher.playstore
com.acg.master.wallpapers
com.clear.textmessage
com.emojifamily.emoji.keyboard.style.androidemoji
mobi.infolife.ezweather.locker.cigarette.screenlock.clock
com.kapp.ifont
com.diamond.apps.filemanager
com.flash.sms.app
com.cuteunicornio.kokowallpapers
com.motorola.actions
com.phone.caller.ringtone.my.name.ringtone.maker
com.gau.go.launcherex
mobi.infolife.ezweather.livewallpaper.g2n17
com.mi.android.globallauncher
com.sika524.android.quickshortcut
com.ikeyboard.theme.purple.neon.dj
com.million.hd.backgrounds
com.ikeyboard.theme.neon.fire.purge.man
com.redbox.shimeji.live.shimejilife
com.plugin.emojitype.phonexemoji
com.ikeyboard.theme.gold_2019.new.year
