com.picsart.studio
com.google.android.apps.photos
com.lightricks.pixaloop
com.amazon.clouddrive.photos
com.sailuooutman.photocollage.maker
com.lyrebirdstudio.nocrop
com.camerasideas.instashot
com.instagram.layout
com.lightricks.facetune.free
photo.editor.photoeditor.photoeditorpro
com.adobe.psmobile
com.adobe.lrmobile
com.shutterfly
photo.editor.photoeditor.filtersforpictures
com.instagram.boomerang
com.vsco.cam
photocollage.photoeditor.collagemaker
com.photoaffections.freeprints
com.pixel.dance
com.fagz.stoa.photoeditor
photocollage.photoeditor.photocollageeditor
vsin.t16_funny_photo
com.hkzkaq.sweetcamhd
mobi.charmer.fotocollage
com.handycloset.android.eraser
com.roidapp.photogrid
com.ufotosoft.justshot
com.niksoftware.snapseed
com.magicv.airbrush
com.lyrebirdstudio.instasquare
io.faceapp
com.cyberlink.youcammakeup
com.linecorp.b612.android
com.google.android.apps.photos.scanner
net.sourceforge.opencamera
photoeditor.layout.collagemaker
com.km.cutpaste.util
com.adobe.photoshopmix
photoeditor.collagestorymaker.sitcker.leak.fancyselfie
com.lyrebirdstudio.face_camera
com.pixlr.express
com.fujifilm.wifi
com.snapfish.mobile
com.video.superfx
com.bigebang.magi
com.idealpiclab.photoeditorpro
com.cerdillac.filmmaker
com.zada.inhan.photocollage.vic
com.commsource.beautyplus
com.boo.facecam
com.cam001.selfie
photo.android.hd.camera
photoeditor.collage.maker.photo.editor
com.creedon.Nixplay
com.sertanta.slideshowmaker.movie.movieslideshowmaker
com.hde7.fotogenic
photo.piceditor.beautymaker.collage.grid
com.cardinalblue.piccollage.google
gr.gamebrain.comica
com.photoeditor.blendmephotoeditor
com.foutounly.videoeditornew
com.kii.safe
jp.co.canon.ic.cameraconnect
com.cyberlink.youperfect
com.media.zatashima.studio
com.gamebrain.cartoon
com.text.art.addtext.textonphoto
com.adobe.creativeapps.draw
com.lyrebirdstudio.montagenscolagem
com.youthhr.phonto
panorama.filter.selfie.hd.camera
com.streamlabs
com.flickr.android
com.lyrebirdstudio.collage
photo.manager.private.photogallery
com.cyberlink.photodirector
com.youcam.selfiefilters.makeup
com.photoaffections.wrendaus
com.recovery.deletedphoto.restorephoto
com.ilixa.glitch
com.zenjoy.slideshow
image.photoedit.photogallery
com.handycloset.android.photolayers
com.hqgames.pencil.sketch.photo
com.emoji.android.emojidiy
star.videomaker.vlogstar
com.chatbooks
com.morningshine.autocutpaste
com.beakerapps.bestnine
filter.camera.snap.photo.video.panorama
com.nikon.snapbridge.cmru
com.volio.stickers.heart.crown.camera.photoeditor
com.picmonkey.picmonkey
com.varnist
sweet.snapface.facefilter
com.dumplingsandwich.pencilsketch
com.campmobile.snow
com.lyrebirdstudio.colorizer.lite
shu.galaxy.camera
xyz.youworkshop.collagemaker
com.eabdrazakov.photomontage
com.pictureme.photoeditor.picstudio
com.asurion.android.mediabackup.vault.sprint
com.imaginstudio.imagetools.pixellab
com.mvmaster.videomaker
com.highsecure.photoframe
com.photopro.collagemaker
com.jpbrothers.android.polaroid.sub1
kr.co.manhole.hujicam
maa.vaporwave_editor_glitch_vhs_trippy
com.planetart.fptiles.ww
com.atomicadd.fotos
com.cateater.stopmotionstudio
com.logopit.logoplus
com.etoolkit.lovecollage
com.hp.impulse.sprocket
photo.photoeditor.snappycamera.prettymakeup
com.caddish_hedgehog.hedgecam2
com.collagemaker.grid.photo.editor.lab
com.hideitpro
com.camera.galaxyx.s10
vhs.vaporwave.glitcheffects.glitchphotoeditor
com.google.android.apps.photosgo
com.lyrebirdstudio.mirror
com.meihillman.photocollage
com.galaxystudio.treeframecollage
com.adobe.creativeapps.gather
com.adobe.adobephotoshopfix
com.energysh.onlinecamera1
com.swiitt.pixgram
pics.phocus.autocrop.free
com.jsdev.instasize
com.zentertain.photoeditor
com.irisstudio.photomixer
com.thmobile.cartoonme.artphotoeditor
com.soft.clickers.love.Frames
com.piupiuapps.photounicorn
com.fabbyhair.android
com.snaperfect.inframe1
com.xenstudio.books.photo.frame.collage
com.ffffstudio.kojicam
com.iart.camera.photo
com.flambestudios.picplaypost
com.vysionapps.face28
com.gif.gifmaker
com.irisstudio.backgrounderaser
com.opalsapps.photoslideshowwithmusic
com.tickettothemoon.gradient.photo
com.meamobile.picdrop
com.enchantedcloud.photovault
collage.maker.photoeditor
com.llapps.collagemaker
jp.co.canon.bsd.easyphotoprinteditor
com.YerYer.freddyfazbearfacemorphing
com.picmax.cupace
com.photoeditor.imagecutter.cameffect
com.camera.one.s10.camera
com.sec.android.gallery3d
com.photoarteffect.photocartooneditor
com.photoframenagis.happynewyear2020photoframes2020
com.rarevision.vhscamlite
com.iudesk.android.photo.editor
com.irisstudio.picturequotes
com.newappzone.hairchanger.editor
com.nand.addtext
tools.photo.hd.camera
com.eco.textonphoto.quotecreator
salon.haircolor.womanhairstyle.hairstylechanger
com.magix.camera_mx
com.pixamotion
com.axiemsystems.photoeditorminus
com.scoompa.slideshow
vn.remove.photo.content
vStudio.Android.Camera360
net.momentcam.aimee
com.droid.beard.man
com.Man.Photo.Editor.Men.HairStyle.Suits.Mustache
com.lyrebirdstudio.art
com.cameraforiphone.hdcamera
sweet.facecamera.selfie
com.lightx
com.sony.playmemories.mobile
com.coolapps.artfulphotoblend
com.rcplatform.nocrop
com.judi.emojiphoto
com.simplemobilephotoresizer
com.shutterfly.android.sharesites
com.vidoosoft.newvideoeditor
com.fentazy.animoji
com.SimplyEntertaining.addwatermark
com.Men.Women.Girls.Photo.Suit.Dress.Background.Editor
com.ryzenrise.indie
io.moonlighting.painnt
com.bigblueclip.picstitch
com.phototransfer
photo.editor.polarr
com.bybutter.nichi
com.zenjoy.pipcollage
photo.collageeh.frames
com.EmojiPhotoSticker.MakerProV4New
