com.samsung.android.app.notes
com.microsoft.office.outlook
com.microsoft.appmanager
com.hp.printercontrol
com.adobe.reader
com.google.android.apps.googleassistant
com.google.android.apps.docs.editors.docs
com.microsoft.office.word
com.google.android.apps.docs.editors.sheets
com.google.android.calendar
us.current.android
com.google.android.apps.subscriptions.red
com.instabridge.android
com.hp.android.printservice
com.dropbox.android
com.antivirus.clean.security.booster
com.verizon.contenttransfer
com.microsoft.office.excel
com.google.android.apps.docs
com.apalon.myclockfree
com.apple.qrcode.reader
com.microsoft.skydrive
com.xfinity.digitalhome
cn.wps.moffice_eng
com.phonelocatorv10.findmobilebynumber
com.atomczak.notepat
com.google.android.keep
com.att.mobiletransfer
com.att.myWireless
com.google.android.apps.docs.editors.slides
com.att.deviceunlock
com.grammarly.android.keyboard
com.rsupport.mvagent
com.netgear.netgearup
com.dencreak.dlcalculator
com.lastpass.lpandroid
com.att.shm
mobi.freeapps.flashlight.free
com.microsoft.office.powerpoint
mega.privacy.android.app
com.socialnmobile.dictapps.notepad.color.note
com.google.android.apps.cloudprint
com.docusign.ink
com.microsoft.office.onenote
com.wix.android
com.intsig.camscanner
com.speaktranslate.tts.speechtotext.voicetyping.translator
com.coffeebeanventures.easyvoicerecorder
com.xidau.translator
com.evernote
com.google.android.apps.tasks
com.microsoft.todos
com.sec.app.samsungprintservice
com.wsandroid.suite
caller.live.freeapps.callblocker
com.touchtype.swiftkey
com.brother.printservice
com.teacapps.barcodescanner
com.tsheets.android.hammerhead
com.avg.cleaner
com.anthem.alexaechoguide
com.samsung.android.email.provider
com.jabra.moments
com.rb.rocketbook
qrcodereader.barcodescanner.scan.qrscanner
com.tasks.android
com.flashalerts3.oncallsmsforall
com.vcast.mediamanager
com.anydo
com.trello
com.bublup.bublup
com.adobe.fas
com.alphainventor.filemanager
com.dashlane
com.microsoft.office.officelens
com.tohsoft.qrcode
com.alarmclock.xtreme.free
com.zap.surveys
caller.live.freeapps.callrecorder
com.ifttt.ifttt
com.tracfone.simplemobile.myaccount
com.cozi.androidfree
free.calendar.pro.reminder.agenda.todo.notes.alarm
at.nk.tools.iTranslate
com.customsolutions.android.alexa
com.centurylink.ctl_droid_wrap
com.wsandroid.suite.tmobile
com.asurion.android.protech.att
com.cox.android.mobileconnect
camscanner.documentscanner.pdfreader
com.chrome.beta
com.teamviewer.quicksupport.market
com.tricolorcat.calculator
co.blocksite
io.wifimap.wifimap
com.privacystar.android.metro
com.samsung.android.galaxycontinuity
com.google.android.apps.pdfviewer
com.teamviewer.teamviewer.market.mobile
droom.sleepIfUCan
com.easilydo.mail
com.amdroidalarmclock.amdroid
com.estmob.android.sendanywhere
com.cox.panowifi
org.isoron.uhabits
com.q4u.vewdeletedmessage
com.microsoft.translator
com.mailsall.inonemailboxapp
yqtrack.app
com.securityandprivacy.android.verizon.vms
com.kasper.vpn
info.intrasoft.habitgoaltracker
com.dragonflow.android.orbi
com.hound.android.app
com.fancyclean.boost
org.mopria.printplugin
com.wsandroid.suite.metropcs
com.eco.note
com.okta.android.auth
com.stationdm.bluelink
com.luckydeveloper.apkshare
com.todoist
com.walabot.vayyar.ai.plumbing
com.yoti.mobile.android.live
com.sec.print.mobileprint
com.mobilgov.fl.dhsmv
com.xodo.pdf.reader
notepad.note.notas.notes.notizen
com.telmate.TelmateGettingout
com.minecraft.pe.maps
com.sandisk.mz
me.jlabs.loudalarmclock
com.security.antivirus.clean
com.macland.qrscanner
com.winzip.android
com.ministrycentered.PlanningCenter
com.sensopia.magicplan
org.korosoft.simplenotepad.android
ru.infteh.organizer.trial
com.speakandtranslate.voicetyping.translator.speech.stt.tts
xbean.image.picture.translate.ocr
pl.nenter.app.flashlight
com.genie9.gcloudbackup
app.uncaughtexception.snapresume2
com.google.android.inputmethod.japanese
com.wetransfer.app.live
com.microsoft.sharepoint
com.purplecover.anylist
com.ultra.applock
com.habitrpg.android.habitica
org.wordpress.android
com.cardsapp.android
dcmobile.thinkyeah.recyclebin
com.gau.go.launcherex.gowidget.timer
com.agilebits.onepassword
cc.forestapp
com.apalon.to.do.list
com.phonehalo.itemtracker
com.boostedproductivity.app
com.scanner.protect
works.jubilee.timetree
com.rstudioz.habits
com.wdc.wd2go
com.habitnow
com.fancyapp.qrcode.barcode.scanner.reader
com.okta.android.mobile.oktamobile
com.intralot.idaho.checker
com.codeweavers.cxoffice
com.tunityapp.tunityapp
com.tuyware.jsongenie
com.lastpass.authenticator
com.microsoft.cortana
com.degoo.android
com.aloha.browser
com.ravitechno.screen.mirroring
com.SouthernPacificOceanFisher.VoiceToText_memo
com.wunderkinder.wunderlistandroid
prod.com.pingidentity.pingid
com.pdffiller
com.ticktick.task
com.sec.android.inputmethod
org.whiteglow.keepmynotes
com.volumeboosterequalizer.enhancedmobilevolume
free.weather.calendar.schedule.reminder.todo.agenda.note
com.qrcodescanner.barcodereader.qrgeneratorapp
com.granita.contacticloudsync
com.signnow.android
arproductions.andrew.worklog
imoblife.toolbox.full
co.easy4u.writer
com.x8bit.bitwarden
com.er.mo.apps.mypasswords
com.totalav.android
com.kitkatandroid.keyboard
com.dencreak.esmemo
hdesign.theclock
com.ToDoReminder.gen
com.google.android.apps.enterprise.dmagent
pl.solidexplorer2
com.lookandfeel.qrcodescanner
