com.wayfair.wayfair
com.amazon.mShop.android.shopping
com.contextlogic.wish
com.walmart.android
com.poshmark.app
com.mercariapp.mercari
com.abtnprojects.ambatana
com.ebay.mobile
com.shopify.arrive
com.offerup
com.fetchrewards.fetchrewards.hop
com.alibaba.aliexpresshd
com.walmart.grocery
com.target.ui
com.dollargeneral.android
com.chewy.android
com.ibotta.android
com.tophatter
com.nike.omega
com.groupon
com.ebates
com.kohls.mcommerce.opal
com.usablenet.mobile.walgreen
com.kroger.mobile
com.wishabi.flipp
com.thehomedepot
com.myklarnamobile
com.zzkko
com.instacart.shopper
com.rfi.sams.android
com.amazon.aa
com.heb.myheb
com.familydollar
com.etsy.android
com.costco.app.android
com.jcp
com.cvs.launchers.cvs
com.joom
com.dhgate.buyermob
com.lowes.android
com.macys.android
com.alibaba.intl.android.apps.poseidon
com.fifthfinger.clients.joann
com.affirm.central
com.afterpaymobile.us
com.zulily.android
com.thredup.android
com.bestbuy.android
com.shopkick.app
com.stockx.stockx
com.contextlogic.home
com.victoriassecret.vsaa
com.google.android.apps.shopping.express
com.mbam.offeruptips
com.receiptpalapp.android
com.airgoat.goat
com.dealdash
com.bathandbody.bbw
com.coupons.ciapp
com.bh.boost
com.amazon.windowshop
com.romwe
com.wayfair.jossandmain
com.ae.ae
com.cargurus.mobileApp
com.wholefoods.wholefoodsmarket
com.saksfifthavenue.android
de.apptiv.business.android.aldi_us
com.rosegal
com.pg.clubpampers.android.us
com.petco.mobile
com.shipt.groceries
com.ikea.kompis
co.tapcart.app.npQt0DXZpj
com.wawa.android.appv2
com.geekslab.qrbarcodescanner.pro
com.bbby.bedbathandbeyond
com.footlocker.approved
com.reverb.app
com.brandingbrand.reactnative.and.bjs
com.nike.snkrs
com.g2018.hfcoupons
com.adidas.app
com.meijer.mobile.meijer
com.depop
com.thirdrock.fivemiles
com.application_4u.qrcode.barcode
com.globalegrow.app.dresslily
com.bh.sprint
com.wikibuy.prod.main
net.slickdeals.android
com.touchofmodern
com.c51
com.whaleshark.retailmenot
com.barcodescanner.walmartpricecheckapp
com.overstock
com.infoscout.receipthog
com.google.zxing.client.android
com.pictarine.photoprint
com.rarewire.forever21
com.vova.android
com.bluestem.fingerhut.android
com.foodlion.mobile
com.quadpay.quadpay
com.safeway.client.android.albertsons
com.jpma.EBTShopper
com.amazon.now
com.mercadolibre
com.dsw.android
com.nordstrom.rack.app
com.roomstogo.dealstogo
com.abercrombie.hollister
com.dosh.client
com.zaful
com.target.GuestRegistry
com.rucksack.barcodescannerforwalmart
com.thekrazycouponlady.kcl
com.wakefern.shoprite
com.WinnersCircle
com.banggood.client
com.l
com.tjx.tjmaxx
com.amour.chicme
com.ncp.ncpmobile
com.contextlogic.geek
ai.cloudmall.android
com.belk.android.belk
com.menards.mobile
com.qvc
com.frysfood.mobile
com.adoreme.android
com.generalmills.btfe
com.childrensplace.tcpmobileapp
com.payrange.payrange
com.copart.membermobile
com.champssports.champssports
com.biggu.shopsavvy
com.fredmeyer.mobile
dsgui.android
net.groceryshopping.SproutsFarmersMarket
com.nordstrom.app
cpro.app
com.famousfootwear.android
com.hsn.android
com.smithsfoodanddrug.mobile
com.samsung.ecomm
coupons.boxfor.familydollardiscountcodes
com.zappos.android
com.photon.android.bjsrestaurant
com.hottopic.android
com.rac.racmobile
gotit.com.gotit
com.sezzle.sezzlemobile
com.boxed.prod
com.gianteagle.apps.perksapp
com.loves.finder
com.redbubble
com.hollar.android
com.therealreal.app
com.safeway.shop
com.asos.app
com.ralphs.mobile
com.thrivemarket.app
com.eastbay.eastbay
thecouponsapp.coupon
com.rainbowshops
com.lidl.android
com.wegmans.wegmansapp
com.stopandshop.mobile.droid
com.kingsoopers.mobile
com.stitchfix.stitchfix
com.app.offerit
com.ua.shop
com.sitedude.dollargeneralpennylist
com.codified.hipyard
com.dirtcheap.dealfinder3
com.deals.coupons.walmart
com.modanisa
com.torrid.android
com.rewardstyle.liketoknowit
com.mobile.vioc
de.stocard.stocard
com.capigami.outofmilk
com.tjx.marshalls
com.gianteagle.apps.grocery
us.ollies.app
de.koloch.evaluator.free
com.gpshopper.express.android
com.kcc.huggiesrewards
com.influenster
com.Soufeel
com.barcodelookup
com.icedblueberry.shoppinglisteasy
com.newegg.app
com.ashleyfurniturehomestore.ecomm
com.sears.android
com.simon.app.simonmalls
com.appnana.android.giftcardrewards
com.disney.disneystore_goo
com.officedepot.mobile.ui
