com.zhiliaoapp.musically
com.instagram.android
com.snapchat.android
com.facebook.katana
com.pinterest
com.facebook.lite
sg.bigo.live
com.popshow.yolo
com.linkedin.android
com.pinger.textfree
com.pof.android
com.imvu.mobilecordova
com.myyearbook.m
com.science.wishboneapp
com.framy.placey
com.bestnine
com.textmeinc.textme
cool.monkey.android
com.profoundly.android
com.badoo.mobile
com.takimi.android
com.taggedapp
com.uberhoney.app
co.ninecount.wink
co.yellw.yellowapp
com.cmcm.live
mg.locations.track5
me.dingtone.app.im
com.skout.android
com.tumblr
com.narvii.amino.master
messenger.chat.social.messenger
com.grindrapp.android
com.herzick.houseparty
com.appriss.mobilepatrol
com.pinger.textfree.call
messenger.chat.social.messenger.lite
com.gogii.textplus
com.textmeinc.freetone
com.machipopo.media17
com.meetup
com.allsocial.app
com.quack.app
com.GoFundMe.GoFundMe
messenger.messenger.videocall.messenger
com.dazz.hoop
com.lightspace.lmk
com.thepattern.app
com.nhn.android.band
com.google.android.apps.plus
com.thankyo.hwgame
com.instagram.threadsapp
com.fsp.android.c
com.homeismobile
com.kimcy929.repost
com.exutech.chacha
com.mobilearts.instareport
live.stream.audio.voice.chat.cuddle
tv.periscope.android
com.findmeafreak.com.app
com.evite
cards.davno.newyear.en
com.scorp.who
com.web_view_mohammed.ad.webview_app
camsurf.com
com.sgiggle.production
com.mico
sms.mms.messages
com.facebook.Socal
com.mewe
messenger.social.chat.apps
me.togather.wave
com.amolatina
com.likefollower.fortiktok
com.mywickr.wickr2
com.dating.android
com.textfun.text.free.call
com.shareitagain.whatslov.app
com.waplog.social
tech.plink.PlinkApp
com.mojisticker.afromoji
com.adam4adam.radar2.ui
com.datemyage
com.asiandate
app.follow.unfollow
com.jaumo
vezbi.com.vezbi
com.shareitagain.mymoodsmiley
com.bravo.messengerprivate
com.glympse.android.glympse
com.mindcandy.popjam
com.plato.android
com.fsp.android.friendlocator
com.parallel.space.lite
com.boo.boomoji
com.facebook.lasso
com.activebuilding.residents
com.hi5.app
com.instagram.igtv
my.love.romanticsoft
com.videochat.livu
com.redwolfama.peonylespark.gp
com.beakerapps.instameter2
sweetchat.localdatingtinder.meet
com.domobile.messenger
com.socialwristteam.bestnine
org.thunderdog.challegram
sg.bigo.hellotalk
com.ilocatemobile.navigation
com.bringsgame.kiss
com.analyzing.network
chat.social.messages.messenger.text.video.free
com.waf.husbandmessages
com.boblert.whodoesit
com.addnow.yoclem.addnow
com.kickstarter.kickstarter
com.signal.android
younow.live
com.skylb.hola.app
ru.taboo.app
com.teampeanut.peanut
com.mirages.lovestory.stickers
com.appearscape.asian.charm
com.mightybell.mb
com.love.loveyou
com.addsnapchatfriends.sfriends
com.blockchainvault
com.saverfeasterhy.app
com.appspot.scruffapp
free.followers.assistant
com.berniesanders
com.lavendrapp.lavendr
com.socialnetworking.transgapp
com.chatgum.chat.rooms
com.letterboxd.letterboxd
io.karn.insights
com.topface.topface
com.vkontakte.android
com.mobile.android.eris
com.camshare.camfrog.android
com.baronapp.cameo
mobi.jackd.android
com.tradehounds.tradehounds_android
lux.elixir.unfollow
com.riffr.android
allinone.messenger.socialmedia.messages.lite
com.unearby.sayhi
com.narvii.amino.manager
jp.pxv.android
com.paltalk.chat.android
com.weareher.her
realappes.greetingscards
com.asiainno.uplive
com.quoord.tapatalkpro.activity
com.honeycommb.bountifulbaskets
messenger.pro.messenger
go.dev.matchandtalk
com.rodolfogs.nextdooralerts
biz.trans
com.meepo.followers.tracker
ro.novasoft.cleanerig
com.explore.web.browser
com.appland.qrscanner
com.memium.memium
com.surgeapp.zoe
com.improver.heyyodating
com.live.videochat.india
net.grandpad.puma
com.girlsaskguys
com.campmobile.android.moot
com.impossible.bondtouch
com.mylol.spotafriend
com.magicjack
net.cybrook.trackview
com.couple.story.stickers
com.goodmorning007
com.waf.lovemessageforbf
com.test.teendatingsite.net.app
com.holiestep.msgpeepingtom
com.vent
app.hindirhymes.my.hindibayrhymes
com.veri.veri
cards.davno.bday.en
com.waplogmatch.social
studio.love.sweet.coolcaptionsandstatus
com.redcactus.repost
com.peoplelooker
com.asianmelody.app
org.findmykids.child
live.bunch.group.video.chat.party.games
com.mobiversite.lookAtMe
co.benx.weverse
com.chatous.chatous
com.shareitagain.whatslov.wastickerapps
twodegrees.android
com.narvii.amino.x219280721
com.huya.pokogame
com.timehop
com.app.fatch
com.shareitagain.bigemoji
