com.espn.score_center
com.gotv.nflgamecenter.us.lite
com.handmark.sportcaster
com.yahoo.mobile.client.android.sportacular
com.foxsports.android
air.com.nbcuni.com.nbcsports.liveextra
com.draftkings.dknativermgGP
com.neulion.android.tablet.nfl.wnfln
com.nbadigital.gametimelite
com.fivemobile.thescore
onxmaps.hunt
com.fanduel.android.self
com.fishbrain.app
com.foxsports.videogo
com.bleacherreport.android.teamstream
com.theathletic
com.huntstand.core
com.teamsnap.teamsnap
net.dofusports.nfl.nba.ncaaf.mlb.nhl
com.affinity.football_rewards
com.dofu.nfl
com.dfstream.nfl
com.nfl.fantasy.core.android
com.nhl.gc1112.free
com.bmx.cycle.stunt.rider.racing.tracks.adventure.games
com.sportngin.android
com.nbcsports.mobile.rsnlocalsports
com.crrepa.band.dafit
com.nbcsports.apps.tv
com.espn.fantasy.lm.football
com.mobile.android.patriots
org.x90live.fcbarcelona2018
com.teeoff.teeoff_mobile_android
com.yahoo.mobile.client.android.fantasyfootball
com.sportsaction.action
com.hudl.hudroid
com.buoy76.huntpredictor
com.kicksonfire.android
com.fishangler.fishangler
de.motain.iliga
com.yinzcam.nfl.saints
com.vailresorts.epicmix
com.atptour.atptour
com.dazn
ptv.bein.ui
com.siplay.tourneymachine_android
com.teamapp.teamapp
com.topgolf.mobile
com.sports.live.football.tv
com.yinzcam.nfl.bills
com.game.deathtrafficrider.racergame.stuntbike
com.hofr
com.dinosaurhunter2019
com.tour.pgatour
com.fishangler.fishingspots
com.alterramtnco.ikonpass
com.yinzcam.nfl.eagles
com.johneyboy.whitetaildeercalls
com.dribbleupsoccer
com.sports.schedules.football.nfl
com.yinzcam.nfl.texans
com.exatools.skitracker
com.catchsports.catchsports
com.fubo.firetv.screen
es.lfp.gi.main
com.dribbleupbasketball
com.golfnow.android.teetimes
com.beinsports.andcontent
com.johneyboy.predatorcalls
com.nfl.nba.ncaaf.nhl.mlb.aaf.live.sportlivenews
com.hdstream.game.free.nba.basketball
com.bamnetworks.mobile.android.gameday.atbat
com.dofu.nba
com.bettingpros.bettingpros
com.siplay.android_siplay
com.pac_12.android_player
com.fanatics
com.bamnetworks.mobile.android.ballpark
tv.flosports
com.yinzcam.nfl.seahawks
com.draftkings.dklive
com.nonostuffs.aesxpress
com.uefa.ucl
com.gc.teammanager
com.pinkbike.trailforks
com.neulion.smartphone.ufc.android
com.july.univision
com.directv.supercast
io.hotmic.hotmic
com.resultadosfutbol.mobile
com.pl.premierleague
com.desiderata.ihunt
com.lucidappeal.appmold
com.maxpreps.mpscoreboard
com.teamreach.app
com.dofu.ncaaf
com.flipps.fitetv
cards.priceguide.pgc
com.contorra.golfpad
com.noticesoftware.FanSided
com.televisa.deportes.android
com.moutriemobile.android.tyche
com.mobile.basemap
nfl.live
com.garmin.android.apps.golf
com.active.aps.meetmobile
com.cycloneshockey.cyclones
com.gc.android
com.gregacucnik.fishingpoints
com.hikingproject.android
com.myracepass.myracepass
com.chelseafc.the5thstand
com.cfp.gameday
com.beckett
com.regasoftware.udisc
com.advancedmobile.android.ghin
com.boyneresorts.summit
com.directv.sundayticket
league.poolplayers.com
com.MFLPlatinum.MFLPlatinum
com.nfl.nba.ncaaf.nhl.mlb.aaf.live.sportlivenews.pro
com.yinzcam.nfl.cowboys
com.arman.spinlinks
com.hometurf.mobileapp.prod
com.fishtechnology.nhlfanaccess
com.heja.app
com.futbolx.ligamx
com.antonnikitin.solunarforecast
com.nfl.fanmobilepass
es.lfp.laligatv
com.adcnr.outdooral
com.netcosports.anddakarworld
com.bassforecast.android
com.yinzcam.nfl.vikings
net.female.fitness.women.workout
com.sports.schedules.football.ncaa
com.huami.watch.hmwatchmanager
com.theappdoor.tpwd.app
com.brackethq
com.mobilefootie.wc2010
com.msgi.msggo
com.borisov.strelok
com.sports.schedules.college.basketball.ncaa
com.yinzcam.nfl.chiefs
com.sole.insider.free
com.mcentric.mcclient.FCBWorld
com.yinzcam.nfl.packers
andrewgilman.dartsscoreboard
com.lidsmobileapp
com.yinzcam.nfl.ravens
com.stream.ncaaf.fanmobile.live
com.nbadigital.gatv
com.jome.fishsmart
com.myleaderboard.GolfChannel
com.hdsports.livejfla.watch.all.games
com.brandtinfo.outdoorsok
com.sleeperbot
com.nascar.nascarmobile
com.paninidigitalinc.blitz
com.swingbyswing
com.yinzcam.nfl.titans
ca.tsn.mobile.android
appinventor.ai_10thplanetshoals.USAW_Lv2
com.yinzcam.nba.rockets
com.footballstream.tv.euro
com.cbs.sports.fantasy
com.golflogix.ui
com.yinzcam.nfl.sf
com.fishrulesapp.fishrules2013
com.mossyoakgo
com.yinzcam.nfl.patriots
org.upward.coaches.basketball
com.cthnfwt.flivstre.tbalives.trelliver
com.mtbproject.android
com.topps.huddle
com.supremegolf.app
at.steirersoft.mydarttraining
live.football.tv.hd.streaming.football.tv
ch.klmn.hooping
com.nikon.spoton
com.smartboxtv.nunchee.fanatiz
com.lumiplan.montagne.SquawValley
pbr.now.ver2
ddidev94.fishingweather
com.neulion.smartphone.btn2go.android
com.sofascore.results
air.com.nbcuni.com.telemundo.envivo
com.peterhohsy.mybowling
com.livesoccertv
com.endalgo.mobile
itargetpro.com.targetpro
com.nflradiolive.radio
com.yinzcam.nfl.steelers
com.spond.spond
com.simplybracket.simplybracket
com.yinzcam.nba.bucks
tr.solunar_forecast
com.leonardobortolotti.virtualscoreboard
com.fanduel.scout
com.johneyboy.squirrelcalls
