com.symantec.securewifi
com.apple.movetoios
com.google.android.webview
com.sec.android.easyMover
com.google.android.apps.translate
de.mobileconcepts.cyberghost
com.zhiliao.musically.livewallpaper
com.nordvpn.android
com.appblockgames.freecraftexploration
com.google.android.apps.adm
com.amazon.storm.lightning.client.aosp
com.mediamushroom.copymydata
com.soomapps.screenmirroring
com.emoji.coolkeyboard
com.google.android.apps.authenticator2
com.brighthouse.mybhn
com.google.android.apps.nbu.files
com.google.android.apps.kids.familylink
com.antivirus.free.security.cleaner
com.samsung.android.app.watchmanager
com.avast.android.mobilesecurity
com.apps.go.clean.boost.master
com.peacock.flashlight
com.ehawk.antivirus.applock.wifi
com.sec.android.app.popupcalculator
jp.co.canon.bsd.ad.pixmaprint
com.comcast.cvs.android
com.ldl.videoedit.iwallpapers
com.doordash.driverapp
com.ztnstudio.notepad
org.zwanoo.android.speedtest
com.luutinhit.controlcenter
com.google.android.inputmethod.latin
com.duckduckgo.mobile.android
com.google.ar.lens
app.qrcode
com.kraftwerk9.rokie
com.google.android.calculator
com.gamma.scan
com.ivolumes.equalizer.bassbooster
com.tencent.tl.wallpaper
com.samsung.smartviewad
com.newsbreak.picture.translate
com.ovelin.guitartuna
com.masterappstudio.qrcodereader
com.screenrecorder.videorecorder.smartrecorder
com.merkuryinnovations.geeni
com.cleanmaster.mguard
com.qrcodescannerfree.barcodereaderappfree
com.boo.bmoji
com.antivirus
jp.co.canon.android.printservice.plugin
com.lge.mobilemigration
com.mars.dotdot.boost.clean
com.lenovo.anyshare.gps
com.xmagic.camera
security.scan.antivirus.protection
com.download.free.videodownloader
com.google.android.apps.paidtasks
com.nkapa.antivirus.safephone.security
com.mobiletranstorapps.all.languages.translator.free.voice.translation
com.sprint.care
com.google.android.apps.searchlite
com.orange.utility.master
com.expressvpn.vpn
com.movieshd.free
com.lookout
julia.color.phone.shine.wallpaper
com.immediasemi.android.blink
com.target.swi
com.appswing.qrcodereader.barcodescanner.qrscanner
com.vsray.remote.control
com.paycom.mobile.ess
com.google.android.deskclock
com.sec.android.app.voicenote
com.ehawk.proxy.freevpn
qrscanner.barcodescanner.barcodereader.qrcodereader
com.qrcodescanner.barcodescanner
com.kms.free
com.appatomic.vpnhub
free.vpn.unblock.proxy.turbovpn
com.weedle.tv_box_amazon_fire_stick_remotes
com.appocalypses.karaokevoicesimulator
org.malwarebytes.antimalware
com.ludashi.superclean
com.green.banana.app.lockscreenpassword
com.voicefive.mms
com.sony.songpal.mdr
com.remote.control.universal.forall.tv
com.ludashi.dualspace
com.vzw.hss.myverizon
com.boost.care
com.tcsteamdev.smart.voice.recorder
com.activision.callofduty.companion
com.google.android.googlequicksearchbox
in.tv.remote.control.sony.remote.control
com.google.android.marvin.talkback
com.epson.mobilephone.android.epsonprintserviceplugin
com.google.android.apps.wellbeing
com.pdf.viewer.pdftool.reader.document
de.twokit.screen.mirroring.app
com.avast.android.cleaner
com.zyxwhite.qrcoderw
com.faceapp.facescan.horoscrope.aging
com.cleanteam.oneboost
cslappdeveloper.lanterna
com.domobile.applock
com.onex.mobilenumberlocator.callerid.mobile.number.locator.caller.location.tracker
com.microapps.screenmirroring
tv.remote.control.vizcontrol
com.fast.free.unblock.thunder.vpn
com.tplink.tether
com.jn.screenmirroring.screencast
com.asurion.home.sprint
com.riteshsahu.SMSBackupRestore
com.minisocialtools.masterdownloader
com.digitalchemy.calculator.freedecimal
com.rarlab.rar
ch.protonvpn.android
com.my.new.wallpaper.lww
simply.quick.cleaner.devic
com.google.android.apps.kids.familylinkhelper
com.google.android.tts
com.File.Manager.Filemanager
com.soulapps.superloud.volume.booster.sound.speaker
com.threestar.gallery
com.kimcy929.screenrecorder
epson.print
com.piriform.ccleaner
com.tmobile.vvm.application
com.tmobile.pr.mytmobile
com.messaging.textrasms.manager
com.fireshooters.lifetips
org.speedspot.speedanalytics
com.mah.calldetailscreen
com.mi.android.globalFileexplorer
com.qrcodereader.qrcodescanner
ru.zdevs.zarchiver
com.verisign.mvip.main
com.tech.analytics
com.kraftwerk9.firetv
com.surfshark.vpnclient.android
com.freevpnintouch
com.launcher.ios11.iphonex
com.psafe.msuite
com.abbstrontium.applock
com.freebqr.barcode.qrcodereader.scaner
helen.homer.greek.descent
com.marsvard.stickermakerforwhatsapp
com.gps.speedometer.odometer.digihud.tripmeter
pl.nenter.app.compass_app
com.microsoft.bing
com.apple.bnd
com.garmin.connectiq
net.zhuoweizhang.mcpelauncher
com.voxxaccessories.signalfinder
com.recoverymyphoto.jpgrecovery.datarecovery
com.meituan.ybw.flash
tool.fast.pleasant
com.truedevelopersstudio.automatictap.autoclicker
abdelrahman.wifianalyzerpro
translate.speech.text.translation.voicetranslator
com.sharpened.androidfileviewer
com.bagon.translator
com.geek.boost.clean.master
com.mobile.number.locator.phone.caller.location
kika.emoji.keyboard.teclados.clavier
com.applockfinger.patternlock.fingerprintpassword
com.greenrocket.cleaner
com.fsp.android.phonetracker
fast.boost.cleaner.speed.clean.safe.plus
hotspotshield.android.vpn
com.newrmt.remotecontrol.televisionremote
com.brother.mfc.brprint
com.authy.authy
com.goodev.volume.booster
com.speedoptimize.tool.clean
com.steel.memory.cleaner.app
com.downloadmp3.musicdownload.downloadmusoc.musicmp3
com.mobile.numberlocation.phone.calls.numbertracker
com.kempton.universalremote.tvremotecontroller
tw.mobileapp.qrcode.banner
net.androgames.compass
com.cetusplay.remotephone
com.asurion.solutohome.verizon
get.instagram.followers.unfollowers
com.zrgiu.antivirus
com.catalinagroup.callrecorder
com.flatfish.cal.privacy
com.truthfinder.app
com.quanticapps.remotetvs
