com.google.earth
com.yelp.android
com.airbnb.android
com.expedia.bookings
com.booking
com.southwestairlines.mobile
com.aa.android
com.united.mobile.android
com.disney.wdw.android
com.vrbo.android
com.upside.consumer.android
com.hopper.mountainview.play
com.delta.mobile.android
com.language.speech.picture.translate
com.hcom.android
com.relayrides.android.relayrides
com.carnival.android
com.google.android.apps.navlite
com.priceline.android.negotiator
com.chao.picture.translate
com.entertaininglogixapps.gps.navigation.direction.find.route.map.guide.pro
com.google.android.apps.maps
com.flyfrontier.android
gbis.gbandroid
com.trivago
com.hilton.android.hhonors
com.speedway.mobile
com.disney.wdpro.dlr
com.google.android.apps.mapslite
com.limebike
com.travelocity.android
com.spirit.customerapp
com.marriott.mrt
com.fp.cheapoair
com.lixar.allegiant
com.disney.playdisneyparks.goo
com.rccl.royalcaribbean
com.policecargame.cpos.carracing.policechase.jk
com.jetblue.JetBlueAndroid
com.forandroid.streetview.liveearth.maps.gps.routefinder.navigation
com.universalstudios.orlandoresort
com.hoteltonight.android.prod
com.tripadvisor.tripadvisor
com.flightradar24free
co.bird.android
com.google.android.street
com.amtrak.rider
com.alaskaairlines.android
com.holi.picture.translate
com.kayak.android
com.orbitz
net.skyscanner.android.main
us.mobilepassport
com.ehi.enterprise.android
com.greyhound.mobile.consumer
net.sharewire.Nycdot
com.vacationrentals.homeaway
com.apalon.flight.tracker
com.travelchannel.watcher
com.bp.mobile.bpme.us
com.pilottravelcenters.mypilot
com.ihg.apps.android
de.flixbus.app
com.cedarfair.knottsberry
com.ncl.bge
com.sixflags.android
com.streetview.penorama.liveearthmap
com.army.miami.crime.sim
com.uhaul.android.myuhaul
com.universalstudios.hollywoodresort
com.bah.r1smobile
com.hotwire.hotels
com.oyo.consumer
com.vznavigator.Generic
com.tripit
com.hertz.android.digital
pm.spin
com.agoda.mobile.consumer
com.lodgenet
kulana.tools.vacationcountdown
com.hawaiianairlines.app
com.volaris.android
com.skiplagged
com.bikesstunt.motomaster.racing.game.trial.trick.bikeRacing2
com.caesars.playbytr
com.freebirdrides.android
io.walletpasses.android
com.mgmresorts.mgmresorts
com.yellowpages.android.ypmobile
com.guidebook.android
com.flyex.T3.traveler
com.wyndhamhotelgroup.wyndhamrewards
com.flightaware.android.liveFlightTracker
com.navigation.offlinemaps.gps
com.Hyatt.hyt
com.Sunpass.Sunpass_Android
com.prioritypass3
com.jumpmobility
info.mta.mymta
com.reveltransit
com.hiclass.earthlivecam.publiccam.earthcam.webcamhd
ctrip.english
com.roadtrippers
com.seaworld.mobile
com.techno.liveearthcameras
com.mapswithme.maps.pro
com.skypicker.main
com.cheaptickets
com.avis.androidapp
me.wiman.androidApp
com.razor.razor
com.flistholding.flightplus
com.smartcompass.weatherdaily.maprouter
com.rdh.mulligan.myelevation
com.ehi.national.mobile
gov.dhs.tsa.mytsa
com.droptank.makeitcount
com.getyourguide.android
com.xe.currency
com.carnival.gxi.ocean.compass.OceanNav
com.kumandgo.rewards
com.voice.gps.navigation.driving.route.planner
com.digitalchemy.currencyconverter
com.disney.cruise.sept_goo
com.appsclub.route.offline.navigation.localstreet.finder.satellite.free
com.sfmta.mt.mobiletickets
gov.dhs.cbp.bems.wcr.bwt2
com.garmin.android.apps.phonelink
info.wyoroad.mobile.android
com.mapzonestudio.gps.navigation.live.map.voice.translator
com.live.earthview.maps.gpsfinder.globalsatellite.apps
com.rtcsnv.rideRTC
com.rome2rio.www.rome2rio
com.hcceg.veg.compassionfree
com.rccl.celebrity
com.buschgardens.mobile
com.lufthansa.android.lufthansa
com.resy.android
com.merlin.legocal
de.bmw.connected.na
com.sygic.familywhere.android
com.hometogo
com.mennatech.bach
com.couchsurfing.mobile.android
com.getwheelsapp.wheels
com.ba.mobile
app.freeroam.main
com.budget.androidapp
com.tokentransit.tokentransit
com.justride.rtddenver
com.zoqin.findelfi
com.klook
com.thryvinc.nycmap
com.flightview.flightview_free
com.rci.rcimemberapp.vacationexchange
itoll.com.ntta
com.aga.travelaid.us
com.gladtohaveyou.hospitality
com.cf.flightsearch
com.hollandamerica.navigator.moapp
com.spotcrime.spotcrimemobilev2
shipmate.carnival
com.rvparktime.android
crc.carsapp.mn
com.norta.gomobileapp
com.vialsoft.speedbot_gps_obd_speedometer
com.hipcamp.pocketknife
com.aircanada
com.dayuse_hotels.dayuseus
com.bigbustours.bbt
net.aviascanner.aviascanner
com.jetradar
net.myarx.placesbeen
com.hawsoft.mobile.speechtrans
info.mta.metro_north.train_time
org.trimet.mt.accounts
com.p66.b2c.stationfinder.u76
com.telenav.app.android.cingular
com.togotechnologies.RoyalFarms4
com.bestwestern.android
com.my6.android
com.tatravelcenters.trucksmart
com.barhuntv2
com.emirates.ek.android
com.visitacity.visitacityapp
com.anyride
com.hotelmost.cheaphotels
com.sixt.reservation
com.alamo.mobile
com.hostelworld.app
gov.wa.wsdot.android.wsdot
com.transcore.android.commuterLink
com.doublemap.iu
com.rentalcars.handset
com.travelzoo.android
com.msccruises.mscforme
com.blueduckapp.blueduck
com.aeromexico.app
com.ilyabogdanovich.geotracker
com.paturnpike.PTCEZPass
