videoeditor.videorecorder.screenrecorder
video.like
com.giphy.messenger
com.tinybyteapps.robyte
com.google.android.apps.youtube.creator
com.google.android.videos
us.android.mingzhi.motv
com.cyberlink.powerdirector.DRA140225_01
com.avcrbt.funimate
com.riffsy.FBMGIFApp
com.google.android.youtube
instake.repost.instagramphotodownloader.instagramvideodownloader
com.nexstreaming.app.kinemasterfree
cast.video.screenmirroring.casttotv
video.downloader.videodownloader
org.videolan.vlc
com.video.master
com.camerasideas.trimmer
screenrecorder.recorder.editor
com.videoeditorpro.android
com.turner.cnvideoapp
com.appsllc.watch.films.movies
com.mxtech.videoplayer.ad
ir.remote.smg.tv
castwebbrowsertotv.castwebvideo.webvideocaster
com.quvideo.xiaoying
co.onese.android
com.mobilemotion.dubsmash
com.funcamerastudio.videomaker
co.triller.droid
com.ryzenrise.intromaker
com.lomotif.android
app.dupavideo.wishes
com.magisto
com.instantbits.cast.webvideo
org.xbmc.kodi
com.imgur.mobile
all.video.downloader.allvideodownloader
de.twokit.castbrowser
com.hecorat.screenrecorder.free
com.gopro.smarty
glitchvideoeditor.videoeffects.glitchvideoeffect
remote.control.viziotv
video.player.videoplayer
videoeditor.videomaker.videoeditorforyoutube
com.playtube.videotube.tubevideo
mp3videoconverter.videotomp3.videotomp3converter
com.easycut
com.koushikdutta.cast
video.like.lite
com.quinto.watch.movies.free
com.lightricks.videoboost
com.download.freevideotomp3.audioconvert
com.xvideostudio.videoeditor
hd.video.downloader.app.hdvideodownloaderapp
com.mobivio.android.cutecut
com.hld.anzenbokusucal
mobisocial.arcade
com.pbs.video
com.wondershare.filmorago
com.stupeflix.replay
videodownloader.fbvideodownloader.facebookvideodownloader.videodownloaderforfacebook
com.toxic.apps.chrome
mobi.charmer.myscreenrecorder
com.videoshop.app
mobi.charmer.mymovie
com.capturescreen.superbrecorder
com.jb.screenrecorder.screen.record.video
tikmate.tiktokvideodownloader.savetiktokvideo.nowatermark
com.ezscreenrecorder
com.alightcreative.motion
com.castify
com.ants360.yicamera.international
free.videotube.playtube.videoder.video.downloader
screen.recorder
mobi.charmer.magovideo
com.oprah.owntve
twimate.tweetdownloader.savetwittergif.twittervideodownloader
uplayer.video.player
com.floatingtunes.youtubeplayer.topmusic
com.ryzenrise.vlogstar
com.samsung.android.videolist
hd.movies.free.online.watch
com.movisoftnew.videoeditor
com.fourchars.lmpfree
com.adobe.premiererush.videoeditor
com.rocks.music.videoplayer
com.nll.screenrecorder
com.one.player
com.darinsoft.vimo
com.nst.iptvsmarterstvbox
de.stefanpledl.localcast
storysaverforinstagram.storydownloader.instastorysaver
com.yantech.zoomerang
com.bycro.photobender
com.lego.moviemaker.thelegomovie2
com.tianxingjian.screenshot
com.lgremote.view
com.blapp.videodownloader
dji.go.v5
free.movies.tv.shows.films.series
com.mobile.bizo.reverse
dji.go.v4
com.actionsmicro.ezcast
com.screenrecorder.recorder.editor
com.downloader.video.tube.free.fast.my.mytubevideodownloader
downloader.vitmate.downloaderapp
com.recordyourscreen.screenvideo.recnoroot
fnzstudios.com.videocrop
com.tempo.video.edit
com.rsupport.mobizen.lg
videoeditor.vlogeditor.youtubevlog.vlogstar
com.multimedia.mvcastplayer
com.wukongtv.wkcast.intl
com.tnscreen.main
com.dollarcityapps.mp4player
com.pas.webcam
com.allvideodownloader.freedownloader.downloadvideos
com.zmodo
com.videoslideshow.photomovie.videomaker
com.magicvideo.beauty.videoeditor
com.vaultmicro.camerafi
com.recorder.music.bstech.videoplayer
com.bianor.amspersonal
com.screen.mirroring.airplay.streamtotv
com.video_star.editvideo
com.phil.tv.view
com.videomusic.photoslideshow
editor.video.motion.fast.slow
com.ipc360
com.uc.vmate
dji.mimo
com.camera.secretvideorecorder
com.hbo.go
com.cyberlink.actiondirector
com.samremote.view
facebookvideodownloader.videodownloaderforfacebook
videoeditor.videomaker.slideshow.fotoplay
com.video.editor.cool
co.vine.android
com.crunchyroll.android.naruto
com.photomovie.slideshow.videomakerfree
com.wevideo.mobile.android
com.enjoymobi.xvideoplayer
com.elsewhere
com.photo.video.editor.slideshow.videomaker
roid.spikesroid.tv_remote_for_philips
com.winnerwave.miraapp
com.njpwworld.NJPWWORLD
com.owlhd
com.snei.vue.android
com.videomaker.editor.slideshow.songs.record.album
ph.app.photoslideshowwithmusic
com.musicvideomaker.slideshow
com.hikvision.hikconnect
com.nexstreaming.app.vasset.global
com.playit.videoplayer
com.zombodroid.videogifmemefreegplay
dji.pilot
photo.view.hd.gallery
com.videomaker.effects.glitchvideo
ph.app.slideshowmaker
com.mobile.bizo.slowmotion
com.llapps.videocollage
com.rsupport.mobizen.live
com.lsla.videomaker
textanimation.intro.videomaker
generalplus.com.GPCamDemo
com.ezviz
com.shiva.mp4downloader.videodownloader
com.m24apps.socialvideo
com.genie9.cloud.gallery
com.recordscreen.videorecording.editor
com.funny.tiktok.videos
com.vaultmicro.camerafi.live
com.kwai.video
com.mp4tomp3converter.videotomp3.audiocutter
com.lyrebirdstudio.videoeditor
it.couchgames.apps.cardboardcinema
com.vaultmicro.camerafi2
com.uniksoft.hdvideoplayerpro
com.tencent.qqlivei18n
ru.iptvremote.android.iptv
media.music.musicplayer.mp3player
com.video.movie.downloader.saver.videodownloader
mobidev.apps.vd
com.bubblesoft.android.bubbleupnp
com.zgz.supervideo
com.photo.videos.slideshow.music
com.photovideomakerapp.createstorytoshare
com.mediallc.watch.movies.online.free
com.bpva.video.player.free
co.we.torrent
videoslideshow.photoedit.videocutter
com.yunyi.smartcamera
com.netviewtech
com.intrusoft.vrplayer
com.aesoftware.tubio
com.ivideon.client
com.video.stopad
