com.home.weather.radar
com.weather.Weather
de.wetteronline.wetterapp
com.handmark.expressweather
com.jrustonapps.myearthquakealerts
com.aws.android
com.graph.weather.forecast.channel
com.accuweather.android
com.weather.forecast.weatherchannel
com.acmeaom.android.myradar
mobi.infolife.ezweather.widget.accurate.weather.report
com.apalon.weatherradar.free
com.chanel.weather.forecast.accu
net.darksky.darksky
com.accurate.live.weather.forecast
com.nice.accurate.weather
com.wunderground.android.weather
tools.weather.forecast
com.weawow
mobi.infolife.ezweather.widget.weatherandclock.roi
com.tohsoft.weather.radar.widget
com.weatherapp.goradar
mobi.infolife.ezweather.widget.weather.location.app
com.apalon.weatherlive.free
com.williamking.whattheforecast
com.droid27.transparentclockweather
weather.forecast.alerts.widget
com.channel.weather.forecast
com.weather.live.app.forecast.channel
mobi.infolife.ezweather.widget.accurate.weather.report.roi
com.windyty.android
com.jrustonapps.mymoonphase
aplicacion.tiempo
com.wish8tv.android.weatherapp
tools.radar.weather.forecast.studio
com.usnaviguide.radar_now
com.perfectly.tool.apps.weather
mobi.infolife.ezweather.widget.ripple2
asav.roomtemprature
weather.forecast.storm.radar
amuseworks.thermometer
com.yahoo.mobile.client.android.weather
com.healthyeveryday.thermometer
com.weather.weatherforcast.aleart.widget
ua.com.advertikon.aweather
com.probadosoft.moonphasecalendar
com.lacrosseview.app
com.jndwork.weather.forecast.channel.accurateweather.widget
com.airvisual
com.meteo.weather.forecast.radar.v2
com.devexpert.weather
com.twc.radar
com.nstudio.weatherhere.free
com.voyagegames.weatherroute
mobi.infolife.ezweather.livewallpaper.wealwp.channel.forecast.radar
com.droid27.senseflipclockweather
mobi.infolife.ezweather.widget.radar.weatherforecast
co.windyapp.android
com.realtimeforecast.weather
pl.lawiusz.funnyweather.release
us.B3S.Thermometer
mobi.infolife.ezweather.widget.g23n1
com.druryoutdoors.deercast.app
gov.fema.mobile.android
appyweather.appyweather
mobi.infolife.ezweather.widget.weather.alarmclock
com.lifeoverflow.app.weather
com.developer.gavinejoyce.quakereport
weather.forecast.alert.storm.radar
com.rsoftr.android.earthquakestracker.add
org.emsc_csem.lastquake
me.tidesnear.free
weather.widget.report
com.appdlab.radarexpress
com.aws.android.tsunami
com.universetoday.moon.free
com.weathercreative.weatherkitty
com.weathercreative.weatherpuppy
widget.dd.com.overdrop.free
weather.forecast.barometer.storm.radar
mobi.infolife.ezweather.widget.storm
com.wcyb.android.weather
net.ambientweather.dashboard
mobi.infolife.ezweather.widget.weather.galaxy.widget
com.cube.arc.efa
com.opensnow.android
com.tregware.radar
com.weatherport.android
mobi.lockdown.weather
com.uavforecast
jp.miyavi.androiod.gnws
ca.datamagic.noaaweatherwidget
com.ziojean.weather
com.studioeleven.windfinder
weather.forecast.radar.meteo.weadile
com.localweatherfree.android
com.jrustonapps.myauroraforecast
com.mesaureambienttemperature.thermometerapps
com.icereportsoftware.icereport
com.boatus.boatusapp
com.briteapps.ozquake
com.planemedia.android.navmonster
com.jrustonapps.mytidetimes
com.macropinch.swan
com.baynews9.baynews9plus
de.mdiener.rain.usa
com.zizmos.equake
com.tct.weather
ah.creativecodeapps.tiempo
alert.storm.radar.weather.forecast
com.weatherteam.rainy.forecast.radar.widgets
ru.bastion7.livewallpapers
com.dtston.ambienttoolplus
com.top.weather.forecast.accu
ffz.com.barometerprofree
com.skireport
net.oneplus.weather
com.accurate.weather.forecast.radar
mobi.infolife.ezweather.widget.flipclockandweather1
com.pfoc.myacurite
com.waga.android.weather
bhmedia.moonphasecalendar
comw.weatherstate.provider
com.weathercreative.grumpycatweather
com.Elecont.WeatherClock.free
com.tvalabama.android.weather
com.SeventhGear.tides
com.bvl.weatherapp
com.wwsb.android.weather
com.grailr.carrotweather
com.surfline.android
com.kytv.android.weather
com.cmgdigital.android.wsbweather
com.gau.go.launcherex.gowidget.weatherwidget
mobi.infolife.ezweather.widget.rainy.new2018
mobi.infolife.ezweather.widget.glass
com.wbrc.android.weather
mobi.infolife.ezweather.widget.weatherchannel.wetteronline
com.exovoid.weather.app
com.pelmorex.WeatherEyeAndroid
pandamonium.noaaweather
com.limate.weather
com.wdtinc.android.stormshield
com.kdfw.android.weather
com.wwbt.android.weather
com.wvue.android.weather
com.weatherteam.dailyweather.forecast
mobi.infolife.ezweather.widget.weather.hurricane
com.jndwork.weather.forecast.channel.dailyforecast.liveradarmaps
com.droidteam.weather
com.wtvt.android.weather
rose.myradar.live
yo.app.free
mobi.infolife.ezweather.livewallpaper.wealwp.weatherforecast.realtime
com.xmapps.live.weather.forecast
cz.ackee.ventusky
com.accurate_weather.best_weather_forecast
com.dailyforecast.weather
com.droid27.digitalclockweather
com.ntech.weather.live.forecast.clock.widget
weather.forecast.live.weather
com.digcy.pilot
com.tplink.weather
com.brandishapps.roomtemperature
com.pocketools.weatherforecast
com.macca895.sunriise
com.cmgdigital.android.whbqweather
com.wjbk.android.weather
mobi.infolife.ezweather.widget.rainy
com.maryuvarova1.goweather
com.predictwind.mobile.android
com.microsoft.amp.apps.bingweather
mobi.infolife.ezweather.widget.giant_ic
com.driveweather
com.forecast.daiweather
com.wlbt.android.weather
com.anddoes.apex.weather
com.waff.android.weather
com.kmsp.android.weather
com.cmgdigital.android.whioweather
com.cube.arc.hzd
net.hubalek.android.apps.barometer
com.topapp.fishingcalendarlt
com.komidee.earthquakeapp
com.anapaapps.android.windcompass
mobi.infolife.ezweather.widget.weather.location.app.roi
com.mytowntonight.aviationweather
com.news13.news13plus
weather.forecast.widget.weatherandclock
mobi.infolife.ezweather.widget.batteryandclock
mobi.infolife.ezweather.widget.g23n8
wangdaye.com.geometricweather
com.fxwill.simplemoonphasecalendar
com.vvse.lunasolcal
com.bisoft.live.weather
com.mengineering.sismografo_adv
com.phonegap.MSWMobile
com.wbtv.android.weather
com.cmgdigital.android.wfxtweather
com.ghvandoorn.Raindar
